Archive member included to satisfy reference by file (symbol)

C:/ST/STM32CubeIDE_1.9.0/STM32CubeIDE/plugins/com.st.stm32cube.ide.mcu.externaltools.gnu-tools-for-stm32.11.3.rel1.win32_1.1.0.202305231506/tools/bin/../lib/gcc/arm-none-eabi/11.3.1/../../../../arm-none-eabi/lib/thumb/v7e-m+fp/hard\libc_nano.a(libc_a-exit.o)
                              C:/ST/STM32CubeIDE_1.9.0/STM32CubeIDE/plugins/com.st.stm32cube.ide.mcu.externaltools.gnu-tools-for-stm32.11.3.rel1.win32_1.1.0.202305231506/tools/bin/../lib/gcc/arm-none-eabi/11.3.1/../../../../arm-none-eabi/lib/thumb/v7e-m+fp/hard/crt0.o (exit)
C:/ST/STM32CubeIDE_1.9.0/STM32CubeIDE/plugins/com.st.stm32cube.ide.mcu.externaltools.gnu-tools-for-stm32.11.3.rel1.win32_1.1.0.202305231506/tools/bin/../lib/gcc/arm-none-eabi/11.3.1/../../../../arm-none-eabi/lib/thumb/v7e-m+fp/hard\libc_nano.a(libc_a-findfp.o)
                              C:/ST/STM32CubeIDE_1.9.0/STM32CubeIDE/plugins/com.st.stm32cube.ide.mcu.externaltools.gnu-tools-for-stm32.11.3.rel1.win32_1.1.0.202305231506/tools/bin/../lib/gcc/arm-none-eabi/11.3.1/../../../../arm-none-eabi/lib/thumb/v7e-m+fp/hard\libc_nano.a(libc_a-exit.o) (__stdio_exit_handler)
C:/ST/STM32CubeIDE_1.9.0/STM32CubeIDE/plugins/com.st.stm32cube.ide.mcu.externaltools.gnu-tools-for-stm32.11.3.rel1.win32_1.1.0.202305231506/tools/bin/../lib/gcc/arm-none-eabi/11.3.1/../../../../arm-none-eabi/lib/thumb/v7e-m+fp/hard\libc_nano.a(libc_a-fwalk.o)
                              C:/ST/STM32CubeIDE_1.9.0/STM32CubeIDE/plugins/com.st.stm32cube.ide.mcu.externaltools.gnu-tools-for-stm32.11.3.rel1.win32_1.1.0.202305231506/tools/bin/../lib/gcc/arm-none-eabi/11.3.1/../../../../arm-none-eabi/lib/thumb/v7e-m+fp/hard\libc_nano.a(libc_a-findfp.o) (_fwalk_sglue)
C:/ST/STM32CubeIDE_1.9.0/STM32CubeIDE/plugins/com.st.stm32cube.ide.mcu.externaltools.gnu-tools-for-stm32.11.3.rel1.win32_1.1.0.202305231506/tools/bin/../lib/gcc/arm-none-eabi/11.3.1/../../../../arm-none-eabi/lib/thumb/v7e-m+fp/hard\libc_nano.a(libc_a-stdio.o)
                              C:/ST/STM32CubeIDE_1.9.0/STM32CubeIDE/plugins/com.st.stm32cube.ide.mcu.externaltools.gnu-tools-for-stm32.11.3.rel1.win32_1.1.0.202305231506/tools/bin/../lib/gcc/arm-none-eabi/11.3.1/../../../../arm-none-eabi/lib/thumb/v7e-m+fp/hard\libc_nano.a(libc_a-findfp.o) (__sread)
C:/ST/STM32CubeIDE_1.9.0/STM32CubeIDE/plugins/com.st.stm32cube.ide.mcu.externaltools.gnu-tools-for-stm32.11.3.rel1.win32_1.1.0.202305231506/tools/bin/../lib/gcc/arm-none-eabi/11.3.1/../../../../arm-none-eabi/lib/thumb/v7e-m+fp/hard\libc_nano.a(libc_a-memset.o)
                              C:/ST/STM32CubeIDE_1.9.0/STM32CubeIDE/plugins/com.st.stm32cube.ide.mcu.externaltools.gnu-tools-for-stm32.11.3.rel1.win32_1.1.0.202305231506/tools/bin/../lib/gcc/arm-none-eabi/11.3.1/../../../../arm-none-eabi/lib/thumb/v7e-m+fp/hard/crt0.o (memset)
C:/ST/STM32CubeIDE_1.9.0/STM32CubeIDE/plugins/com.st.stm32cube.ide.mcu.externaltools.gnu-tools-for-stm32.11.3.rel1.win32_1.1.0.202305231506/tools/bin/../lib/gcc/arm-none-eabi/11.3.1/../../../../arm-none-eabi/lib/thumb/v7e-m+fp/hard\libc_nano.a(libc_a-closer.o)
                              C:/ST/STM32CubeIDE_1.9.0/STM32CubeIDE/plugins/com.st.stm32cube.ide.mcu.externaltools.gnu-tools-for-stm32.11.3.rel1.win32_1.1.0.202305231506/tools/bin/../lib/gcc/arm-none-eabi/11.3.1/../../../../arm-none-eabi/lib/thumb/v7e-m+fp/hard\libc_nano.a(libc_a-stdio.o) (_close_r)
C:/ST/STM32CubeIDE_1.9.0/STM32CubeIDE/plugins/com.st.stm32cube.ide.mcu.externaltools.gnu-tools-for-stm32.11.3.rel1.win32_1.1.0.202305231506/tools/bin/../lib/gcc/arm-none-eabi/11.3.1/../../../../arm-none-eabi/lib/thumb/v7e-m+fp/hard\libc_nano.a(libc_a-reent.o)
                              C:/ST/STM32CubeIDE_1.9.0/STM32CubeIDE/plugins/com.st.stm32cube.ide.mcu.externaltools.gnu-tools-for-stm32.11.3.rel1.win32_1.1.0.202305231506/tools/bin/../lib/gcc/arm-none-eabi/11.3.1/../../../../arm-none-eabi/lib/thumb/v7e-m+fp/hard\libc_nano.a(libc_a-closer.o) (errno)
C:/ST/STM32CubeIDE_1.9.0/STM32CubeIDE/plugins/com.st.stm32cube.ide.mcu.externaltools.gnu-tools-for-stm32.11.3.rel1.win32_1.1.0.202305231506/tools/bin/../lib/gcc/arm-none-eabi/11.3.1/../../../../arm-none-eabi/lib/thumb/v7e-m+fp/hard\libc_nano.a(libc_a-impure.o)
                              C:/ST/STM32CubeIDE_1.9.0/STM32CubeIDE/plugins/com.st.stm32cube.ide.mcu.externaltools.gnu-tools-for-stm32.11.3.rel1.win32_1.1.0.202305231506/tools/bin/../lib/gcc/arm-none-eabi/11.3.1/../../../../arm-none-eabi/lib/thumb/v7e-m+fp/hard\libc_nano.a(libc_a-reent.o) (_impure_ptr)
C:/ST/STM32CubeIDE_1.9.0/STM32CubeIDE/plugins/com.st.stm32cube.ide.mcu.externaltools.gnu-tools-for-stm32.11.3.rel1.win32_1.1.0.202305231506/tools/bin/../lib/gcc/arm-none-eabi/11.3.1/../../../../arm-none-eabi/lib/thumb/v7e-m+fp/hard\libc_nano.a(libc_a-lseekr.o)
[...]
Memory Configuration

Name             Origin             Length             Attributes
RAM              0x0000000020000000 0x0000000000008000 xrw
FLASH            0x0000000008000000 0x0000000000020000 xr
*default*        0x0000000000000000 0xffffffffffffffff

Linker script and memory map

LOAD C:/ST/STM32CubeIDE_1.9.0/STM32CubeIDE/plugins/com.st.stm32cube.ide.mcu.externaltools.gnu-tools-for-stm32.11.3.rel1.win32_1.1.0.202305231506/tools/bin/../lib/gcc/arm-none-eabi/11.3.1/thumb/v7e-m+fp/hard/crti.o
LOAD C:/ST/STM32CubeIDE_1.9.0/STM32CubeIDE/plugins/com.st.stm32cube.ide.mcu.externaltools.gnu-tools-for-stm32.11.3.rel1.win32_1.1.0.202305231506/tools/bin/../lib/gcc/arm-none-eabi/11.3.1/thumb/v7e-m+fp/hard/crtbegin.o
LOAD C:/ST/STM32CubeIDE_1.9.0/STM32CubeIDE/plugins/com.st.stm32cube.ide.mcu.externaltools.gnu-tools-for-stm32.11.3.rel1.win32_1.1.0.202305231506/tools/bin/../lib/gcc/arm-none-eabi/11.3.1/../../../../arm-none-eabi/lib/thumb/v7e-m+fp/hard/crt0.o
LOAD ./Core/Src/MotorCtrl.o
LOAD ./Core/Src/can_usb.o
LOAD ./Core/Src/led.o
LOAD ./Core/Src/main.o
LOAD ./Core/Src/stm32f3xx_hal_msp.o
LOAD ./Core/Src/stm32f3xx_it.o
LOAD ./Core/Src/syscalls.o
LOAD ./Core/Src/sysmem.o
LOAD ./Core/Src/system_stm32f3xx.o
LOAD ./Core/Src/usbcan_main.o
LOAD ./Core/Src/user_if.o
LOAD ./Core/Startup/startup_stm32f302cbtx.o
LOAD ./Drivers/STM32F3xx_HAL_Driver/Src/stm32f3xx_hal.o
LOAD ./Drivers/STM32F3xx_HAL_Driver/Src/stm32f3xx_hal_can.o
LOAD ./Drivers/STM32F3xx_HAL_Driver/Src/stm32f3xx_hal_cortex.o
LOAD ./Drivers/STM32F3xx_HAL_Driver/Src/stm32f3xx_hal_dma.o
LOAD ./Drivers/STM32F3xx_HAL_Driver/Src/stm32f3xx_hal_exti.o
LOAD ./Drivers/STM32F3xx_HAL_Driver/Src/stm32f3xx_hal_flash.o
LOAD ./Drivers/STM32F3xx_HAL_Driver/Src/stm32f3xx_hal_flash_ex.o
LOAD ./Drivers/STM32F3xx_HAL_Driver/Src/stm32f3xx_hal_gpio.o
LOAD ./Drivers/STM32F3xx_HAL_Driver/Src/stm32f3xx_hal_i2c.o
LOAD ./Drivers/STM32F3xx_HAL_Driver/Src/stm32f3xx_hal_i2c_ex.o
LOAD ./Drivers/STM32F3xx_HAL_Driver/Src/stm32f3xx_hal_pcd.o
LOAD ./Drivers/STM32F3xx_HAL_Driver/Src/stm32f3xx_hal_pcd_ex.o
LOAD ./Drivers/STM32F3xx_HAL_Driver/Src/stm32f3xx_hal_pwr.o
LOAD ./Drivers/STM32F3xx_HAL_Driver/Src/stm32f3xx_hal_pwr_ex.o
LOAD ./Drivers/STM32F3xx_HAL_Driver/Src/stm32f3xx_hal_rcc.o
LOAD ./Drivers/STM32F3xx_HAL_Driver/Src/stm32f3xx_hal_rcc_ex.o
LOAD ./Drivers/STM32F3xx_HAL_Driver/Src/stm32f3xx_hal_tim.o
LOAD ./Drivers/STM32F3xx_HAL_Driver/Src/stm32f3xx_hal_tim_ex.o
LOAD ./Drivers/STM32F3xx_HAL_Driver/Src/stm32f3xx_ll_usb.o
LOAD ./Middlewares/ST/STM32_USB_Device_Library/Class/CDC/Src/usbd_cdc.o
LOAD ./Middlewares/ST/STM32_USB_Device_Library/Core/Src/usbd_core.o
LOAD ./Middlewares/ST/STM32_USB_Device_Library/Core/Src/usbd_ctlreq.o
LOAD ./Middlewares/ST/STM32_USB_Device_Library/Core/Src/usbd_ioreq.o
LOAD ./USB_DEVICE/App/usb_device.o
LOAD ./USB_DEVICE/App/usbd_cdc_if.o
LOAD ./USB_DEVICE/App/usbd_desc.o
LOAD ./USB_DEVICE/Target/usbd_conf.o
START GROUP
LOAD C:/ST/STM32CubeIDE_1.9.0/STM32CubeIDE/plugins/com.st.stm32cube.ide.mcu.externaltools.gnu-tools-for-stm32.11.3.rel1.win32_1.1.0.202305231506/tools/bin/../lib/gcc/arm-none-eabi/11.3.1/../../../../arm-none-eabi/lib/thumb/v7e-m+fp/hard\libstdc++_nano.a
LOAD C:/ST/STM32CubeIDE_1.9.0/STM32CubeIDE/plugins/com.st.stm32cube.ide.mcu.externaltools.gnu-tools-for-stm32.11.3.rel1.win32_1.1.0.202305231506/tools/bin/../lib/gcc/arm-none-eabi/11.3.1/../../../../arm-none-eabi/lib/thumb/v7e-m+fp/hard\libsupc++_nano.a
END GROUP
LOAD C:/ST/STM32CubeIDE_1.9.0/STM32CubeIDE/plugins/com.st.stm32cube.ide.mcu.externaltools.gnu-tools-for-stm32.11.3.rel1.win32_1.1.0.202305231506/tools/bin/../lib/gcc/arm-none-eabi/11.3.1/../../../../arm-none-eabi/lib/thumb/v7e-m+fp/hard\libstdc++_nano.a
LOAD C:/ST/STM32CubeIDE_1.9.0/STM32CubeIDE/plugins/com.st.stm32cube.ide.mcu.externaltools.gnu-tools-for-stm32.11.3.rel1.win32_1.1.0.202305231506/tools/bin/../lib/gcc/arm-none-eabi/11.3.1/../../../../arm-none-eabi/lib/thumb/v7e-m+fp/hard\libm.a
LOAD C:/ST/STM32CubeIDE_1.9.0/STM32CubeIDE/plugins/com.st.stm32cube.ide.mcu.externaltools.gnu-tools-for-stm32.11.3.rel1.win32_1.1.0.202305231506/tools/bin/../lib/gcc/arm-none-eabi/11.3.1/../../../../arm-none-eabi/lib/thumb/v7e-m+fp/hard\libc_nano.a
START GROUP
LOAD C:/ST/STM32CubeIDE_1.9.0/STM32CubeIDE/plugins/com.st.stm32cube.ide.mcu.externaltools.gnu-tools-for-stm32.11.3.rel1.win32_1.1.0.202305231506/tools/bin/../lib/gcc/arm-none-eabi/11.3.1/thumb/v7e-m+fp/hard\libgcc.a
LOAD C:/ST/STM32CubeIDE_1.9.0/STM32CubeIDE/plugins/com.st.stm32cube.ide.mcu.externaltools.gnu-tools-for-stm32.11.3.rel1.win32_1.1.0.202305231506/tools/bin/../lib/gcc/arm-none-eabi/11.3.1/../../../../arm-none-eabi/lib/thumb/v7e-m+fp/hard\libc_nano.a
END GROUP
START GROUP
LOAD C:/ST/STM32CubeIDE_1.9.0/STM32CubeIDE/plugins/com.st.stm32cube.ide.mcu.externaltools.gnu-tools-for-stm32.11.3.rel1.win32_1.1.0.202305231506/tools/bin/../lib/gcc/arm-none-eabi/11.3.1/thumb/v7e-m+fp/hard\libgcc.a
LOAD C:/ST/STM32CubeIDE_1.9.0/STM32CubeIDE/plugins/com.st.stm32cube.ide.mcu.externaltools.gnu-tools-for-stm32.11.3.rel1.win32_1.1.0.202305231506/tools/bin/../lib/gcc/arm-none-eabi/11.3.1/../../../../arm-none-eabi/lib/thumb/v7e-m+fp/hard\libc_nano.a
LOAD C:/ST/STM32CubeIDE_1.9.0/STM32CubeIDE/plugins/com.st.stm32cube.ide.mcu.externaltools.gnu-tools-for-stm32.11.3.rel1.win32_1.1.0.202305231506/tools/bin/../lib/gcc/arm-none-eabi/11.3.1/../../../../arm-none-eabi/lib/thumb/v7e-m+fp/hard\libnosys.a
END GROUP
START GROUP
LOAD C:/ST/STM32CubeIDE_1.9.0/STM32CubeIDE/plugins/com.st.stm32cube.ide.mcu.externaltools.gnu-tools-for-stm32.11.3.rel1.win32_1.1.0.202305231506/tools/bin/../lib/gcc/arm-none-eabi/11.3.1/thumb/v7e-m+fp/hard\libgcc.a
LOAD C:/ST/STM32CubeIDE_1.9.0/STM32CubeIDE/plugins/com.st.stm32cube.ide.mcu.externaltools.gnu-tools-for-stm32.11.3.rel1.win32_1.1.0.202305231506/tools/bin/../lib/gcc/arm-none-eabi/11.3.1/../../../../arm-none-eabi/lib/thumb/v7e-m+fp/hard\libc_nano.a
LOAD C:/ST/STM32CubeIDE_1.9.0/STM32CubeIDE/plugins/com.st.stm32cube.ide.mcu.externaltools.gnu-tools-for-stm32.11.3.rel1.win32_1.1.0.202305231506/tools/bin/../lib/gcc/arm-none-eabi/11.3.1/../../../../arm-none-eabi/lib/thumb/v7e-m+fp/hard\libnosys.a
END GROUP
LOAD C:/ST/STM32CubeIDE_1.9.0/STM32CubeIDE/plugins/com.st.stm32cube.ide.mcu.externaltools.gnu-tools-for-stm32.11.3.rel1.win32_1.1.0.202305231506/tools/bin/../lib/gcc/arm-none-eabi/11.3.1/thumb/v7e-m+fp/hard/crtend.o
LOAD C:/ST/STM32CubeIDE_1.9.0/STM32CubeIDE/plugins/com.st.stm32cube.ide.mcu.externaltools.gnu-tools-for-stm32.11.3.rel1.win32_1.1.0.202305231506/tools/bin/../lib/gcc/arm-none-eabi/11.3.1/thumb/v7e-m+fp/hard/crtn.o
                0x0000000020008000                _estack = (ORIGIN (RAM) + LENGTH (RAM))
                0x0000000000000200                _Min_Heap_Size = 0x200
                0x0000000000000400                _Min_Stack_Size = 0x400

.isr_vector     0x0000000008000000      0x188
                0x0000000008000000                . = ALIGN (0x4)
 *(.isr_vector)
 .isr_vector    0x0000000008000000      0x188 ./Core/Startup/startup_stm32f302cbtx.o
                0x0000000008000000                g_pfnVectors
                0x0000000008000188                . = ALIGN (0x4)

.text           0x0000000008000188     0xc488
                0x0000000008000188                . = ALIGN (0x4)
 *(.text)
 .text          0x0000000008000188       0x40 C:/ST/STM32CubeIDE_1.9.0/STM32CubeIDE/plugins/com.st.stm32cube.ide.mcu.externaltools.gnu-tools-for-stm32.11.3.rel1.win32_1.1.0.202305231506/tools/bin/../lib/gcc/arm-none-eabi/11.3.1/thumb/v7e-m+fp/hard/crtbegin.o
 .text          0x00000000080001c8      0x378 C:/ST/STM32CubeIDE_1.9.0/STM32CubeIDE/plugins/com.st.stm32cube.ide.mcu.externaltools.gnu-tools-for-stm32.11.3.rel1.win32_1.1.0.202305231506/tools/bin/../lib/gcc/arm-none-eabi/11.3.1/thumb/v7e-m+fp/hard\libgcc.a(_arm_addsubdf3.o)
                0x00000000080001c8                __aeabi_drsub
                0x00000000080001d0                __aeabi_dsub
                0x00000000080001d0                __subdf3
                0x00000000080001d4                __aeabi_dadd
                0x00000000080001d4                __adddf3
                0x000000000800044c                __floatunsidf
                0x000000000800044c                __aeabi_ui2d
                0x000000000800046c                __floatsidf
                0x000000000800046c                __aeabi_i2d
                0x0000000008000490                __aeabi_f2d
                0x0000000008000490                __extendsfdf2
                0x00000000080004d4                __floatundidf
                0x00000000080004d4                __aeabi_ul2d
                0x00000000080004e4                __floatdidf
                0x00000000080004e4                __aeabi_l2d
 .text          0x0000000008000540      0x424 C:/ST/STM32CubeIDE_1.9.0/STM32CubeIDE/plugins/com.st.stm32cube.ide.mcu.externaltools.gnu-tools-for-stm32.11.3.rel1.win32_1.1.0.202305231506/tools/bin/../lib/gcc/arm-none-eabi/11.3.1/thumb/v7e-m+fp/hard\libgcc.a(_arm_muldivdf3.o)
                0x0000000008000540                __aeabi_dmul
                0x0000000008000540                __muldf3
                0x0000000008000794                __divdf3
                0x0000000008000794                __aeabi_ddiv
 .text          0x0000000008000964       0xa0 C:/ST/STM32CubeIDE_1.9.0/STM32CubeIDE/plugins/com.st.stm32cube.ide.mcu.externaltools.gnu-tools-for-stm32.11.3.rel1.win32_1.1.0.202305231506/tools/bin/../lib/gcc/arm-none-eabi/11.3.1/thumb/v7e-m+fp/hard\libgcc.a(_arm_truncdfsf2.o)
                0x0000000008000964                __truncdfsf2
                0x0000000008000964                __aeabi_d2f
 *(.text*)
 *fill*         0x0000000008000a04        0x4 
 .text._ZN9MotorCtrl6setAngEtm
                0x0000000008000a08       0x80 ./Core/Src/MotorCtrl.o
                0x0000000008000a08                MotorCtrl::setAng(unsigned short, unsigned long)
 .text._ZN9MotorCtrl6setVelEtm
                0x0000000008000a88       0xbc ./Core/Src/MotorCtrl.o
                0x0000000008000a88                MotorCtrl::setVel(unsigned short, unsigned long)
 .text._ZN9MotorCtrl6setCurEtm
                0x0000000008000b44       0x8a ./Core/Src/MotorCtrl.o
                0x0000000008000b44                MotorCtrl::setCur(unsigned short, unsigned long)
 *fill*         0x0000000008000bce        0x2 
 .text._ZN9MotorCtrl6updateEmPh
                0x0000000008000bd0      0x654 ./Core/Src/MotorCtrl.o
                0x0000000008000bd0                MotorCtrl::update(unsigned long, unsigned char*)
 .text._ZN9MotorCtrl5resetEh
                0x0000000008001224       0x8a ./Core/Src/MotorCtrl.o
                0x0000000008001224                MotorCtrl::reset(unsigned char)
 .text._ZN9MotorCtrl7setModeEPh
                0x00000000080012ae       0xe0 ./Core/Src/MotorCtrl.o
                0x00000000080012ae                MotorCtrl::setMode(unsigned char*)
 .text._ZN9MotorCtrl12setLimitTempEPh
                0x000000000800138e       0x40 ./Core/Src/MotorCtrl.o
                0x000000000800138e                MotorCtrl::setLimitTemp(unsigned char*)
 .text._ZN9MotorCtrl9setTargetEPh
                0x00000000080013ce       0x76 ./Core/Src/MotorCtrl.o
                0x00000000080013ce                MotorCtrl::setTarget(unsigned char*)
 .text._ZN9MotorCtrl5setKpEPh
                0x0000000008001444       0x76 ./Core/Src/MotorCtrl.o
                0x0000000008001444                MotorCtrl::setKp(unsigned char*)
 .text._ZN9MotorCtrl5setKiEPh
                0x00000000080014ba       0x76 ./Core/Src/MotorCtrl.o
                0x00000000080014ba                MotorCtrl::setKi(unsigned char*)
 .text._ZN9MotorCtrl5setKdEPh
                0x0000000008001530       0x76 ./Core/Src/MotorCtrl.o
                0x0000000008001530                MotorCtrl::setKd(unsigned char*)
 .text._ZN9MotorCtrl10setLimitIeEPh
                0x00000000080015a6       0x76 ./Core/Src/MotorCtrl.o
                0x00000000080015a6                MotorCtrl::setLimitIe(unsigned char*)
 .text._Z11changeValuef
                0x000000000800161c       0xb4 ./Core/Src/MotorCtrl.o
                0x000000000800161c                changeValue(float)
 .text._ZN9MotorCtrl9transmit1Ev
                0x00000000080016d0       0xf0 ./Core/Src/MotorCtrl.o
                0x00000000080016d0                MotorCtrl::transmit1()
 .text._ZN9MotorCtrl9transmit2Ev
                0x00000000080017c0       0xf8 ./Core/Src/MotorCtrl.o
                0x00000000080017c0                MotorCtrl::transmit2()
 .text._ZN9MotorCtrl3emsEv
                0x00000000080018b8       0x54 ./Core/Src/MotorCtrl.o
                0x00000000080018b8                MotorCtrl::ems()
 .text.cobs_encode
                0x000000000800190c       0x7c ./Core/Src/can_usb.o
                0x000000000800190c                cobs_encode
 .text.usb_process
                0x0000000008001988       0x54 ./Core/Src/can_usb.o
                0x0000000008001988                usb_process
 .text.can_process
                0x00000000080019dc       0xec ./Core/Src/can_usb.o
                0x00000000080019dc                can_process
 .text._Z10usb_to_canPhh
                0x0000000008001ac8       0xe4 ./Core/Src/can_usb.o
                0x0000000008001ac8                usb_to_can(unsigned char*, unsigned char)
 .text._Z10robomasterPhh
                0x0000000008001bac       0x90 ./Core/Src/can_usb.o
                0x0000000008001bac                robomaster(unsigned char*, unsigned char)
 .text.led_on   0x0000000008001c3c       0x64 ./Core/Src/led.o
                0x0000000008001c3c                led_on
 .text.led_process
                0x0000000008001ca0       0x7c ./Core/Src/led.o
                0x0000000008001ca0                led_process
 .text.main     0x0000000008001d1c       0x90 ./Core/Src/main.o
                0x0000000008001d1c                main
 .text.SystemClock_Config
                0x0000000008001dac       0xb6 ./Core/Src/main.o
                0x0000000008001dac                SystemClock_Config
 *fill*         0x0000000008001e62        0x2 
 .text.MX_CAN_Init
                0x0000000008001e64       0x6c ./Core/Src/main.o
 .text.MX_TIM3_Init
                0x0000000008001ed0       0xe8 ./Core/Src/main.o
 .text.MX_GPIO_Init
                0x0000000008001fb8       0xf0 ./Core/Src/main.o
 .text.Error_Handler
                0x00000000080020a8       0x18 ./Core/Src/main.o
                0x00000000080020a8                Error_Handler
 .text.HAL_MspInit
                0x00000000080020c0       0x48 ./Core/Src/stm32f3xx_hal_msp.o
                0x00000000080020c0                HAL_MspInit
 .text.HAL_CAN_MspInit
                0x0000000008002108       0x98 ./Core/Src/stm32f3xx_hal_msp.o
                0x0000000008002108                HAL_CAN_MspInit
 .text.HAL_TIM_Base_MspInit
                0x00000000080021a0       0x4c ./Core/Src/stm32f3xx_hal_msp.o
                0x00000000080021a0                HAL_TIM_Base_MspInit
 .text.NMI_Handler
                0x00000000080021ec        0x6 ./Core/Src/stm32f3xx_it.o
                0x00000000080021ec                NMI_Handler
 .text.HardFault_Handler
                0x00000000080021f2        0x6 ./Core/Src/stm32f3xx_it.o
                0x00000000080021f2                HardFault_Handler
 .text.MemManage_Handler
                0x00000000080021f8        0x6 ./Core/Src/stm32f3xx_it.o
                0x00000000080021f8                MemManage_Handler
 .text.BusFault_Handler
                0x00000000080021fe        0x6 ./Core/Src/stm32f3xx_it.o
                0x00000000080021fe                BusFault_Handler
 .text.UsageFault_Handler
                0x0000000008002204        0x6 ./Core/Src/stm32f3xx_it.o
                0x0000000008002204                UsageFault_Handler
 .text.SVC_Handler
                0x000000000800220a        0xe ./Core/Src/stm32f3xx_it.o
                0x000000000800220a                SVC_Handler
 .text.DebugMon_Handler
                0x0000000008002218        0xe ./Core/Src/stm32f3xx_it.o
                0x0000000008002218                DebugMon_Handler
 .text.PendSV_Handler
                0x0000000008002226        0xe ./Core/Src/stm32f3xx_it.o
                0x0000000008002226                PendSV_Handler
 .text.SysTick_Handler
                0x0000000008002234        0xc ./Core/Src/stm32f3xx_it.o
                0x0000000008002234                SysTick_Handler
 .text.EXTI1_IRQHandler
                0x0000000008002240        0xe ./Core/Src/stm32f3xx_it.o
                0x0000000008002240                EXTI1_IRQHandler
 *fill*         0x000000000800224e        0x2 
 .text.USB_LP_CAN_RX0_IRQHandler
                0x0000000008002250       0x14 ./Core/Src/stm32f3xx_it.o
                0x0000000008002250                USB_LP_CAN_RX0_IRQHandler
 .text.TIM3_IRQHandler
                0x0000000008002264       0x14 ./Core/Src/stm32f3xx_it.o
                0x0000000008002264                TIM3_IRQHandler
 .text.USB_LP_IRQHandler
                0x0000000008002278       0x14 ./Core/Src/stm32f3xx_it.o
                0x0000000008002278                USB_LP_IRQHandler
 .text.SystemInit
                0x000000000800228c       0x24 ./Core/Src/system_stm32f3xx.o
                0x000000000800228c                SystemInit
 .text._ZN10MotorParamC2Ev
                0x00000000080022b0      0x100 ./Core/Src/usbcan_main.o
                0x00000000080022b0                MotorParam::MotorParam()
                0x00000000080022b0                MotorParam::MotorParam()
 .text._ZN9MotorCtrlC2Ev
                0x00000000080023b0       0x2c ./Core/Src/usbcan_main.o
                0x00000000080023b0                MotorCtrl::MotorCtrl()
                0x00000000080023b0                MotorCtrl::MotorCtrl()
 .text.main_cpp
                0x00000000080023dc      0x114 ./Core/Src/usbcan_main.o
                0x00000000080023dc                main_cpp
 .text._Z41__static_initialization_and_destruction_0ii
                0x00000000080024f0       0x2c ./Core/Src/usbcan_main.o
 .text._GLOBAL__sub_I_motor
                0x000000000800251c       0x10 ./Core/Src/usbcan_main.o
 .text.HAL_CAN_RxFifo0MsgPendingCallback
                0x000000000800252c       0x78 ./Core/Src/user_if.o
                0x000000000800252c                HAL_CAN_RxFifo0MsgPendingCallback
 .text.HAL_GPIO_EXTI_Callback
                0x00000000080025a4       0x54 ./Core/Src/user_if.o
                0x00000000080025a4                HAL_GPIO_EXTI_Callback
 .text.HAL_TIM_PeriodElapsedCallback
                0x00000000080025f8       0x6c ./Core/Src/user_if.o
                0x00000000080025f8                HAL_TIM_PeriodElapsedCallback
 .text.Reset_Handler
                0x0000000008002664       0x50 ./Core/Startup/startup_stm32f302cbtx.o
                0x0000000008002664                Reset_Handler
 .text.Default_Handler
                0x00000000080026b4        0x2 ./Core/Startup/startup_stm32f302cbtx.o
                0x00000000080026b4                RTC_Alarm_IRQHandler
                0x00000000080026b4                TIM1_CC_IRQHandler
                0x00000000080026b4                USB_HP_IRQHandler
                0x00000000080026b4                PVD_IRQHandler
                0x00000000080026b4                TAMP_STAMP_IRQHandler
                0x00000000080026b4                EXTI3_IRQHandler
                0x00000000080026b4                USB_HP_CAN_TX_IRQHandler
                0x00000000080026b4                EXTI0_IRQHandler
                0x00000000080026b4                I2C2_EV_IRQHandler
                0x00000000080026b4                FPU_IRQHandler
                0x00000000080026b4                TIM1_UP_TIM16_IRQHandler
                0x00000000080026b4                ADC1_2_IRQHandler
                0x00000000080026b4                SPI1_IRQHandler
                0x00000000080026b4                CAN_SCE_IRQHandler
                0x00000000080026b4                TIM6_DAC_IRQHandler
                0x00000000080026b4                DMA2_Channel2_IRQHandler
                0x00000000080026b4                DMA1_Channel4_IRQHandler
                0x00000000080026b4                USART3_IRQHandler
                0x00000000080026b4                DMA1_Channel7_IRQHandler
                0x00000000080026b4                UART5_IRQHandler
                0x00000000080026b4                TIM4_IRQHandler
                0x00000000080026b4                CAN_RX1_IRQHandler
                0x00000000080026b4                DMA2_Channel1_IRQHandler
                0x00000000080026b4                I2C1_EV_IRQHandler
                0x00000000080026b4                DMA1_Channel6_IRQHandler
                0x00000000080026b4                UART4_IRQHandler
                0x00000000080026b4                DMA2_Channel4_IRQHandler
                0x00000000080026b4                RCC_IRQHandler
                0x00000000080026b4                DMA1_Channel1_IRQHandler
                0x00000000080026b4                Default_Handler
                0x00000000080026b4                USBWakeUp_RMP_IRQHandler
                0x00000000080026b4                EXTI15_10_IRQHandler
                0x00000000080026b4                EXTI9_5_IRQHandler
                0x00000000080026b4                RTC_WKUP_IRQHandler
                0x00000000080026b4                SPI2_IRQHandler
                0x00000000080026b4                DMA2_Channel5_IRQHandler
                0x00000000080026b4                DMA1_Channel5_IRQHandler
                0x00000000080026b4                EXTI4_IRQHandler
                0x00000000080026b4                COMP1_2_IRQHandler
                0x00000000080026b4                TIM1_TRG_COM_TIM17_IRQHandler
                0x00000000080026b4                DMA1_Channel3_IRQHandler
                0x00000000080026b4                WWDG_IRQHandler
                0x00000000080026b4                TIM2_IRQHandler
                0x00000000080026b4                COMP4_6_IRQHandler
                0x00000000080026b4                USART2_IRQHandler
                0x00000000080026b4                I2C2_ER_IRQHandler
                0x00000000080026b4                DMA1_Channel2_IRQHandler
                0x00000000080026b4                FLASH_IRQHandler
                0x00000000080026b4                USART1_IRQHandler
                0x00000000080026b4                SPI3_IRQHandler
                0x00000000080026b4                I2C1_ER_IRQHandler
                0x00000000080026b4                USBWakeUp_IRQHandler
                0x00000000080026b4                DMA2_Channel3_IRQHandler
                0x00000000080026b4                EXTI2_TSC_IRQHandler
                0x00000000080026b4                TIM1_BRK_TIM15_IRQHandler
 *fill*         0x00000000080026b6        0x2 
 .text.HAL_Init
                0x00000000080026b8       0x2c ./Drivers/STM32F3xx_HAL_Driver/Src/stm32f3xx_hal.o
                0x00000000080026b8                HAL_Init
 .text.HAL_InitTick
                0x00000000080026e4       0x60 ./Drivers/STM32F3xx_HAL_Driver/Src/stm32f3xx_hal.o
                0x00000000080026e4                HAL_InitTick
 .text.HAL_IncTick
                0x0000000008002744       0x28 ./Drivers/STM32F3xx_HAL_Driver/Src/stm32f3xx_hal.o
                0x0000000008002744                HAL_IncTick
 .text.HAL_GetTick
                0x000000000800276c       0x18 ./Drivers/STM32F3xx_HAL_Driver/Src/stm32f3xx_hal.o
                0x000000000800276c                HAL_GetTick
 .text.HAL_CAN_Init
                0x0000000008002784      0x1f6 ./Drivers/STM32F3xx_HAL_Driver/Src/stm32f3xx_hal_can.o
                0x0000000008002784                HAL_CAN_Init
 .text.HAL_CAN_ConfigFilter
                0x000000000800297a      0x194 ./Drivers/STM32F3xx_HAL_Driver/Src/stm32f3xx_hal_can.o
                0x000000000800297a                HAL_CAN_ConfigFilter
 .text.HAL_CAN_Start
                0x0000000008002b0e       0x88 ./Drivers/STM32F3xx_HAL_Driver/Src/stm32f3xx_hal_can.o
                0x0000000008002b0e                HAL_CAN_Start
 .text.HAL_CAN_AddTxMessage
                0x0000000008002b96      0x1a0 ./Drivers/STM32F3xx_HAL_Driver/Src/stm32f3xx_hal_can.o
                0x0000000008002b96                HAL_CAN_AddTxMessage
 .text.HAL_CAN_GetTxMailboxesFreeLevel
                0x0000000008002d36       0x6a ./Drivers/STM32F3xx_HAL_Driver/Src/stm32f3xx_hal_can.o
                0x0000000008002d36                HAL_CAN_GetTxMailboxesFreeLevel
 .text.HAL_CAN_GetRxMessage
                0x0000000008002da0      0x244 ./Drivers/STM32F3xx_HAL_Driver/Src/stm32f3xx_hal_can.o
                0x0000000008002da0                HAL_CAN_GetRxMessage
 .text.HAL_CAN_ActivateNotification
                0x0000000008002fe4       0x4c ./Drivers/STM32F3xx_HAL_Driver/Src/stm32f3xx_hal_can.o
                0x0000000008002fe4                HAL_CAN_ActivateNotification
 .text.HAL_CAN_IRQHandler
                0x0000000008003030      0x36e ./Drivers/STM32F3xx_HAL_Driver/Src/stm32f3xx_hal_can.o
                0x0000000008003030                HAL_CAN_IRQHandler
 .text.HAL_CAN_TxMailbox0CompleteCallback
                0x000000000800339e       0x14 ./Drivers/STM32F3xx_HAL_Driver/Src/stm32f3xx_hal_can.o
                0x000000000800339e                HAL_CAN_TxMailbox0CompleteCallback
 .text.HAL_CAN_TxMailbox1CompleteCallback
                0x00000000080033b2       0x14 ./Drivers/STM32F3xx_HAL_Driver/Src/stm32f3xx_hal_can.o
                0x00000000080033b2                HAL_CAN_TxMailbox1CompleteCallback
 .text.HAL_CAN_TxMailbox2CompleteCallback
                0x00000000080033c6       0x14 ./Drivers/STM32F3xx_HAL_Driver/Src/stm32f3xx_hal_can.o
                0x00000000080033c6                HAL_CAN_TxMailbox2CompleteCallback
 .text.HAL_CAN_TxMailbox0AbortCallback
                0x00000000080033da       0x14 ./Drivers/STM32F3xx_HAL_Driver/Src/stm32f3xx_hal_can.o
                0x00000000080033da                HAL_CAN_TxMailbox0AbortCallback
 .text.HAL_CAN_TxMailbox1AbortCallback
                0x00000000080033ee       0x14 ./Drivers/STM32F3xx_HAL_Driver/Src/stm32f3xx_hal_can.o
                0x00000000080033ee                HAL_CAN_TxMailbox1AbortCallback
 .text.HAL_CAN_TxMailbox2AbortCallback
                0x0000000008003402       0x14 ./Drivers/STM32F3xx_HAL_Driver/Src/stm32f3xx_hal_can.o
                0x0000000008003402                HAL_CAN_TxMailbox2AbortCallback
 .text.HAL_CAN_RxFifo0FullCallback
                0x0000000008003416       0x14 ./Drivers/STM32F3xx_HAL_Driver/Src/stm32f3xx_hal_can.o
                0x0000000008003416                HAL_CAN_RxFifo0FullCallback
 .text.HAL_CAN_RxFifo1MsgPendingCallback
                0x000000000800342a       0x14 ./Drivers/STM32F3xx_HAL_Driver/Src/stm32f3xx_hal_can.o
                0x000000000800342a                HAL_CAN_RxFifo1MsgPendingCallback
 .text.HAL_CAN_RxFifo1FullCallback
                0x000000000800343e       0x14 ./Drivers/STM32F3xx_HAL_Driver/Src/stm32f3xx_hal_can.o
                0x000000000800343e                HAL_CAN_RxFifo1FullCallback
 .text.HAL_CAN_SleepCallback
                0x0000000008003452       0x14 ./Drivers/STM32F3xx_HAL_Driver/Src/stm32f3xx_hal_can.o
                0x0000000008003452                HAL_CAN_SleepCallback
 .text.HAL_CAN_WakeUpFromRxMsgCallback
                0x0000000008003466       0x14 ./Drivers/STM32F3xx_HAL_Driver/Src/stm32f3xx_hal_can.o
                0x0000000008003466                HAL_CAN_WakeUpFromRxMsgCallback
 .text.HAL_CAN_ErrorCallback
                0x000000000800347a       0x14 ./Drivers/STM32F3xx_HAL_Driver/Src/stm32f3xx_hal_can.o
                0x000000000800347a                HAL_CAN_ErrorCallback
 *fill*         0x000000000800348e        0x2 
 .text.__NVIC_SetPriorityGrouping
                0x0000000008003490       0x48 ./Drivers/STM32F3xx_HAL_Driver/Src/stm32f3xx_hal_cortex.o
 .text.__NVIC_GetPriorityGrouping
                0x00000000080034d8       0x1c ./Drivers/STM32F3xx_HAL_Driver/Src/stm32f3xx_hal_cortex.o
 .text.__NVIC_EnableIRQ
                0x00000000080034f4       0x3c ./Drivers/STM32F3xx_HAL_Driver/Src/stm32f3xx_hal_cortex.o
 .text.__NVIC_SetPriority
                0x0000000008003530       0x54 ./Drivers/STM32F3xx_HAL_Driver/Src/stm32f3xx_hal_cortex.o
 .text.NVIC_EncodePriority
                0x0000000008003584       0x66 ./Drivers/STM32F3xx_HAL_Driver/Src/stm32f3xx_hal_cortex.o
 *fill*         0x00000000080035ea        0x2 
 .text.SysTick_Config
                0x00000000080035ec       0x44 ./Drivers/STM32F3xx_HAL_Driver/Src/stm32f3xx_hal_cortex.o
 .text.HAL_NVIC_SetPriorityGrouping
                0x0000000008003630       0x16 ./Drivers/STM32F3xx_HAL_Driver/Src/stm32f3xx_hal_cortex.o
                0x0000000008003630                HAL_NVIC_SetPriorityGrouping
 .text.HAL_NVIC_SetPriority
                0x0000000008003646       0x38 ./Drivers/STM32F3xx_HAL_Driver/Src/stm32f3xx_hal_cortex.o
                0x0000000008003646                HAL_NVIC_SetPriority
 .text.HAL_NVIC_EnableIRQ
                0x000000000800367e       0x1c ./Drivers/STM32F3xx_HAL_Driver/Src/stm32f3xx_hal_cortex.o
                0x000000000800367e                HAL_NVIC_EnableIRQ
 .text.HAL_SYSTICK_Config
                0x000000000800369a       0x18 ./Drivers/STM32F3xx_HAL_Driver/Src/stm32f3xx_hal_cortex.o
                0x000000000800369a                HAL_SYSTICK_Config
 *fill*         0x00000000080036b2        0x2 
 .text.HAL_GPIO_Init
                0x00000000080036b4      0x2f4 ./Drivers/STM32F3xx_HAL_Driver/Src/stm32f3xx_hal_gpio.o
                0x00000000080036b4                HAL_GPIO_Init
 .text.HAL_GPIO_ReadPin
                0x00000000080039a8       0x30 ./Drivers/STM32F3xx_HAL_Driver/Src/stm32f3xx_hal_gpio.o
                0x00000000080039a8                HAL_GPIO_ReadPin
 .text.HAL_GPIO_WritePin
                0x00000000080039d8       0x30 ./Drivers/STM32F3xx_HAL_Driver/Src/stm32f3xx_hal_gpio.o
                0x00000000080039d8                HAL_GPIO_WritePin
 .text.HAL_GPIO_EXTI_IRQHandler
                0x0000000008003a08       0x30 ./Drivers/STM32F3xx_HAL_Driver/Src/stm32f3xx_hal_gpio.o
                0x0000000008003a08                HAL_GPIO_EXTI_IRQHandler
 .text.HAL_PCD_Init
                0x0000000008003a38      0x1a4 ./Drivers/STM32F3xx_HAL_Driver/Src/stm32f3xx_hal_pcd.o
                0x0000000008003a38                HAL_PCD_Init
 .text.HAL_PCD_Start
                0x0000000008003bdc       0x4c ./Drivers/STM32F3xx_HAL_Driver/Src/stm32f3xx_hal_pcd.o
                0x0000000008003bdc                HAL_PCD_Start
 .text.HAL_PCD_IRQHandler
                0x0000000008003c28      0x1a8 ./Drivers/STM32F3xx_HAL_Driver/Src/stm32f3xx_hal_pcd.o
                0x0000000008003c28                HAL_PCD_IRQHandler
 .text.HAL_PCD_SetAddress
                0x0000000008003dd0       0x4a ./Drivers/STM32F3xx_HAL_Driver/Src/stm32f3xx_hal_pcd.o
                0x0000000008003dd0                HAL_PCD_SetAddress
 .text.HAL_PCD_EP_Open
                0x0000000008003e1a       0xba ./Drivers/STM32F3xx_HAL_Driver/Src/stm32f3xx_hal_pcd.o
                0x0000000008003e1a                HAL_PCD_EP_Open
 .text.HAL_PCD_EP_Close
                0x0000000008003ed4       0x90 ./Drivers/STM32F3xx_HAL_Driver/Src/stm32f3xx_hal_pcd.o
                0x0000000008003ed4                HAL_PCD_EP_Close
 .text.HAL_PCD_EP_Receive
                0x0000000008003f64       0x62 ./Drivers/STM32F3xx_HAL_Driver/Src/stm32f3xx_hal_pcd.o
                0x0000000008003f64                HAL_PCD_EP_Receive
 .text.HAL_PCD_EP_GetRxCount
                0x0000000008003fc6       0x30 ./Drivers/STM32F3xx_HAL_Driver/Src/stm32f3xx_hal_pcd.o
                0x0000000008003fc6                HAL_PCD_EP_GetRxCount
 .text.HAL_PCD_EP_Transmit
                0x0000000008003ff6       0x6e ./Drivers/STM32F3xx_HAL_Driver/Src/stm32f3xx_hal_pcd.o
                0x0000000008003ff6                HAL_PCD_EP_Transmit
 .text.HAL_PCD_EP_SetStall
                0x0000000008004064       0xa4 ./Drivers/STM32F3xx_HAL_Driver/Src/stm32f3xx_hal_pcd.o
                0x0000000008004064                HAL_PCD_EP_SetStall
 .text.HAL_PCD_EP_ClrStall
                0x0000000008004108       0xa8 ./Drivers/STM32F3xx_HAL_Driver/Src/stm32f3xx_hal_pcd.o
                0x0000000008004108                HAL_PCD_EP_ClrStall
 .text.PCD_EP_ISR_Handler
                0x00000000080041b0      0x7a6 ./Drivers/STM32F3xx_HAL_Driver/Src/stm32f3xx_hal_pcd.o
 .text.HAL_PCD_EP_DB_Receive
                0x0000000008004956      0x21a ./Drivers/STM32F3xx_HAL_Driver/Src/stm32f3xx_hal_pcd.o
 .text.HAL_PCD_EP_DB_Transmit
                0x0000000008004b70      0x7f4 ./Drivers/STM32F3xx_HAL_Driver/Src/stm32f3xx_hal_pcd.o
 .text.HAL_PCDEx_PMAConfig
                0x0000000008005364       0x86 ./Drivers/STM32F3xx_HAL_Driver/Src/stm32f3xx_hal_pcd_ex.o
                0x0000000008005364                HAL_PCDEx_PMAConfig
 *fill*         0x00000000080053ea        0x2 
 .text.HAL_RCC_OscConfig
                0x00000000080053ec     0x107c ./Drivers/STM32F3xx_HAL_Driver/Src/stm32f3xx_hal_rcc.o
                0x00000000080053ec                HAL_RCC_OscConfig
 .text.HAL_RCC_ClockConfig
                0x0000000008006468      0x2f8 ./Drivers/STM32F3xx_HAL_Driver/Src/stm32f3xx_hal_rcc.o
                0x0000000008006468                HAL_RCC_ClockConfig
 .text.HAL_RCC_GetSysClockFreq
                0x0000000008006760       0xd4 ./Drivers/STM32F3xx_HAL_Driver/Src/stm32f3xx_hal_rcc.o
                0x0000000008006760                HAL_RCC_GetSysClockFreq
 .text.HAL_RCCEx_PeriphCLKConfig
                0x0000000008006834      0x324 ./Drivers/STM32F3xx_HAL_Driver/Src/stm32f3xx_hal_rcc_ex.o
                0x0000000008006834                HAL_RCCEx_PeriphCLKConfig
 .text.HAL_TIM_Base_Init
                0x0000000008006b58       0xae ./Drivers/STM32F3xx_HAL_Driver/Src/stm32f3xx_hal_tim.o
                0x0000000008006b58                HAL_TIM_Base_Init
 *fill*         0x0000000008006c06        0x2 
 .text.HAL_TIM_Base_Start_IT
                0x0000000008006c08       0xc4 ./Drivers/STM32F3xx_HAL_Driver/Src/stm32f3xx_hal_tim.o
                0x0000000008006c08                HAL_TIM_Base_Start_IT
 .text.HAL_TIM_PWM_Init
                0x0000000008006ccc       0xae ./Drivers/STM32F3xx_HAL_Driver/Src/stm32f3xx_hal_tim.o
                0x0000000008006ccc                HAL_TIM_PWM_Init
 .text.HAL_TIM_PWM_MspInit
                0x0000000008006d7a       0x14 ./Drivers/STM32F3xx_HAL_Driver/Src/stm32f3xx_hal_tim.o
                0x0000000008006d7a                HAL_TIM_PWM_MspInit
 .text.HAL_TIM_IRQHandler
                0x0000000008006d8e      0x23e ./Drivers/STM32F3xx_HAL_Driver/Src/stm32f3xx_hal_tim.o
                0x0000000008006d8e                HAL_TIM_IRQHandler
 .text.HAL_TIM_PWM_ConfigChannel
                0x0000000008006fcc      0x228 ./Drivers/STM32F3xx_HAL_Driver/Src/stm32f3xx_hal_tim.o
                0x0000000008006fcc                HAL_TIM_PWM_ConfigChannel
 .text.HAL_TIM_ConfigClockSource
                0x00000000080071f4      0x192 ./Drivers/STM32F3xx_HAL_Driver/Src/stm32f3xx_hal_tim.o
                0x00000000080071f4                HAL_TIM_ConfigClockSource
 .text.HAL_TIM_OC_DelayElapsedCallback
                0x0000000008007386       0x14 ./Drivers/STM32F3xx_HAL_Driver/Src/stm32f3xx_hal_tim.o
                0x0000000008007386                HAL_TIM_OC_DelayElapsedCallback
 .text.HAL_TIM_IC_CaptureCallback
                0x000000000800739a       0x14 ./Drivers/STM32F3xx_HAL_Driver/Src/stm32f3xx_hal_tim.o
                0x000000000800739a                HAL_TIM_IC_CaptureCallback
 .text.HAL_TIM_PWM_PulseFinishedCallback
                0x00000000080073ae       0x14 ./Drivers/STM32F3xx_HAL_Driver/Src/stm32f3xx_hal_tim.o
                0x00000000080073ae                HAL_TIM_PWM_PulseFinishedCallback
 .text.HAL_TIM_TriggerCallback
                0x00000000080073c2       0x14 ./Drivers/STM32F3xx_HAL_Driver/Src/stm32f3xx_hal_tim.o
                0x00000000080073c2                HAL_TIM_TriggerCallback
 *fill*         0x00000000080073d6        0x2 
 .text.TIM_Base_SetConfig
                0x00000000080073d8      0x104 ./Drivers/STM32F3xx_HAL_Driver/Src/stm32f3xx_hal_tim.o
                0x00000000080073d8                TIM_Base_SetConfig
 .text.TIM_OC1_SetConfig
                0x00000000080074dc      0x10c ./Drivers/STM32F3xx_HAL_Driver/Src/stm32f3xx_hal_tim.o
 .text.TIM_OC2_SetConfig
                0x00000000080075e8      0x100 ./Drivers/STM32F3xx_HAL_Driver/Src/stm32f3xx_hal_tim.o
                0x00000000080075e8                TIM_OC2_SetConfig
 .text.TIM_OC3_SetConfig
                0x00000000080076e8       0xfc ./Drivers/STM32F3xx_HAL_Driver/Src/stm32f3xx_hal_tim.o
 .text.TIM_OC4_SetConfig
                0x00000000080077e4       0xc8 ./Drivers/STM32F3xx_HAL_Driver/Src/stm32f3xx_hal_tim.o
 .text.TIM_OC5_SetConfig
                0x00000000080078ac       0xbc ./Drivers/STM32F3xx_HAL_Driver/Src/stm32f3xx_hal_tim.o
 .text.TIM_OC6_SetConfig
                0x0000000008007968       0xc0 ./Drivers/STM32F3xx_HAL_Driver/Src/stm32f3xx_hal_tim.o
 .text.TIM_TI1_ConfigInputStage
                0x0000000008007a28       0x5e ./Drivers/STM32F3xx_HAL_Driver/Src/stm32f3xx_hal_tim.o
 .text.TIM_TI2_ConfigInputStage
                0x0000000008007a86       0x60 ./Drivers/STM32F3xx_HAL_Driver/Src/stm32f3xx_hal_tim.o
 .text.TIM_ITRx_SetConfig
                0x0000000008007ae6       0x36 ./Drivers/STM32F3xx_HAL_Driver/Src/stm32f3xx_hal_tim.o
 .text.TIM_ETR_SetConfig
                0x0000000008007b1c       0x40 ./Drivers/STM32F3xx_HAL_Driver/Src/stm32f3xx_hal_tim.o
                0x0000000008007b1c                TIM_ETR_SetConfig
 .text.HAL_TIMEx_MasterConfigSynchronization
                0x0000000008007b5c       0xe8 ./Drivers/STM32F3xx_HAL_Driver/Src/stm32f3xx_hal_tim_ex.o
                0x0000000008007b5c                HAL_TIMEx_MasterConfigSynchronization
 .text.HAL_TIMEx_CommutCallback
                0x0000000008007c44       0x14 ./Drivers/STM32F3xx_HAL_Driver/Src/stm32f3xx_hal_tim_ex.o
                0x0000000008007c44                HAL_TIMEx_CommutCallback
 .text.HAL_TIMEx_BreakCallback
                0x0000000008007c58       0x14 ./Drivers/STM32F3xx_HAL_Driver/Src/stm32f3xx_hal_tim_ex.o
                0x0000000008007c58                HAL_TIMEx_BreakCallback
 .text.HAL_TIMEx_Break2Callback
                0x0000000008007c6c       0x14 ./Drivers/STM32F3xx_HAL_Driver/Src/stm32f3xx_hal_tim_ex.o
                0x0000000008007c6c                HAL_TIMEx_Break2Callback
 .text.USB_EnableGlobalInt
                0x0000000008007c80       0x2e ./Drivers/STM32F3xx_HAL_Driver/Src/stm32f3xx_ll_usb.o
                0x0000000008007c80                USB_EnableGlobalInt
 .text.USB_DisableGlobalInt
                0x0000000008007cae       0x36 ./Drivers/STM32F3xx_HAL_Driver/Src/stm32f3xx_ll_usb.o
                0x0000000008007cae                USB_DisableGlobalInt
 .text.USB_DevInit
                0x0000000008007ce4       0x42 ./Drivers/STM32F3xx_HAL_Driver/Src/stm32f3xx_ll_usb.o
                0x0000000008007ce4                USB_DevInit
 *fill*         0x0000000008007d26        0x2 
 .text.USB_ActivateEndpoint
                0x0000000008007d28      0x788 ./Drivers/STM32F3xx_HAL_Driver/Src/stm32f3xx_ll_usb.o
                0x0000000008007d28                USB_ActivateEndpoint
 .text.USB_DeactivateEndpoint
                0x00000000080084b0      0x3da ./Drivers/STM32F3xx_HAL_Driver/Src/stm32f3xx_ll_usb.o
                0x00000000080084b0                USB_DeactivateEndpoint
 .text.USB_EPStartXfer
                0x000000000800888a     0x1762 ./Drivers/STM32F3xx_HAL_Driver/Src/stm32f3xx_ll_usb.o
                0x000000000800888a                USB_EPStartXfer
 .text.USB_EPSetStall
                0x0000000008009fec       0xa2 ./Drivers/STM32F3xx_HAL_Driver/Src/stm32f3xx_ll_usb.o
                0x0000000008009fec                USB_EPSetStall
 .text.USB_EPClearStall
                0x000000000800a08e      0x15c ./Drivers/STM32F3xx_HAL_Driver/Src/stm32f3xx_ll_usb.o
                0x000000000800a08e                USB_EPClearStall
 .text.USB_SetDevAddress
                0x000000000800a1ea       0x28 ./Drivers/STM32F3xx_HAL_Driver/Src/stm32f3xx_ll_usb.o
                0x000000000800a1ea                USB_SetDevAddress
 .text.USB_DevConnect
                0x000000000800a212       0x16 ./Drivers/STM32F3xx_HAL_Driver/Src/stm32f3xx_ll_usb.o
                0x000000000800a212                USB_DevConnect
 .text.USB_ReadInterrupts
                0x000000000800a228       0x20 ./Drivers/STM32F3xx_HAL_Driver/Src/stm32f3xx_ll_usb.o
                0x000000000800a228                USB_ReadInterrupts
 .text.USB_WritePMA
                0x000000000800a248       0x8c ./Drivers/STM32F3xx_HAL_Driver/Src/stm32f3xx_ll_usb.o
                0x000000000800a248                USB_WritePMA
 .text.USB_ReadPMA
                0x000000000800a2d4       0xa0 ./Drivers/STM32F3xx_HAL_Driver/Src/stm32f3xx_ll_usb.o
                0x000000000800a2d4                USB_ReadPMA
 .text.USBD_CDC_Init
                0x000000000800a374       0xf4 ./Middlewares/ST/STM32_USB_Device_Library/Class/CDC/Src/usbd_cdc.o
 .text.USBD_CDC_DeInit
                0x000000000800a468       0x6e ./Middlewares/ST/STM32_USB_Device_Library/Class/CDC/Src/usbd_cdc.o
 .text.USBD_CDC_Setup
                0x000000000800a4d6      0x146 ./Middlewares/ST/STM32_USB_Device_Library/Class/CDC/Src/usbd_cdc.o
 .text.USBD_CDC_DataIn
                0x000000000800a61c       0xa6 ./Middlewares/ST/STM32_USB_Device_Library/Class/CDC/Src/usbd_cdc.o
 .text.USBD_CDC_DataOut
                0x000000000800a6c2       0x56 ./Middlewares/ST/STM32_USB_Device_Library/Class/CDC/Src/usbd_cdc.o
 .text.USBD_CDC_EP0_RxReady
                0x000000000800a718       0x50 ./Middlewares/ST/STM32_USB_Device_Library/Class/CDC/Src/usbd_cdc.o
 .text.USBD_CDC_GetFSCfgDesc
                0x000000000800a768       0x20 ./Middlewares/ST/STM32_USB_Device_Library/Class/CDC/Src/usbd_cdc.o
 .text.USBD_CDC_GetHSCfgDesc
                0x000000000800a788       0x20 ./Middlewares/ST/STM32_USB_Device_Library/Class/CDC/Src/usbd_cdc.o
 .text.USBD_CDC_GetOtherSpeedCfgDesc
                0x000000000800a7a8       0x20 ./Middlewares/ST/STM32_USB_Device_Library/Class/CDC/Src/usbd_cdc.o
 .text.USBD_CDC_GetDeviceQualifierDescriptor
                0x000000000800a7c8       0x20 ./Middlewares/ST/STM32_USB_Device_Library/Class/CDC/Src/usbd_cdc.o
                0x000000000800a7c8                USBD_CDC_GetDeviceQualifierDescriptor
 .text.USBD_CDC_RegisterInterface
                0x000000000800a7e8       0x2e ./Middlewares/ST/STM32_USB_Device_Library/Class/CDC/Src/usbd_cdc.o
                0x000000000800a7e8                USBD_CDC_RegisterInterface
 .text.USBD_CDC_SetTxBuffer
                0x000000000800a816       0x34 ./Middlewares/ST/STM32_USB_Device_Library/Class/CDC/Src/usbd_cdc.o
                0x000000000800a816                USBD_CDC_SetTxBuffer
 .text.USBD_CDC_SetRxBuffer
                0x000000000800a84a       0x28 ./Middlewares/ST/STM32_USB_Device_Library/Class/CDC/Src/usbd_cdc.o
                0x000000000800a84a                USBD_CDC_SetRxBuffer
 .text.USBD_CDC_TransmitPacket
                0x000000000800a872       0x5e ./Middlewares/ST/STM32_USB_Device_Library/Class/CDC/Src/usbd_cdc.o
                0x000000000800a872                USBD_CDC_TransmitPacket
 .text.USBD_CDC_ReceivePacket
                0x000000000800a8d0       0x54 ./Middlewares/ST/STM32_USB_Device_Library/Class/CDC/Src/usbd_cdc.o
                0x000000000800a8d0                USBD_CDC_ReceivePacket
 .text.USBD_Init
                0x000000000800a924       0x56 ./Middlewares/ST/STM32_USB_Device_Library/Core/Src/usbd_core.o
                0x000000000800a924                USBD_Init
 .text.USBD_RegisterClass
                0x000000000800a97a       0x34 ./Middlewares/ST/STM32_USB_Device_Library/Core/Src/usbd_core.o
                0x000000000800a97a                USBD_RegisterClass
 .text.USBD_Start
                0x000000000800a9ae       0x18 ./Middlewares/ST/STM32_USB_Device_Library/Core/Src/usbd_core.o
                0x000000000800a9ae                USBD_Start
 .text.USBD_RunTestMode
                0x000000000800a9c6       0x16 ./Middlewares/ST/STM32_USB_Device_Library/Core/Src/usbd_core.o
                0x000000000800a9c6                USBD_RunTestMode
 .text.USBD_SetClassConfig
                0x000000000800a9dc       0x3e ./Middlewares/ST/STM32_USB_Device_Library/Core/Src/usbd_core.o
                0x000000000800a9dc                USBD_SetClassConfig
 .text.USBD_ClrClassConfig
                0x000000000800aa1a       0x26 ./Middlewares/ST/STM32_USB_Device_Library/Core/Src/usbd_core.o
                0x000000000800aa1a                USBD_ClrClassConfig
 .text.USBD_LL_SetupStage
                0x000000000800aa40       0x9a ./Middlewares/ST/STM32_USB_Device_Library/Core/Src/usbd_core.o
                0x000000000800aa40                USBD_LL_SetupStage
 .text.USBD_LL_DataOutStage
                0x000000000800aada       0xe2 ./Middlewares/ST/STM32_USB_Device_Library/Core/Src/usbd_core.o
                0x000000000800aada                USBD_LL_DataOutStage
 .text.USBD_LL_DataInStage
                0x000000000800abbc      0x14a ./Middlewares/ST/STM32_USB_Device_Library/Core/Src/usbd_core.o
                0x000000000800abbc                USBD_LL_DataInStage
 .text.USBD_LL_Reset
                0x000000000800ad06       0x82 ./Middlewares/ST/STM32_USB_Device_Library/Core/Src/usbd_core.o
                0x000000000800ad06                USBD_LL_Reset
 .text.USBD_LL_SetSpeed
                0x000000000800ad88       0x20 ./Middlewares/ST/STM32_USB_Device_Library/Core/Src/usbd_core.o
                0x000000000800ad88                USBD_LL_SetSpeed
 .text.USBD_LL_Suspend
                0x000000000800ada8       0x2a ./Middlewares/ST/STM32_USB_Device_Library/Core/Src/usbd_core.o
                0x000000000800ada8                USBD_LL_Suspend
 .text.USBD_LL_Resume
                0x000000000800add2       0x2c ./Middlewares/ST/STM32_USB_Device_Library/Core/Src/usbd_core.o
                0x000000000800add2                USBD_LL_Resume
 .text.USBD_LL_SOF
                0x000000000800adfe       0x34 ./Middlewares/ST/STM32_USB_Device_Library/Core/Src/usbd_core.o
                0x000000000800adfe                USBD_LL_SOF
 *fill*         0x000000000800ae32        0x2 
 .text.USBD_StdDevReq
                0x000000000800ae34       0xd4 ./Middlewares/ST/STM32_USB_Device_Library/Core/Src/usbd_ctlreq.o
                0x000000000800ae34                USBD_StdDevReq
 .text.USBD_StdItfReq
                0x000000000800af08       0x90 ./Middlewares/ST/STM32_USB_Device_Library/Core/Src/usbd_ctlreq.o
                0x000000000800af08                USBD_StdItfReq
 .text.USBD_StdEPReq
                0x000000000800af98      0x2c6 ./Middlewares/ST/STM32_USB_Device_Library/Core/Src/usbd_ctlreq.o
                0x000000000800af98                USBD_StdEPReq
 *fill*         0x000000000800b25e        0x2 
 .text.USBD_GetDescriptor
                0x000000000800b260      0x2d0 ./Middlewares/ST/STM32_USB_Device_Library/Core/Src/usbd_ctlreq.o
 .text.USBD_SetAddress
                0x000000000800b530       0x86 ./Middlewares/ST/STM32_USB_Device_Library/Core/Src/usbd_ctlreq.o
 *fill*         0x000000000800b5b6        0x2 
 .text.USBD_SetConfig
                0x000000000800b5b8      0x11c ./Middlewares/ST/STM32_USB_Device_Library/Core/Src/usbd_ctlreq.o
 .text.USBD_GetConfig
                0x000000000800b6d4       0x6a ./Middlewares/ST/STM32_USB_Device_Library/Core/Src/usbd_ctlreq.o
 .text.USBD_GetStatus
                0x000000000800b73e       0x66 ./Middlewares/ST/STM32_USB_Device_Library/Core/Src/usbd_ctlreq.o
 .text.USBD_SetFeature
                0x000000000800b7a4       0x28 ./Middlewares/ST/STM32_USB_Device_Library/Core/Src/usbd_ctlreq.o
 .text.USBD_ClrFeature
                0x000000000800b7cc       0x42 ./Middlewares/ST/STM32_USB_Device_Library/Core/Src/usbd_ctlreq.o
 .text.USBD_ParseSetupRequest
                0x000000000800b80e       0x7a ./Middlewares/ST/STM32_USB_Device_Library/Core/Src/usbd_ctlreq.o
                0x000000000800b80e                USBD_ParseSetupRequest
 .text.USBD_CtlError
                0x000000000800b888       0x22 ./Middlewares/ST/STM32_USB_Device_Library/Core/Src/usbd_ctlreq.o
                0x000000000800b888                USBD_CtlError
 .text.USBD_GetString
                0x000000000800b8aa       0x84 ./Middlewares/ST/STM32_USB_Device_Library/Core/Src/usbd_ctlreq.o
                0x000000000800b8aa                USBD_GetString
 .text.USBD_GetLen
                0x000000000800b92e       0x30 ./Middlewares/ST/STM32_USB_Device_Library/Core/Src/usbd_ctlreq.o
 .text.USBD_CtlSendData
                0x000000000800b95e       0x38 ./Middlewares/ST/STM32_USB_Device_Library/Core/Src/usbd_ioreq.o
                0x000000000800b95e                USBD_CtlSendData
 .text.USBD_CtlContinueSendData
                0x000000000800b996       0x24 ./Middlewares/ST/STM32_USB_Device_Library/Core/Src/usbd_ioreq.o
                0x000000000800b996                USBD_CtlContinueSendData
 .text.USBD_CtlPrepareRx
                0x000000000800b9ba       0x3c ./Middlewares/ST/STM32_USB_Device_Library/Core/Src/usbd_ioreq.o
                0x000000000800b9ba                USBD_CtlPrepareRx
 .text.USBD_CtlContinueRx
                0x000000000800b9f6       0x24 ./Middlewares/ST/STM32_USB_Device_Library/Core/Src/usbd_ioreq.o
                0x000000000800b9f6                USBD_CtlContinueRx
 .text.USBD_CtlSendStatus
                0x000000000800ba1a       0x26 ./Middlewares/ST/STM32_USB_Device_Library/Core/Src/usbd_ioreq.o
                0x000000000800ba1a                USBD_CtlSendStatus
 .text.USBD_CtlReceiveStatus
                0x000000000800ba40       0x26 ./Middlewares/ST/STM32_USB_Device_Library/Core/Src/usbd_ioreq.o
                0x000000000800ba40                USBD_CtlReceiveStatus
 *fill*         0x000000000800ba66        0x2 
 .text.MX_USB_DEVICE_Init
                0x000000000800ba68       0x60 ./USB_DEVICE/App/usb_device.o
                0x000000000800ba68                MX_USB_DEVICE_Init
 .text.CDC_Init_FS
                0x000000000800bac8       0x28 ./USB_DEVICE/App/usbd_cdc_if.o
 .text.CDC_DeInit_FS
                0x000000000800baf0       0x10 ./USB_DEVICE/App/usbd_cdc_if.o
 .text.CDC_Control_FS
                0x000000000800bb00      0x170 ./USB_DEVICE/App/usbd_cdc_if.o
 .text.CDC_Receive_FS
                0x000000000800bc70       0xe8 ./USB_DEVICE/App/usbd_cdc_if.o
 .text.CDC_Transmit_FS
                0x000000000800bd58       0x4c ./USB_DEVICE/App/usbd_cdc_if.o
                0x000000000800bd58                CDC_Transmit_FS
 .text.USBD_FS_DeviceDescriptor
                0x000000000800bda4       0x24 ./USB_DEVICE/App/usbd_desc.o
                0x000000000800bda4                USBD_FS_DeviceDescriptor
 .text.USBD_FS_LangIDStrDescriptor
                0x000000000800bdc8       0x24 ./USB_DEVICE/App/usbd_desc.o
                0x000000000800bdc8                USBD_FS_LangIDStrDescriptor
 .text.USBD_FS_ProductStrDescriptor
                0x000000000800bdec       0x3c ./USB_DEVICE/App/usbd_desc.o
                0x000000000800bdec                USBD_FS_ProductStrDescriptor
 .text.USBD_FS_ManufacturerStrDescriptor
                0x000000000800be28       0x28 ./USB_DEVICE/App/usbd_desc.o
                0x000000000800be28                USBD_FS_ManufacturerStrDescriptor
 .text.USBD_FS_SerialStrDescriptor
                0x000000000800be50       0x24 ./USB_DEVICE/App/usbd_desc.o
                0x000000000800be50                USBD_FS_SerialStrDescriptor
 .text.USBD_FS_ConfigStrDescriptor
                0x000000000800be74       0x3c ./USB_DEVICE/App/usbd_desc.o
                0x000000000800be74                USBD_FS_ConfigStrDescriptor
 .text.USBD_FS_InterfaceStrDescriptor
                0x000000000800beb0       0x3c ./USB_DEVICE/App/usbd_desc.o
                0x000000000800beb0                USBD_FS_InterfaceStrDescriptor
 .text.Get_SerialNum
                0x000000000800beec       0x58 ./USB_DEVICE/App/usbd_desc.o
 .text.IntToUnicode
                0x000000000800bf44       0x7e ./USB_DEVICE/App/usbd_desc.o
 *fill*         0x000000000800bfc2        0x2 
 .text.HAL_PCD_MspInit
                0x000000000800bfc4       0xa8 ./USB_DEVICE/Target/usbd_conf.o
                0x000000000800bfc4                HAL_PCD_MspInit
 .text.HAL_PCD_SetupStageCallback
                0x000000000800c06c       0x24 ./USB_DEVICE/Target/usbd_conf.o
                0x000000000800c06c                HAL_PCD_SetupStageCallback
 .text.HAL_PCD_DataOutStageCallback
                0x000000000800c090       0x36 ./USB_DEVICE/Target/usbd_conf.o
                0x000000000800c090                HAL_PCD_DataOutStageCallback
 .text.HAL_PCD_DataInStageCallback
                0x000000000800c0c6       0x34 ./USB_DEVICE/Target/usbd_conf.o
                0x000000000800c0c6                HAL_PCD_DataInStageCallback
 .text.HAL_PCD_SOFCallback
                0x000000000800c0fa       0x1c ./USB_DEVICE/Target/usbd_conf.o
                0x000000000800c0fa                HAL_PCD_SOFCallback
 .text.HAL_PCD_ResetCallback
                0x000000000800c116       0x3c ./USB_DEVICE/Target/usbd_conf.o
                0x000000000800c116                HAL_PCD_ResetCallback
 *fill*         0x000000000800c152        0x2 
 .text.HAL_PCD_SuspendCallback
                0x000000000800c154       0x34 ./USB_DEVICE/Target/usbd_conf.o
                0x000000000800c154                HAL_PCD_SuspendCallback
 .text.HAL_PCD_ResumeCallback
                0x000000000800c188       0x1c ./USB_DEVICE/Target/usbd_conf.o
                0x000000000800c188                HAL_PCD_ResumeCallback
 .text.USBD_LL_Init
                0x000000000800c1a4       0xb4 ./USB_DEVICE/Target/usbd_conf.o
                0x000000000800c1a4                USBD_LL_Init
 .text.USBD_LL_Start
                0x000000000800c258       0x36 ./USB_DEVICE/Target/usbd_conf.o
                0x000000000800c258                USBD_LL_Start
 .text.USBD_LL_OpenEP
                0x000000000800c28e       0x4c ./USB_DEVICE/Target/usbd_conf.o
                0x000000000800c28e                USBD_LL_OpenEP
 .text.USBD_LL_CloseEP
                0x000000000800c2da       0x3e ./USB_DEVICE/Target/usbd_conf.o
                0x000000000800c2da                USBD_LL_CloseEP
 .text.USBD_LL_StallEP
                0x000000000800c318       0x3e ./USB_DEVICE/Target/usbd_conf.o
                0x000000000800c318                USBD_LL_StallEP
 .text.USBD_LL_ClearStallEP
                0x000000000800c356       0x3e ./USB_DEVICE/Target/usbd_conf.o
                0x000000000800c356                USBD_LL_ClearStallEP
 .text.USBD_LL_IsStallEP
                0x000000000800c394       0x5a ./USB_DEVICE/Target/usbd_conf.o
                0x000000000800c394                USBD_LL_IsStallEP
 .text.USBD_LL_SetUSBAddress
                0x000000000800c3ee       0x3e ./USB_DEVICE/Target/usbd_conf.o
                0x000000000800c3ee                USBD_LL_SetUSBAddress
 .text.USBD_LL_Transmit
                0x000000000800c42c       0x46 ./USB_DEVICE/Target/usbd_conf.o
                0x000000000800c42c                USBD_LL_Transmit
 .text.USBD_LL_PrepareReceive
                0x000000000800c472       0x46 ./USB_DEVICE/Target/usbd_conf.o
                0x000000000800c472                USBD_LL_PrepareReceive
 .text.USBD_LL_GetRxDataSize
                0x000000000800c4b8       0x26 ./USB_DEVICE/Target/usbd_conf.o
                0x000000000800c4b8                USBD_LL_GetRxDataSize
 *fill*         0x000000000800c4de        0x2 
 .text.USBD_static_malloc
                0x000000000800c4e0       0x1c ./USB_DEVICE/Target/usbd_conf.o
                0x000000000800c4e0                USBD_static_malloc
 .text.USBD_static_free
                0x000000000800c4fc       0x14 ./USB_DEVICE/Target/usbd_conf.o
                0x000000000800c4fc                USBD_static_free
 .text.HAL_PCDEx_SetConnectionState
                0x000000000800c510       0x38 ./USB_DEVICE/Target/usbd_conf.o
                0x000000000800c510                HAL_PCDEx_SetConnectionState
 .text.USBD_Get_USB_Status
                0x000000000800c548       0x58 ./USB_DEVICE/Target/usbd_conf.o
 .text.memset   0x000000000800c5a0       0x10 C:/ST/STM32CubeIDE_1.9.0/STM32CubeIDE/plugins/com.st.stm32cube.ide.mcu.externaltools.gnu-tools-for-stm32.11.3.rel1.win32_1.1.0.202305231506/tools/bin/../lib/gcc/arm-none-eabi/11.3.1/../../../../arm-none-eabi/lib/thumb/v7e-m+fp/hard\libc_nano.a(libc_a-memset.o)
                0x000000000800c5a0                memset
 .text.__libc_init_array
                0x000000000800c5b0       0x48 C:/ST/STM32CubeIDE_1.9.0/STM32CubeIDE/plugins/com.st.stm32cube.ide.mcu.externaltools.gnu-tools-for-stm32.11.3.rel1.win32_1.1.0.202305231506/tools/bin/../lib/gcc/arm-none-eabi/11.3.1/../../../../arm-none-eabi/lib/thumb/v7e-m+fp/hard\libc_nano.a(libc_a-init.o)
                0x000000000800c5b0                __libc_init_array
 *(.glue_7)
 .glue_7        0x000000000800c5f8        0x0 linker stubs
 *(.glue_7t)
 .glue_7t       0x000000000800c5f8        0x0 linker stubs
 *(.eh_frame)
 .eh_frame      0x000000000800c5f8        0x0 C:/ST/STM32CubeIDE_1.9.0/STM32CubeIDE/plugins/com.st.stm32cube.ide.mcu.externaltools.gnu-tools-for-stm32.11.3.rel1.win32_1.1.0.202305231506/tools/bin/../lib/gcc/arm-none-eabi/11.3.1/thumb/v7e-m+fp/hard/crtbegin.o
 *(.init)
 .init          0x000000000800c5f8        0x4 C:/ST/STM32CubeIDE_1.9.0/STM32CubeIDE/plugins/com.st.stm32cube.ide.mcu.externaltools.gnu-tools-for-stm32.11.3.rel1.win32_1.1.0.202305231506/tools/bin/../lib/gcc/arm-none-eabi/11.3.1/thumb/v7e-m+fp/hard/crti.o
                0x000000000800c5f8                _init
 .init          0x000000000800c5fc        0x8 C:/ST/STM32CubeIDE_1.9.0/STM32CubeIDE/plugins/com.st.stm32cube.ide.mcu.externaltools.gnu-tools-for-stm32.11.3.rel1.win32_1.1.0.202305231506/tools/bin/../lib/gcc/arm-none-eabi/11.3.1/thumb/v7e-m+fp/hard/crtn.o
 *(.fini)
 .fini          0x000000000800c604        0x4 C:/ST/STM32CubeIDE_1.9.0/STM32CubeIDE/plugins/com.st.stm32cube.ide.mcu.externaltools.gnu-tools-for-stm32.11.3.rel1.win32_1.1.0.202305231506/tools/bin/../lib/gcc/arm-none-eabi/11.3.1/thumb/v7e-m+fp/hard/crti.o
                0x000000000800c604                _fini
 .fini          0x000000000800c608        0x8 C:/ST/STM32CubeIDE_1.9.0/STM32CubeIDE/plugins/com.st.stm32cube.ide.mcu.externaltools.gnu-tools-for-stm32.11.3.rel1.win32_1.1.0.202305231506/tools/bin/../lib/gcc/arm-none-eabi/11.3.1/thumb/v7e-m+fp/hard/crtn.o
                0x000000000800c610                . = ALIGN (0x4)
                0x000000000800c610                _etext = .

.vfp11_veneer   0x000000000800c610        0x0
 .vfp11_veneer  0x000000000800c610        0x0 linker stubs

.v4_bx          0x000000000800c610        0x0
 .v4_bx         0x000000000800c610        0x0 linker stubs

.iplt           0x000000000800c610        0x0
 .iplt          0x000000000800c610        0x0 C:/ST/STM32CubeIDE_1.9.0/STM32CubeIDE/plugins/com.st.stm32cube.ide.mcu.externaltools.gnu-tools-for-stm32.11.3.rel1.win32_1.1.0.202305231506/tools/bin/../lib/gcc/arm-none-eabi/11.3.1/thumb/v7e-m+fp/hard/crtbegin.o

.rodata         0x000000000800c610       0x98
                0x000000000800c610                . = ALIGN (0x4)
 *(.rodata)
 .rodata        0x000000000800c610        0x8 ./Core/Src/MotorCtrl.o
 .rodata        0x000000000800c618       0x28 ./Core/Src/usbcan_main.o
 .rodata        0x000000000800c640       0x36 ./USB_DEVICE/App/usbd_desc.o
 *(.rodata*)
 *fill*         0x000000000800c676        0x2 
 .rodata.AHBPrescTable
                0x000000000800c678       0x10 ./Core/Src/system_stm32f3xx.o
                0x000000000800c678                AHBPrescTable
 .rodata.aPLLMULFactorTable
                0x000000000800c688       0x10 ./Drivers/STM32F3xx_HAL_Driver/Src/stm32f3xx_hal_rcc.o
 .rodata.aPredivFactorTable
                0x000000000800c698       0x10 ./Drivers/STM32F3xx_HAL_Driver/Src/stm32f3xx_hal_rcc.o
                0x000000000800c6a8                . = ALIGN (0x4)

.rel.dyn        0x000000000800c6a8        0x0
 .rel.iplt      0x000000000800c6a8        0x0 C:/ST/STM32CubeIDE_1.9.0/STM32CubeIDE/plugins/com.st.stm32cube.ide.mcu.externaltools.gnu-tools-for-stm32.11.3.rel1.win32_1.1.0.202305231506/tools/bin/../lib/gcc/arm-none-eabi/11.3.1/thumb/v7e-m+fp/hard/crtbegin.o

.ARM.extab      0x000000000800c6a8        0x0
                0x000000000800c6a8                . = ALIGN (0x4)
 *(.ARM.extab* .gnu.linkonce.armextab.*)
                0x000000000800c6a8                . = ALIGN (0x4)

.ARM            0x000000000800c6a8        0x0
                0x000000000800c6a8                . = ALIGN (0x4)
                0x000000000800c6a8                __exidx_start = .
 *(.ARM.exidx*)
                0x000000000800c6a8                __exidx_end = .
                0x000000000800c6a8                . = ALIGN (0x4)

.preinit_array  0x000000000800c6a8        0x0
                0x000000000800c6a8                . = ALIGN (0x4)
                0x000000000800c6a8                PROVIDE (__preinit_array_start = .)
 *(.preinit_array*)
                0x000000000800c6a8                PROVIDE (__preinit_array_end = .)
                0x000000000800c6a8                . = ALIGN (0x4)

.init_array     0x000000000800c6a8        0x8
                0x000000000800c6a8                . = ALIGN (0x4)
                0x000000000800c6a8                PROVIDE (__init_array_start = .)
 *(SORT_BY_NAME(.init_array.*))
 *(.init_array*)
 .init_array    0x000000000800c6a8        0x4 C:/ST/STM32CubeIDE_1.9.0/STM32CubeIDE/plugins/com.st.stm32cube.ide.mcu.externaltools.gnu-tools-for-stm32.11.3.rel1.win32_1.1.0.202305231506/tools/bin/../lib/gcc/arm-none-eabi/11.3.1/thumb/v7e-m+fp/hard/crtbegin.o
 .init_array    0x000000000800c6ac        0x4 ./Core/Src/usbcan_main.o
                0x000000000800c6b0                PROVIDE (__init_array_end = .)
                0x000000000800c6b0                . = ALIGN (0x4)

.fini_array     0x000000000800c6b0        0x4
                0x000000000800c6b0                . = ALIGN (0x4)
                [!provide]                        PROVIDE (__fini_array_start = .)
 *(SORT_BY_NAME(.fini_array.*))
 *(.fini_array*)
 .fini_array    0x000000000800c6b0        0x4 C:/ST/STM32CubeIDE_1.9.0/STM32CubeIDE/plugins/com.st.stm32cube.ide.mcu.externaltools.gnu-tools-for-stm32.11.3.rel1.win32_1.1.0.202305231506/tools/bin/../lib/gcc/arm-none-eabi/11.3.1/thumb/v7e-m+fp/hard/crtbegin.o
                [!provide]                        PROVIDE (__fini_array_end = .)
                0x000000000800c6b4                . = ALIGN (0x4)
                0x000000000800c6b4                _sidata = LOADADDR (.data)

.data           0x0000000020000000      0x1dc load address 0x000000000800c6b4
                0x0000000020000000                . = ALIGN (0x4)
                0x0000000020000000                _sdata = .
 *(.data)
 *(.data*)
 .data._ZZ11usb_processE18HelloSLCAN_encoded
                0x0000000020000000        0xd ./Core/Src/can_usb.o
 *fill*         0x000000002000000d        0x3 
 .data.led_list
                0x0000000020000010       0x40 ./Core/Src/led.o
                0x0000000020000010                led_list
 .data.SystemCoreClock
                0x0000000020000050        0x4 ./Core/Src/system_stm32f3xx.o
                0x0000000020000050                SystemCoreClock
 .data._ZZ22HAL_GPIO_EXTI_CallbackE18HelloSLCAN_encoded
                0x0000000020000054        0x4 ./Core/Src/user_if.o
 .data._ZZ22HAL_GPIO_EXTI_CallbackE18HelloSLCAN_encoded_0
                0x0000000020000058        0x4 ./Core/Src/user_if.o
 .data.uwTickPrio
                0x000000002000005c        0x4 ./Drivers/STM32F3xx_HAL_Driver/Src/stm32f3xx_hal.o
                0x000000002000005c                uwTickPrio
 .data.uwTickFreq
                0x0000000020000060        0x1 ./Drivers/STM32F3xx_HAL_Driver/Src/stm32f3xx_hal.o
                0x0000000020000060                uwTickFreq
 *fill*         0x0000000020000061        0x3 
 .data.USBD_CDC_DeviceQualifierDesc
                0x0000000020000064        0xa ./Middlewares/ST/STM32_USB_Device_Library/Class/CDC/Src/usbd_cdc.o
 *fill*         0x000000002000006e        0x2 
 .data.USBD_CDC
                0x0000000020000070       0x38 ./Middlewares/ST/STM32_USB_Device_Library/Class/CDC/Src/usbd_cdc.o
                0x0000000020000070                USBD_CDC
 .data.USBD_CDC_CfgHSDesc
                0x00000000200000a8       0x43 ./Middlewares/ST/STM32_USB_Device_Library/Class/CDC/Src/usbd_cdc.o
                0x00000000200000a8                USBD_CDC_CfgHSDesc
 *fill*         0x00000000200000eb        0x1 
 .data.USBD_CDC_CfgFSDesc
                0x00000000200000ec       0x43 ./Middlewares/ST/STM32_USB_Device_Library/Class/CDC/Src/usbd_cdc.o
                0x00000000200000ec                USBD_CDC_CfgFSDesc
 *fill*         0x000000002000012f        0x1 
 .data.USBD_CDC_OtherSpeedCfgDesc
                0x0000000020000130       0x43 ./Middlewares/ST/STM32_USB_Device_Library/Class/CDC/Src/usbd_cdc.o
                0x0000000020000130                USBD_CDC_OtherSpeedCfgDesc
 .data.zero_count
                0x0000000020000173        0x1 ./USB_DEVICE/App/usbd_cdc_if.o
                0x0000000020000173                zero_count
 .data.linecoding
                0x0000000020000174        0x8 ./USB_DEVICE/App/usbd_cdc_if.o
                0x0000000020000174                linecoding
 .data.USBD_Interface_fops_FS
                0x000000002000017c       0x10 ./USB_DEVICE/App/usbd_cdc_if.o
                0x000000002000017c                USBD_Interface_fops_FS
 .data.FS_Desc  0x000000002000018c       0x1c ./USB_DEVICE/App/usbd_desc.o
                0x000000002000018c                FS_Desc
 .data.USBD_FS_DeviceDesc
                0x00000000200001a8       0x12 ./USB_DEVICE/App/usbd_desc.o
                0x00000000200001a8                USBD_FS_DeviceDesc
 *fill*         0x00000000200001ba        0x2 
 .data.USBD_LangIDDesc
                0x00000000200001bc        0x4 ./USB_DEVICE/App/usbd_desc.o
                0x00000000200001bc                USBD_LangIDDesc
 .data.USBD_StringSerial
                0x00000000200001c0       0x1a ./USB_DEVICE/App/usbd_desc.o
                0x00000000200001c0                USBD_StringSerial
 *(.RamFunc)
 *(.RamFunc*)
                0x00000000200001dc                . = ALIGN (0x4)
 *fill*         0x00000000200001da        0x2 
                0x00000000200001dc                _edata = .

.igot.plt       0x00000000200001dc        0x0 load address 0x000000000800c890
 .igot.plt      0x00000000200001dc        0x0 C:/ST/STM32CubeIDE_1.9.0/STM32CubeIDE/plugins/com.st.stm32cube.ide.mcu.externaltools.gnu-tools-for-stm32.11.3.rel1.win32_1.1.0.202305231506/tools/bin/../lib/gcc/arm-none-eabi/11.3.1/thumb/v7e-m+fp/hard/crtbegin.o
                0x00000000200001dc                . = ALIGN (0x4)

.bss            0x00000000200001dc     0x14c0 load address 0x000000000800c890
                0x00000000200001dc                _sbss = .
                0x00000000200001dc                __bss_start__ = _sbss
 *(.bss)
 .bss           0x00000000200001dc       0x1c C:/ST/STM32CubeIDE_1.9.0/STM32CubeIDE/plugins/com.st.stm32cube.ide.mcu.externaltools.gnu-tools-for-stm32.11.3.rel1.win32_1.1.0.202305231506/tools/bin/../lib/gcc/arm-none-eabi/11.3.1/thumb/v7e-m+fp/hard/crtbegin.o
 *(.bss*)
 .bss.TxHeader  0x00000000200001f8       0x18 ./Core/Src/can_usb.o
                0x00000000200001f8                TxHeader
 .bss.TxMailbox
                0x0000000020000210        0x4 ./Core/Src/can_usb.o
                0x0000000020000210                TxMailbox
 .bss.hcan      0x0000000020000214       0x28 ./Core/Src/main.o
                0x0000000020000214                hcan
 .bss.htim3     0x000000002000023c       0x4c ./Core/Src/main.o
                0x000000002000023c                htim3
 .bss.motor     0x0000000020000288      0x1c8 ./Core/Src/usbcan_main.o
                0x0000000020000288                motor
 .bss.TxHeader1
                0x0000000020000450       0x18 ./Core/Src/usbcan_main.o
                0x0000000020000450                TxHeader1
 .bss.TxHeader2
                0x0000000020000468       0x18 ./Core/Src/usbcan_main.o
                0x0000000020000468                TxHeader2
 .bss.uwTick    0x0000000020000480        0x4 ./Drivers/STM32F3xx_HAL_Driver/Src/stm32f3xx_hal.o
                0x0000000020000480                uwTick
 .bss.cfgidx.0  0x0000000020000484        0x1 ./Middlewares/ST/STM32_USB_Device_Library/Core/Src/usbd_ctlreq.o
 *fill*         0x0000000020000485        0x3 
 .bss.hUsbDeviceFS
                0x0000000020000488      0x2c4 ./USB_DEVICE/App/usb_device.o
                0x0000000020000488                hUsbDeviceFS
 .bss.DecodedData
                0x000000002000074c       0x40 ./USB_DEVICE/App/usbd_cdc_if.o
                0x000000002000074c                DecodedData
 .bss.data_index
                0x000000002000078c        0x1 ./USB_DEVICE/App/usbd_cdc_if.o
                0x000000002000078c                data_index
 .bss.is_first  0x000000002000078d        0x1 ./USB_DEVICE/App/usbd_cdc_if.o
                0x000000002000078d                is_first
 *fill*         0x000000002000078e        0x2 
 .bss.UserRxBufferFS
                0x0000000020000790      0x400 ./USB_DEVICE/App/usbd_cdc_if.o
                0x0000000020000790                UserRxBufferFS
 .bss.UserTxBufferFS
                0x0000000020000b90      0x400 ./USB_DEVICE/App/usbd_cdc_if.o
                0x0000000020000b90                UserTxBufferFS
 .bss.USBD_StrDesc
                0x0000000020000f90      0x200 ./USB_DEVICE/App/usbd_desc.o
                0x0000000020000f90                USBD_StrDesc
 .bss.hpcd_USB_FS
                0x0000000020001190      0x2ec ./USB_DEVICE/Target/usbd_conf.o
                0x0000000020001190                hpcd_USB_FS
 .bss.mem.0     0x000000002000147c      0x220 ./USB_DEVICE/Target/usbd_conf.o
 *(COMMON)
                0x000000002000169c                . = ALIGN (0x4)
                0x000000002000169c                _ebss = .
                0x000000002000169c                __bss_end__ = _ebss

._user_heap_stack
                0x000000002000169c      0x604 load address 0x000000000800c890
                0x00000000200016a0                . = ALIGN (0x8)
 *fill*         0x000000002000169c        0x4 
                [!provide]                        PROVIDE (end = .)
                0x00000000200016a0                PROVIDE (_end = .)
                0x00000000200018a0                . = (. + _Min_Heap_Size)
 *fill*         0x00000000200016a0      0x200 
                0x0000000020001ca0                . = (. + _Min_Stack_Size)
 *fill*         0x00000000200018a0      0x400 
                0x0000000020001ca0                . = ALIGN (0x8)

/DISCARD/
 libc.a(*)
 libm.a(*)
 libgcc.a(*)

.ARM.attributes
                0x0000000000000000       0x30
 *(.ARM.attributes)
 .ARM.attributes
                0x0000000000000000       0x1e C:/ST/STM32CubeIDE_1.9.0/STM32CubeIDE/plugins/com.st.stm32cube.ide.mcu.externaltools.gnu-tools-for-stm32.11.3.rel1.win32_1.1.0.202305231506/tools/bin/../lib/gcc/arm-none-eabi/11.3.1/thumb/v7e-m+fp/hard/crti.o
 .ARM.attributes
                0x000000000000001e       0x34 C:/ST/STM32CubeIDE_1.9.0/STM32CubeIDE/plugins/com.st.stm32cube.ide.mcu.externaltools.gnu-tools-for-stm32.11.3.rel1.win32_1.1.0.202305231506/tools/bin/../lib/gcc/arm-none-eabi/11.3.1/thumb/v7e-m+fp/hard/crtbegin.o
 .ARM.attributes
                0x0000000000000052       0x34 ./Core/Src/MotorCtrl.o
 .ARM.attributes
                0x0000000000000086       0x34 ./Core/Src/can_usb.o
 .ARM.attributes
                0x00000000000000ba       0x34 ./Core/Src/led.o
 .ARM.attributes
                0x00000000000000ee       0x34 ./Core/Src/main.o
 .ARM.attributes
                0x0000000000000122       0x34 ./Core/Src/stm32f3xx_hal_msp.o
 .ARM.attributes
                0x0000000000000156       0x34 ./Core/Src/stm32f3xx_it.o
 .ARM.attributes
                0x000000000000018a       0x34 ./Core/Src/system_stm32f3xx.o
 .ARM.attributes
                0x00000000000001be       0x34 ./Core/Src/usbcan_main.o
 .ARM.attributes
                0x00000000000001f2       0x34 ./Core/Src/user_if.o
 .ARM.attributes
                0x0000000000000226       0x21 ./Core/Startup/startup_stm32f302cbtx.o
 .ARM.attributes
                0x0000000000000247       0x34 ./Drivers/STM32F3xx_HAL_Driver/Src/stm32f3xx_hal.o
 .ARM.attributes
                0x000000000000027b       0x34 ./Drivers/STM32F3xx_HAL_Driver/Src/stm32f3xx_hal_can.o
 .ARM.attributes
                0x00000000000002af       0x34 ./Drivers/STM32F3xx_HAL_Driver/Src/stm32f3xx_hal_cortex.o
 .ARM.attributes
                0x00000000000002e3       0x34 ./Drivers/STM32F3xx_HAL_Driver/Src/stm32f3xx_hal_gpio.o
 .ARM.attributes
                0x0000000000000317       0x34 ./Drivers/STM32F3xx_HAL_Driver/Src/stm32f3xx_hal_pcd.o
 .ARM.attributes
                0x000000000000034b       0x34 ./Drivers/STM32F3xx_HAL_Driver/Src/stm32f3xx_hal_pcd_ex.o
 .ARM.attributes
                0x000000000000037f       0x34 ./Drivers/STM32F3xx_HAL_Driver/Src/stm32f3xx_hal_rcc.o
 .ARM.attributes
                0x00000000000003b3       0x34 ./Drivers/STM32F3xx_HAL_Driver/Src/stm32f3xx_hal_rcc_ex.o
 .ARM.attributes
                0x00000000000003e7       0x34 ./Drivers/STM32F3xx_HAL_Driver/Src/stm32f3xx_hal_tim.o
 .ARM.attributes
                0x000000000000041b       0x34 ./Drivers/STM32F3xx_HAL_Driver/Src/stm32f3xx_hal_tim_ex.o
 .ARM.attributes
                0x000000000000044f       0x34 ./Drivers/STM32F3xx_HAL_Driver/Src/stm32f3xx_ll_usb.o
 .ARM.attributes
                0x0000000000000483       0x34 ./Middlewares/ST/STM32_USB_Device_Library/Class/CDC/Src/usbd_cdc.o
 .ARM.attributes
                0x00000000000004b7       0x34 ./Middlewares/ST/STM32_USB_Device_Library/Core/Src/usbd_core.o
 .ARM.attributes
                0x00000000000004eb       0x34 ./Middlewares/ST/STM32_USB_Device_Library/Core/Src/usbd_ctlreq.o
 .ARM.attributes
                0x000000000000051f       0x34 ./Middlewares/ST/STM32_USB_Device_Library/Core/Src/usbd_ioreq.o
 .ARM.attributes
                0x0000000000000553       0x34 ./USB_DEVICE/App/usb_device.o
 .ARM.attributes
                0x0000000000000587       0x34 ./USB_DEVICE/App/usbd_cdc_if.o
 .ARM.attributes
                0x00000000000005bb       0x34 ./USB_DEVICE/App/usbd_desc.o
 .ARM.attributes
                0x00000000000005ef       0x34 ./USB_DEVICE/Target/usbd_conf.o
 .ARM.attributes
                0x0000000000000623       0x34 C:/ST/STM32CubeIDE_1.9.0/STM32CubeIDE/plugins/com.st.stm32cube.ide.mcu.externaltools.gnu-tools-for-stm32.11.3.rel1.win32_1.1.0.202305231506/tools/bin/../lib/gcc/arm-none-eabi/11.3.1/../../../../arm-none-eabi/lib/thumb/v7e-m+fp/hard\libc_nano.a(libc_a-memset.o)
 .ARM.attributes
                0x0000000000000657       0x34 C:/ST/STM32CubeIDE_1.9.0/STM32CubeIDE/plugins/com.st.stm32cube.ide.mcu.externaltools.gnu-tools-for-stm32.11.3.rel1.win32_1.1.0.202305231506/tools/bin/../lib/gcc/arm-none-eabi/11.3.1/../../../../arm-none-eabi/lib/thumb/v7e-m+fp/hard\libc_nano.a(libc_a-init.o)
 .ARM.attributes
                0x000000000000068b       0x1e C:/ST/STM32CubeIDE_1.9.0/STM32CubeIDE/plugins/com.st.stm32cube.ide.mcu.externaltools.gnu-tools-for-stm32.11.3.rel1.win32_1.1.0.202305231506/tools/bin/../lib/gcc/arm-none-eabi/11.3.1/thumb/v7e-m+fp/hard\libgcc.a(_arm_addsubdf3.o)
 .ARM.attributes
                0x00000000000006a9       0x1e C:/ST/STM32CubeIDE_1.9.0/STM32CubeIDE/plugins/com.st.stm32cube.ide.mcu.externaltools.gnu-tools-for-stm32.11.3.rel1.win32_1.1.0.202305231506/tools/bin/../lib/gcc/arm-none-eabi/11.3.1/thumb/v7e-m+fp/hard\libgcc.a(_arm_muldivdf3.o)
 .ARM.attributes
                0x00000000000006c7       0x1e C:/ST/STM32CubeIDE_1.9.0/STM32CubeIDE/plugins/com.st.stm32cube.ide.mcu.externaltools.gnu-tools-for-stm32.11.3.rel1.win32_1.1.0.202305231506/tools/bin/../lib/gcc/arm-none-eabi/11.3.1/thumb/v7e-m+fp/hard\libgcc.a(_arm_truncdfsf2.o)
 .ARM.attributes
                0x00000000000006e5       0x1e C:/ST/STM32CubeIDE_1.9.0/STM32CubeIDE/plugins/com.st.stm32cube.ide.mcu.externaltools.gnu-tools-for-stm32.11.3.rel1.win32_1.1.0.202305231506/tools/bin/../lib/gcc/arm-none-eabi/11.3.1/thumb/v7e-m+fp/hard/crtn.o
OUTPUT(robomas_test.elf elf32-littlearm)
LOAD linker stubs
LOAD C:/ST/STM32CubeIDE_1.9.0/STM32CubeIDE/plugins/com.st.stm32cube.ide.mcu.externaltools.gnu-tools-for-stm32.11.3.rel1.win32_1.1.0.202305231506/tools/bin/../lib/gcc/arm-none-eabi/11.3.1/../../../../arm-none-eabi/lib/thumb/v7e-m+fp/hard\libc.a
LOAD C:/ST/STM32CubeIDE_1.9.0/STM32CubeIDE/plugins/com.st.stm32cube.ide.mcu.externaltools.gnu-tools-for-stm32.11.3.rel1.win32_1.1.0.202305231506/tools/bin/../lib/gcc/arm-none-eabi/11.3.1/../../../../arm-none-eabi/lib/thumb/v7e-m+fp/hard\libm.a
LOAD C:/ST/STM32CubeIDE_1.9.0/STM32CubeIDE/plugins/com.st.stm32cube.ide.mcu.externaltools.gnu-tools-for-stm32.11.3.rel1.win32_1.1.0.202305231506/tools/bin/../lib/gcc/arm-none-eabi/11.3.1/thumb/v7e-m+fp/hard\libgcc.a

.comment        0x0000000000000000       0x43
 .comment       0x0000000000000000       0x43 C:/ST/STM32CubeIDE_1.9.0/STM32CubeIDE/plugins/com.st.stm32cube.ide.mcu.externaltools.gnu-tools-for-stm32.11.3.rel1.win32_1.1.0.202305231506/tools/bin/../lib/gcc/arm-none-eabi/11.3.1/thumb/v7e-m+fp/hard/crtbegin.o
                                         0x44 (size before relaxing)
 .comment       0x0000000000000043       0x44 ./Core/Src/MotorCtrl.o
 .comment       0x0000000000000043       0x44 ./Core/Src/can_usb.o
 .comment       0x0000000000000043       0x44 ./Core/Src/led.o
 .comment       0x0000000000000043       0x44 ./Core/Src/main.o
 .comment       0x0000000000000043       0x44 ./Core/Src/stm32f3xx_hal_msp.o
 .comment       0x0000000000000043       0x44 ./Core/Src/stm32f3xx_it.o
 .comment       0x0000000000000043       0x44 ./Core/Src/system_stm32f3xx.o
 .comment       0x0000000000000043       0x44 ./Core/Src/usbcan_main.o
 .comment       0x0000000000000043       0x44 ./Core/Src/user_if.o
 .comment       0x0000000000000043       0x44 ./Drivers/STM32F3xx_HAL_Driver/Src/stm32f3xx_hal.o
 .comment       0x0000000000000043       0x44 ./Drivers/STM32F3xx_HAL_Driver/Src/stm32f3xx_hal_can.o
 .comment       0x0000000000000043       0x44 ./Drivers/STM32F3xx_HAL_Driver/Src/stm32f3xx_hal_cortex.o
 .comment       0x0000000000000043       0x44 ./Drivers/STM32F3xx_HAL_Driver/Src/stm32f3xx_hal_gpio.o
 .comment       0x0000000000000043       0x44 ./Drivers/STM32F3xx_HAL_Driver/Src/stm32f3xx_hal_pcd.o
 .comment       0x0000000000000043       0x44 ./Drivers/STM32F3xx_HAL_Driver/Src/stm32f3xx_hal_pcd_ex.o
 .comment       0x0000000000000043       0x44 ./Drivers/STM32F3xx_HAL_Driver/Src/stm32f3xx_hal_rcc.o
 .comment       0x0000000000000043       0x44 ./Drivers/STM32F3xx_HAL_Driver/Src/stm32f3xx_hal_rcc_ex.o
 .comment       0x0000000000000043       0x44 ./Drivers/STM32F3xx_HAL_Driver/Src/stm32f3xx_hal_tim.o
 .comment       0x0000000000000043       0x44 ./Drivers/STM32F3xx_HAL_Driver/Src/stm32f3xx_hal_tim_ex.o
 .comment       0x0000000000000043       0x44 ./Drivers/STM32F3xx_HAL_Driver/Src/stm32f3xx_ll_usb.o
 .comment       0x0000000000000043       0x44 ./Middlewares/ST/STM32_USB_Device_Library/Class/CDC/Src/usbd_cdc.o
 .comment       0x0000000000000043       0x44 ./Middlewares/ST/STM32_USB_Device_Library/Core/Src/usbd_core.o
 .comment       0x0000000000000043       0x44 ./Middlewares/ST/STM32_USB_Device_Library/Core/Src/usbd_ctlreq.o
 .comment       0x0000000000000043       0x44 ./Middlewares/ST/STM32_USB_Device_Library/Core/Src/usbd_ioreq.o
 .comment       0x0000000000000043       0x44 ./USB_DEVICE/App/usb_device.o
 .comment       0x0000000000000043       0x44 ./USB_DEVICE/App/usbd_cdc_if.o
 .comment       0x0000000000000043       0x44 ./USB_DEVICE/App/usbd_desc.o
 .comment       0x0000000000000043       0x44 ./USB_DEVICE/Target/usbd_conf.o

.debug_info     0x0000000000000000    0x1a137
 .debug_info    0x0000000000000000      0xee6 ./Core/Src/MotorCtrl.o
 .debug_info    0x0000000000000ee6     0x138d ./Core/Src/can_usb.o
 .debug_info    0x0000000000002273      0x2a9 ./Core/Src/led.o
 .debug_info    0x000000000000251c     0x1514 ./Core/Src/main.o
 .debug_info    0x0000000000003a30      0xf26 ./Core/Src/stm32f3xx_hal_msp.o
 .debug_info    0x0000000000004956      0xfa0 ./Core/Src/stm32f3xx_it.o
 .debug_info    0x00000000000058f6      0x407 ./Core/Src/system_stm32f3xx.o
 .debug_info    0x0000000000005cfd     0x1c12 ./Core/Src/usbcan_main.o
 .debug_info    0x000000000000790f     0x1841 ./Core/Src/user_if.o
 .debug_info    0x0000000000009150       0x23 ./Core/Startup/startup_stm32f302cbtx.o
 .debug_info    0x0000000000009173      0x7a4 ./Drivers/STM32F3xx_HAL_Driver/Src/stm32f3xx_hal.o
 .debug_info    0x0000000000009917      0xf1e ./Drivers/STM32F3xx_HAL_Driver/Src/stm32f3xx_hal_can.o
 .debug_info    0x000000000000a835      0xc7f ./Drivers/STM32F3xx_HAL_Driver/Src/stm32f3xx_hal_cortex.o
 .debug_info    0x000000000000b4b4      0x5fe ./Drivers/STM32F3xx_HAL_Driver/Src/stm32f3xx_hal_gpio.o
 .debug_info    0x000000000000bab2     0x162f ./Drivers/STM32F3xx_HAL_Driver/Src/stm32f3xx_hal_pcd.o
 .debug_info    0x000000000000d0e1      0x6a9 ./Drivers/STM32F3xx_HAL_Driver/Src/stm32f3xx_hal_pcd_ex.o
 .debug_info    0x000000000000d78a     0x14f1 ./Drivers/STM32F3xx_HAL_Driver/Src/stm32f3xx_hal_rcc.o
 .debug_info    0x000000000000ec7b      0x5bf ./Drivers/STM32F3xx_HAL_Driver/Src/stm32f3xx_hal_rcc_ex.o
 .debug_info    0x000000000000f23a     0x2a52 ./Drivers/STM32F3xx_HAL_Driver/Src/stm32f3xx_hal_tim.o
 .debug_info    0x0000000000011c8c     0x156d ./Drivers/STM32F3xx_HAL_Driver/Src/stm32f3xx_hal_tim_ex.o
 .debug_info    0x00000000000131f9     0x15c8 ./Drivers/STM32F3xx_HAL_Driver/Src/stm32f3xx_ll_usb.o
 .debug_info    0x00000000000147c1     0x1028 ./Middlewares/ST/STM32_USB_Device_Library/Class/CDC/Src/usbd_cdc.o
 .debug_info    0x00000000000157e9      0xa52 ./Middlewares/ST/STM32_USB_Device_Library/Core/Src/usbd_core.o
 .debug_info    0x000000000001623b      0x91c ./Middlewares/ST/STM32_USB_Device_Library/Core/Src/usbd_ctlreq.o
 .debug_info    0x0000000000016b57      0x6a0 ./Middlewares/ST/STM32_USB_Device_Library/Core/Src/usbd_ioreq.o
 .debug_info    0x00000000000171f7      0x63d ./USB_DEVICE/App/usb_device.o
 .debug_info    0x0000000000017834      0x9bf ./USB_DEVICE/App/usbd_cdc_if.o
 .debug_info    0x00000000000181f3      0x44a ./USB_DEVICE/App/usbd_desc.o
 .debug_info    0x000000000001863d     0x1afa ./USB_DEVICE/Target/usbd_conf.o

.debug_abbrev   0x0000000000000000     0x459b
 .debug_abbrev  0x0000000000000000      0x33b ./Core/Src/MotorCtrl.o
 .debug_abbrev  0x000000000000033b      0x3ac ./Core/Src/can_usb.o
 .debug_abbrev  0x00000000000006e7      0x1c1 ./Core/Src/led.o
 .debug_abbrev  0x00000000000008a8      0x33f ./Core/Src/main.o
 .debug_abbrev  0x0000000000000be7      0x203 ./Core/Src/stm32f3xx_hal_msp.o
 .debug_abbrev  0x0000000000000dea      0x1eb ./Core/Src/stm32f3xx_it.o
 .debug_abbrev  0x0000000000000fd5      0x11a ./Core/Src/system_stm32f3xx.o
 .debug_abbrev  0x00000000000010ef      0x451 ./Core/Src/usbcan_main.o
 .debug_abbrev  0x0000000000001540      0x3af ./Core/Src/user_if.o
 .debug_abbrev  0x00000000000018ef       0x12 ./Core/Startup/startup_stm32f302cbtx.o
 .debug_abbrev  0x0000000000001901      0x215 ./Drivers/STM32F3xx_HAL_Driver/Src/stm32f3xx_hal.o
 .debug_abbrev  0x0000000000001b16      0x22f ./Drivers/STM32F3xx_HAL_Driver/Src/stm32f3xx_hal_can.o
 .debug_abbrev  0x0000000000001d45      0x329 ./Drivers/STM32F3xx_HAL_Driver/Src/stm32f3xx_hal_cortex.o
 .debug_abbrev  0x000000000000206e      0x1ca ./Drivers/STM32F3xx_HAL_Driver/Src/stm32f3xx_hal_gpio.o
 .debug_abbrev  0x0000000000002238      0x2d2 ./Drivers/STM32F3xx_HAL_Driver/Src/stm32f3xx_hal_pcd.o
 .debug_abbrev  0x000000000000250a      0x189 ./Drivers/STM32F3xx_HAL_Driver/Src/stm32f3xx_hal_pcd_ex.o
 .debug_abbrev  0x0000000000002693      0x300 ./Drivers/STM32F3xx_HAL_Driver/Src/stm32f3xx_hal_rcc.o
 .debug_abbrev  0x0000000000002993      0x232 ./Drivers/STM32F3xx_HAL_Driver/Src/stm32f3xx_hal_rcc_ex.o
 .debug_abbrev  0x0000000000002bc5      0x278 ./Drivers/STM32F3xx_HAL_Driver/Src/stm32f3xx_hal_tim.o
 .debug_abbrev  0x0000000000002e3d      0x283 ./Drivers/STM32F3xx_HAL_Driver/Src/stm32f3xx_hal_tim_ex.o
 .debug_abbrev  0x00000000000030c0      0x23f ./Drivers/STM32F3xx_HAL_Driver/Src/stm32f3xx_ll_usb.o
 .debug_abbrev  0x00000000000032ff      0x2d3 ./Middlewares/ST/STM32_USB_Device_Library/Class/CDC/Src/usbd_cdc.o
 .debug_abbrev  0x00000000000035d2      0x24a ./Middlewares/ST/STM32_USB_Device_Library/Core/Src/usbd_core.o
 .debug_abbrev  0x000000000000381c      0x26b ./Middlewares/ST/STM32_USB_Device_Library/Core/Src/usbd_ctlreq.o
 .debug_abbrev  0x0000000000003a87      0x192 ./Middlewares/ST/STM32_USB_Device_Library/Core/Src/usbd_ioreq.o
 .debug_abbrev  0x0000000000003c19      0x18d ./USB_DEVICE/App/usb_device.o
 .debug_abbrev  0x0000000000003da6      0x2da ./USB_DEVICE/App/usbd_cdc_if.o
 .debug_abbrev  0x0000000000004080      0x1ff ./USB_DEVICE/App/usbd_desc.o
 .debug_abbrev  0x000000000000427f      0x31c ./USB_DEVICE/Target/usbd_conf.o

.debug_aranges  0x0000000000000000     0x1290
 .debug_aranges
                0x0000000000000000       0x98 ./Core/Src/MotorCtrl.o
 .debug_aranges
                0x0000000000000098       0x40 ./Core/Src/can_usb.o
 .debug_aranges
                0x00000000000000d8       0x28 ./Core/Src/led.o
 .debug_aranges
                0x0000000000000100       0x48 ./Core/Src/main.o
 .debug_aranges
                0x0000000000000148       0x40 ./Core/Src/stm32f3xx_hal_msp.o
 .debug_aranges
                0x0000000000000188       0x80 ./Core/Src/stm32f3xx_it.o
 .debug_aranges
                0x0000000000000208       0x28 ./Core/Src/system_stm32f3xx.o
 .debug_aranges
                0x0000000000000230       0x40 ./Core/Src/usbcan_main.o
 .debug_aranges
                0x0000000000000270       0x30 ./Core/Src/user_if.o
 .debug_aranges
                0x00000000000002a0       0x28 ./Core/Startup/startup_stm32f302cbtx.o
 .debug_aranges
                0x00000000000002c8       0xe0 ./Drivers/STM32F3xx_HAL_Driver/Src/stm32f3xx_hal.o
 .debug_aranges
                0x00000000000003a8      0x138 ./Drivers/STM32F3xx_HAL_Driver/Src/stm32f3xx_hal_can.o
 .debug_aranges
                0x00000000000004e0      0x118 ./Drivers/STM32F3xx_HAL_Driver/Src/stm32f3xx_hal_cortex.o
 .debug_aranges
                0x00000000000005f8       0x58 ./Drivers/STM32F3xx_HAL_Driver/Src/stm32f3xx_hal_gpio.o
 .debug_aranges
                0x0000000000000650      0x140 ./Drivers/STM32F3xx_HAL_Driver/Src/stm32f3xx_hal_pcd.o
 .debug_aranges
                0x0000000000000790       0x38 ./Drivers/STM32F3xx_HAL_Driver/Src/stm32f3xx_hal_pcd_ex.o
 .debug_aranges
                0x00000000000007c8       0x88 ./Drivers/STM32F3xx_HAL_Driver/Src/stm32f3xx_hal_rcc.o
 .debug_aranges
                0x0000000000000850       0x38 ./Drivers/STM32F3xx_HAL_Driver/Src/stm32f3xx_hal_rcc_ex.o
 .debug_aranges
                0x0000000000000888      0x3e0 ./Drivers/STM32F3xx_HAL_Driver/Src/stm32f3xx_hal_tim.o
 .debug_aranges
                0x0000000000000c68      0x178 ./Drivers/STM32F3xx_HAL_Driver/Src/stm32f3xx_hal_tim_ex.o
 .debug_aranges
                0x0000000000000de0       0xb8 ./Drivers/STM32F3xx_HAL_Driver/Src/stm32f3xx_ll_usb.o
 .debug_aranges
                0x0000000000000e98       0x90 ./Middlewares/ST/STM32_USB_Device_Library/Class/CDC/Src/usbd_cdc.o
 .debug_aranges
                0x0000000000000f28       0xb8 ./Middlewares/ST/STM32_USB_Device_Library/Core/Src/usbd_core.o
 .debug_aranges
                0x0000000000000fe0       0x88 ./Middlewares/ST/STM32_USB_Device_Library/Core/Src/usbd_ctlreq.o
 .debug_aranges
                0x0000000000001068       0x50 ./Middlewares/ST/STM32_USB_Device_Library/Core/Src/usbd_ioreq.o
 .debug_aranges
                0x00000000000010b8       0x20 ./USB_DEVICE/App/usb_device.o
 .debug_aranges
                0x00000000000010d8       0x40 ./USB_DEVICE/App/usbd_cdc_if.o
 .debug_aranges
                0x0000000000001118       0x60 ./USB_DEVICE/App/usbd_desc.o
 .debug_aranges
                0x0000000000001178      0x118 ./USB_DEVICE/Target/usbd_conf.o

.debug_rnglists
                0x0000000000000000      0xe08
 .debug_rnglists
                0x0000000000000000       0x76 ./Core/Src/MotorCtrl.o
 .debug_rnglists
                0x0000000000000076       0x2e ./Core/Src/can_usb.o
 .debug_rnglists
                0x00000000000000a4       0x19 ./Core/Src/led.o
 .debug_rnglists
                0x00000000000000bd       0x35 ./Core/Src/main.o
 .debug_rnglists
                0x00000000000000f2       0x2c ./Core/Src/stm32f3xx_hal_msp.o
 .debug_rnglists
                0x000000000000011e       0x5b ./Core/Src/stm32f3xx_it.o
 .debug_rnglists
                0x0000000000000179       0x1a ./Core/Src/system_stm32f3xx.o
 .debug_rnglists
                0x0000000000000193       0x2d ./Core/Src/usbcan_main.o
 .debug_rnglists
                0x00000000000001c0       0x1f ./Core/Src/user_if.o
 .debug_rnglists
                0x00000000000001df       0x19 ./Core/Startup/startup_stm32f302cbtx.o
 .debug_rnglists
                0x00000000000001f8       0xa3 ./Drivers/STM32F3xx_HAL_Driver/Src/stm32f3xx_hal.o
 .debug_rnglists
                0x000000000000029b       0xee ./Drivers/STM32F3xx_HAL_Driver/Src/stm32f3xx_hal_can.o
 .debug_rnglists
                0x0000000000000389       0xce ./Drivers/STM32F3xx_HAL_Driver/Src/stm32f3xx_hal_cortex.o
 .debug_rnglists
                0x0000000000000457       0x3f ./Drivers/STM32F3xx_HAL_Driver/Src/stm32f3xx_hal_gpio.o
 .debug_rnglists
                0x0000000000000496       0xf4 ./Drivers/STM32F3xx_HAL_Driver/Src/stm32f3xx_hal_pcd.o
 .debug_rnglists
                0x000000000000058a       0x26 ./Drivers/STM32F3xx_HAL_Driver/Src/stm32f3xx_hal_pcd_ex.o
 .debug_rnglists
                0x00000000000005b0       0x66 ./Drivers/STM32F3xx_HAL_Driver/Src/stm32f3xx_hal_rcc.o
 .debug_rnglists
                0x0000000000000616       0x28 ./Drivers/STM32F3xx_HAL_Driver/Src/stm32f3xx_hal_rcc_ex.o
 .debug_rnglists
                0x000000000000063e      0x328 ./Drivers/STM32F3xx_HAL_Driver/Src/stm32f3xx_hal_tim.o
 .debug_rnglists
                0x0000000000000966      0x131 ./Drivers/STM32F3xx_HAL_Driver/Src/stm32f3xx_hal_tim_ex.o
 .debug_rnglists
                0x0000000000000a97       0x8d ./Drivers/STM32F3xx_HAL_Driver/Src/stm32f3xx_ll_usb.o
 .debug_rnglists
                0x0000000000000b24       0x6a ./Middlewares/ST/STM32_USB_Device_Library/Class/CDC/Src/usbd_cdc.o
 .debug_rnglists
                0x0000000000000b8e       0x89 ./Middlewares/ST/STM32_USB_Device_Library/Core/Src/usbd_core.o
 .debug_rnglists
                0x0000000000000c17       0x68 ./Middlewares/ST/STM32_USB_Device_Library/Core/Src/usbd_ctlreq.o
 .debug_rnglists
                0x0000000000000c7f       0x37 ./Middlewares/ST/STM32_USB_Device_Library/Core/Src/usbd_ioreq.o
 .debug_rnglists
                0x0000000000000cb6       0x13 ./USB_DEVICE/App/usb_device.o
 .debug_rnglists
                0x0000000000000cc9       0x2d ./USB_DEVICE/App/usbd_cdc_if.o
 .debug_rnglists
                0x0000000000000cf6       0x43 ./USB_DEVICE/App/usbd_desc.o
 .debug_rnglists
                0x0000000000000d39       0xcf ./USB_DEVICE/Target/usbd_conf.o

.debug_macro    0x0000000000000000    0x22f2d
 .debug_macro   0x0000000000000000      0x307 ./Core/Src/MotorCtrl.o
 .debug_macro   0x0000000000000307      0xb80 ./Core/Src/MotorCtrl.o
 .debug_macro   0x0000000000000e87      0x1b2 ./Core/Src/MotorCtrl.o
 .debug_macro   0x0000000000001039       0x10 ./Core/Src/MotorCtrl.o
 .debug_macro   0x0000000000001049      0x3ed ./Core/Src/MotorCtrl.o
 .debug_macro   0x0000000000001436       0x22 ./Core/Src/MotorCtrl.o
 .debug_macro   0x0000000000001458       0x5b ./Core/Src/MotorCtrl.o
 .debug_macro   0x00000000000014b3       0x2a ./Core/Src/MotorCtrl.o
 .debug_macro   0x00000000000014dd       0x94 ./Core/Src/MotorCtrl.o
 .debug_macro   0x0000000000001571       0x43 ./Core/Src/MotorCtrl.o
 .debug_macro   0x00000000000015b4       0x34 ./Core/Src/MotorCtrl.o
 .debug_macro   0x00000000000015e8      0x17b ./Core/Src/MotorCtrl.o
 .debug_macro   0x0000000000001763       0x16 ./Core/Src/MotorCtrl.o
 .debug_macro   0x0000000000001779       0x43 ./Core/Src/MotorCtrl.o
 .debug_macro   0x00000000000017bc       0x57 ./Core/Src/MotorCtrl.o
 .debug_macro   0x0000000000001813       0x34 ./Core/Src/MotorCtrl.o
 .debug_macro   0x0000000000001847       0x10 ./Core/Src/MotorCtrl.o
 .debug_macro   0x0000000000001857       0x58 ./Core/Src/MotorCtrl.o
 .debug_macro   0x00000000000018af       0x8e ./Core/Src/MotorCtrl.o
 .debug_macro   0x000000000000193d       0x16 ./Core/Src/MotorCtrl.o
 .debug_macro   0x0000000000001953      0x177 ./Core/Src/MotorCtrl.o
 .debug_macro   0x0000000000001aca      0x38c ./Core/Src/MotorCtrl.o
 .debug_macro   0x0000000000001e56       0x10 ./Core/Src/MotorCtrl.o
 .debug_macro   0x0000000000001e66       0x35 ./Core/Src/MotorCtrl.o
 .debug_macro   0x0000000000001e9b       0x20 ./Core/Src/MotorCtrl.o
 .debug_macro   0x0000000000001ebb       0x8e ./Core/Src/MotorCtrl.o
 .debug_macro   0x0000000000001f49      0x15d ./Core/Src/MotorCtrl.o
 .debug_macro   0x00000000000020a6       0x2e ./Core/Src/MotorCtrl.o
 .debug_macro   0x00000000000020d4       0x28 ./Core/Src/MotorCtrl.o
 .debug_macro   0x00000000000020fc       0x1c ./Core/Src/MotorCtrl.o
 .debug_macro   0x0000000000002118      0x103 ./Core/Src/MotorCtrl.o
 .debug_macro   0x000000000000221b       0x6a ./Core/Src/MotorCtrl.o
 .debug_macro   0x0000000000002285      0x1df ./Core/Src/MotorCtrl.o
 .debug_macro   0x0000000000002464       0x1c ./Core/Src/MotorCtrl.o
 .debug_macro   0x0000000000002480       0x22 ./Core/Src/MotorCtrl.o
 .debug_macro   0x00000000000024a2       0xd9 ./Core/Src/MotorCtrl.o
 .debug_macro   0x000000000000257b     0x102d ./Core/Src/MotorCtrl.o
 .debug_macro   0x00000000000035a8      0x11f ./Core/Src/MotorCtrl.o
 .debug_macro   0x00000000000036c7    0x11851 ./Core/Src/MotorCtrl.o