Archive member included to satisfy reference by file (symbol)

C:/ST/STM32CubeIDE_1.9.0/STM32CubeIDE/plugins/com.st.stm32cube.ide.mcu.externaltools.gnu-tools-for-stm32.11.3.rel1.win32_1.1.0.202305231506/tools/bin/../lib/gcc/arm-none-eabi/11.3.1/../../../../arm-none-eabi/lib/thumb/v7e-m+fp/hard\libc_nano.a(libc_a-exit.o)
                              C:/ST/STM32CubeIDE_1.9.0/STM32CubeIDE/plugins/com.st.stm32cube.ide.mcu.externaltools.gnu-tools-for-stm32.11.3.rel1.win32_1.1.0.202305231506/tools/bin/../lib/gcc/arm-none-eabi/11.3.1/../../../../arm-none-eabi/lib/thumb/v7e-m+fp/hard/crt0.o (exit)
C:/ST/STM32CubeIDE_1.9.0/STM32CubeIDE/plugins/com.st.stm32cube.ide.mcu.externaltools.gnu-tools-for-stm32.11.3.rel1.win32_1.1.0.202305231506/tools/bin/../lib/gcc/arm-none-eabi/11.3.1/../../../../arm-none-eabi/lib/thumb/v7e-m+fp/hard\libc_nano.a(libc_a-findfp.o)
                              C:/ST/STM32CubeIDE_1.9.0/STM32CubeIDE/plugins/com.st.stm32cube.ide.mcu.externaltools.gnu-tools-for-stm32.11.3.rel1.win32_1.1.0.202305231506/tools/bin/../lib/gcc/arm-none-eabi/11.3.1/../../../../arm-none-eabi/lib/thumb/v7e-m+fp/hard\libc_nano.a(libc_a-exit.o) (__stdio_exit_handler)
C:/ST/STM32CubeIDE_1.9.0/STM32CubeIDE/plugins/com.st.stm32cube.ide.mcu.externaltools.gnu-tools-for-stm32.11.3.rel1.win32_1.1.0.202305231506/tools/bin/../lib/gcc/arm-none-eabi/11.3.1/../../../../arm-none-eabi/lib/thumb/v7e-m+fp/hard\libc_nano.a(libc_a-fwalk.o)
                              C:/ST/STM32CubeIDE_1.9.0/STM32CubeIDE/plugins/com.st.stm32cube.ide.mcu.externaltools.gnu-tools-for-stm32.11.3.rel1.win32_1.1.0.202305231506/tools/bin/../lib/gcc/arm-none-eabi/11.3.1/../../../../arm-none-eabi/lib/thumb/v7e-m+fp/hard\libc_nano.a(libc_a-findfp.o) (_fwalk_sglue)
C:/ST/STM32CubeIDE_1.9.0/STM32CubeIDE/plugins/com.st.stm32cube.ide.mcu.externaltools.gnu-tools-for-stm32.11.3.rel1.win32_1.1.0.202305231506/tools/bin/../lib/gcc/arm-none-eabi/11.3.1/../../../../arm-none-eabi/lib/thumb/v7e-m+fp/hard\libc_nano.a(libc_a-stdio.o)
                              C:/ST/STM32CubeIDE_1.9.0/STM32CubeIDE/plugins/com.st.stm32cube.ide.mcu.externaltools.gnu-tools-for-stm32.11.3.rel1.win32_1.1.0.202305231506/tools/bin/../lib/gcc/arm-none-eabi/11.3.1/../../../../arm-none-eabi/lib/thumb/v7e-m+fp/hard\libc_nano.a(libc_a-findfp.o) (__sread)
C:/ST/STM32CubeIDE_1.9.0/STM32CubeIDE/plugins/com.st.stm32cube.ide.mcu.externaltools.gnu-tools-for-stm32.11.3.rel1.win32_1.1.0.202305231506/tools/bin/../lib/gcc/arm-none-eabi/11.3.1/../../../../arm-none-eabi/lib/thumb/v7e-m+fp/hard\libc_nano.a(libc_a-memset.o)
                              C:/ST/STM32CubeIDE_1.9.0/STM32CubeIDE/plugins/com.st.stm32cube.ide.mcu.externaltools.gnu-tools-for-stm32.11.3.rel1.win32_1.1.0.202305231506/tools/bin/../lib/gcc/arm-none-eabi/11.3.1/../../../../arm-none-eabi/lib/thumb/v7e-m+fp/hard/crt0.o (memset)
C:/ST/STM32CubeIDE_1.9.0/STM32CubeIDE/plugins/com.st.stm32cube.ide.mcu.externaltools.gnu-tools-for-stm32.11.3.rel1.win32_1.1.0.202305231506/tools/bin/../lib/gcc/arm-none-eabi/11.3.1/../../../../arm-none-eabi/lib/thumb/v7e-m+fp/hard\libc_nano.a(libc_a-closer.o)
                              C:/ST/STM32CubeIDE_1.9.0/STM32CubeIDE/plugins/com.st.stm32cube.ide.mcu.externaltools.gnu-tools-for-stm32.11.3.rel1.win32_1.1.0.202305231506/tools/bin/../lib/gcc/arm-none-eabi/11.3.1/../../../../arm-none-eabi/lib/thumb/v7e-m+fp/hard\libc_nano.a(libc_a-stdio.o) (_close_r)
C:/ST/STM32CubeIDE_1.9.0/STM32CubeIDE/plugins/com.st.stm32cube.ide.mcu.externaltools.gnu-tools-for-stm32.11.3.rel1.win32_1.1.0.202305231506/tools/bin/../lib/gcc/arm-none-eabi/11.3.1/../../../../arm-none-eabi/lib/thumb/v7e-m+fp/hard\libc_nano.a(libc_a-reent.o)
                              C:/ST/STM32CubeIDE_1.9.0/STM32CubeIDE/plugins/com.st.stm32cube.ide.mcu.externaltools.gnu-tools-for-stm32.11.3.rel1.win32_1.1.0.202305231506/tools/bin/../lib/gcc/arm-none-eabi/11.3.1/../../../../arm-none-eabi/lib/thumb/v7e-m+fp/hard\libc_nano.a(libc_a-closer.o) (errno)
C:/ST/STM32CubeIDE_1.9.0/STM32CubeIDE/plugins/com.st.stm32cube.ide.mcu.externaltools.gnu-tools-for-stm32.11.3.rel1.win32_1.1.0.202305231506/tools/bin/../lib/gcc/arm-none-eabi/11.3.1/../../../../arm-none-eabi/lib/thumb/v7e-m+fp/hard\libc_nano.a(libc_a-impure.o)
                              C:/ST/STM32CubeIDE_1.9.0/STM32CubeIDE/plugins/com.st.stm32cube.ide.mcu.externaltools.gnu-tools-for-stm32.11.3.rel1.win32_1.1.0.202305231506/tools/bin/../lib/gcc/arm-none-eabi/11.3.1/../../../../arm-none-eabi/lib/thumb/v7e-m+fp/hard\libc_nano.a(libc_a-reent.o) (_impure_ptr)
C:/ST/STM32CubeIDE_1.9.0/STM32CubeIDE/plugins/com.st.stm32cube.ide.mcu.externaltools.gnu-tools-for-stm32.11.3.rel1.win32_1.1.0.202305231506/tools/bin/../lib/gcc/arm-none-eabi/11.3.1/../../../../arm-none-eabi/lib/thumb/v7e-m+fp/hard\libc_nano.a(libc_a-lseekr.o)
[...]
Memory Configuration

Name             Origin             Length             Attributes
RAM              0x0000000020000000 0x0000000000008000 xrw
FLASH            0x0000000008000000 0x0000000000020000 xr
*default*        0x0000000000000000 0xffffffffffffffff

Linker script and memory map

LOAD C:/ST/STM32CubeIDE_1.9.0/STM32CubeIDE/plugins/com.st.stm32cube.ide.mcu.externaltools.gnu-tools-for-stm32.11.3.rel1.win32_1.1.0.202305231506/tools/bin/../lib/gcc/arm-none-eabi/11.3.1/thumb/v7e-m+fp/hard/crti.o
LOAD C:/ST/STM32CubeIDE_1.9.0/STM32CubeIDE/plugins/com.st.stm32cube.ide.mcu.externaltools.gnu-tools-for-stm32.11.3.rel1.win32_1.1.0.202305231506/tools/bin/../lib/gcc/arm-none-eabi/11.3.1/thumb/v7e-m+fp/hard/crtbegin.o
LOAD C:/ST/STM32CubeIDE_1.9.0/STM32CubeIDE/plugins/com.st.stm32cube.ide.mcu.externaltools.gnu-tools-for-stm32.11.3.rel1.win32_1.1.0.202305231506/tools/bin/../lib/gcc/arm-none-eabi/11.3.1/../../../../arm-none-eabi/lib/thumb/v7e-m+fp/hard/crt0.o
LOAD ./Core/Src/can_usb.o
LOAD ./Core/Src/led.o
LOAD ./Core/Src/main.o
LOAD ./Core/Src/stm32f3xx_hal_msp.o
LOAD ./Core/Src/stm32f3xx_it.o
LOAD ./Core/Src/syscalls.o
LOAD ./Core/Src/sysmem.o
LOAD ./Core/Src/system_stm32f3xx.o
LOAD ./Core/Src/usbcan_main.o
LOAD ./Core/Src/user_if.o
LOAD ./Core/Startup/startup_stm32f302cbtx.o
LOAD ./Drivers/STM32F3xx_HAL_Driver/Src/stm32f3xx_hal.o
LOAD ./Drivers/STM32F3xx_HAL_Driver/Src/stm32f3xx_hal_can.o
LOAD ./Drivers/STM32F3xx_HAL_Driver/Src/stm32f3xx_hal_cortex.o
LOAD ./Drivers/STM32F3xx_HAL_Driver/Src/stm32f3xx_hal_dma.o
LOAD ./Drivers/STM32F3xx_HAL_Driver/Src/stm32f3xx_hal_exti.o
LOAD ./Drivers/STM32F3xx_HAL_Driver/Src/stm32f3xx_hal_flash.o
LOAD ./Drivers/STM32F3xx_HAL_Driver/Src/stm32f3xx_hal_flash_ex.o
LOAD ./Drivers/STM32F3xx_HAL_Driver/Src/stm32f3xx_hal_gpio.o
LOAD ./Drivers/STM32F3xx_HAL_Driver/Src/stm32f3xx_hal_i2c.o
LOAD ./Drivers/STM32F3xx_HAL_Driver/Src/stm32f3xx_hal_i2c_ex.o
LOAD ./Drivers/STM32F3xx_HAL_Driver/Src/stm32f3xx_hal_pcd.o
LOAD ./Drivers/STM32F3xx_HAL_Driver/Src/stm32f3xx_hal_pcd_ex.o
LOAD ./Drivers/STM32F3xx_HAL_Driver/Src/stm32f3xx_hal_pwr.o
LOAD ./Drivers/STM32F3xx_HAL_Driver/Src/stm32f3xx_hal_pwr_ex.o
LOAD ./Drivers/STM32F3xx_HAL_Driver/Src/stm32f3xx_hal_rcc.o
LOAD ./Drivers/STM32F3xx_HAL_Driver/Src/stm32f3xx_hal_rcc_ex.o
LOAD ./Drivers/STM32F3xx_HAL_Driver/Src/stm32f3xx_hal_tim.o
LOAD ./Drivers/STM32F3xx_HAL_Driver/Src/stm32f3xx_hal_tim_ex.o
LOAD ./Drivers/STM32F3xx_HAL_Driver/Src/stm32f3xx_ll_usb.o
LOAD ./Middlewares/ST/STM32_USB_Device_Library/Class/CDC/Src/usbd_cdc.o
LOAD ./Middlewares/ST/STM32_USB_Device_Library/Core/Src/usbd_core.o
LOAD ./Middlewares/ST/STM32_USB_Device_Library/Core/Src/usbd_ctlreq.o
LOAD ./Middlewares/ST/STM32_USB_Device_Library/Core/Src/usbd_ioreq.o
LOAD ./USB_DEVICE/App/usb_device.o
LOAD ./USB_DEVICE/App/usbd_cdc_if.o
LOAD ./USB_DEVICE/App/usbd_desc.o
LOAD ./USB_DEVICE/Target/usbd_conf.o
START GROUP
LOAD C:/ST/STM32CubeIDE_1.9.0/STM32CubeIDE/plugins/com.st.stm32cube.ide.mcu.externaltools.gnu-tools-for-stm32.11.3.rel1.win32_1.1.0.202305231506/tools/bin/../lib/gcc/arm-none-eabi/11.3.1/../../../../arm-none-eabi/lib/thumb/v7e-m+fp/hard\libstdc++_nano.a
LOAD C:/ST/STM32CubeIDE_1.9.0/STM32CubeIDE/plugins/com.st.stm32cube.ide.mcu.externaltools.gnu-tools-for-stm32.11.3.rel1.win32_1.1.0.202305231506/tools/bin/../lib/gcc/arm-none-eabi/11.3.1/../../../../arm-none-eabi/lib/thumb/v7e-m+fp/hard\libsupc++_nano.a
END GROUP
LOAD C:/ST/STM32CubeIDE_1.9.0/STM32CubeIDE/plugins/com.st.stm32cube.ide.mcu.externaltools.gnu-tools-for-stm32.11.3.rel1.win32_1.1.0.202305231506/tools/bin/../lib/gcc/arm-none-eabi/11.3.1/../../../../arm-none-eabi/lib/thumb/v7e-m+fp/hard\libstdc++_nano.a
LOAD C:/ST/STM32CubeIDE_1.9.0/STM32CubeIDE/plugins/com.st.stm32cube.ide.mcu.externaltools.gnu-tools-for-stm32.11.3.rel1.win32_1.1.0.202305231506/tools/bin/../lib/gcc/arm-none-eabi/11.3.1/../../../../arm-none-eabi/lib/thumb/v7e-m+fp/hard\libm.a
LOAD C:/ST/STM32CubeIDE_1.9.0/STM32CubeIDE/plugins/com.st.stm32cube.ide.mcu.externaltools.gnu-tools-for-stm32.11.3.rel1.win32_1.1.0.202305231506/tools/bin/../lib/gcc/arm-none-eabi/11.3.1/../../../../arm-none-eabi/lib/thumb/v7e-m+fp/hard\libc_nano.a
START GROUP
LOAD C:/ST/STM32CubeIDE_1.9.0/STM32CubeIDE/plugins/com.st.stm32cube.ide.mcu.externaltools.gnu-tools-for-stm32.11.3.rel1.win32_1.1.0.202305231506/tools/bin/../lib/gcc/arm-none-eabi/11.3.1/thumb/v7e-m+fp/hard\libgcc.a
LOAD C:/ST/STM32CubeIDE_1.9.0/STM32CubeIDE/plugins/com.st.stm32cube.ide.mcu.externaltools.gnu-tools-for-stm32.11.3.rel1.win32_1.1.0.202305231506/tools/bin/../lib/gcc/arm-none-eabi/11.3.1/../../../../arm-none-eabi/lib/thumb/v7e-m+fp/hard\libc_nano.a
END GROUP
START GROUP
LOAD C:/ST/STM32CubeIDE_1.9.0/STM32CubeIDE/plugins/com.st.stm32cube.ide.mcu.externaltools.gnu-tools-for-stm32.11.3.rel1.win32_1.1.0.202305231506/tools/bin/../lib/gcc/arm-none-eabi/11.3.1/thumb/v7e-m+fp/hard\libgcc.a
LOAD C:/ST/STM32CubeIDE_1.9.0/STM32CubeIDE/plugins/com.st.stm32cube.ide.mcu.externaltools.gnu-tools-for-stm32.11.3.rel1.win32_1.1.0.202305231506/tools/bin/../lib/gcc/arm-none-eabi/11.3.1/../../../../arm-none-eabi/lib/thumb/v7e-m+fp/hard\libc_nano.a
LOAD C:/ST/STM32CubeIDE_1.9.0/STM32CubeIDE/plugins/com.st.stm32cube.ide.mcu.externaltools.gnu-tools-for-stm32.11.3.rel1.win32_1.1.0.202305231506/tools/bin/../lib/gcc/arm-none-eabi/11.3.1/../../../../arm-none-eabi/lib/thumb/v7e-m+fp/hard\libnosys.a
END GROUP
START GROUP
LOAD C:/ST/STM32CubeIDE_1.9.0/STM32CubeIDE/plugins/com.st.stm32cube.ide.mcu.externaltools.gnu-tools-for-stm32.11.3.rel1.win32_1.1.0.202305231506/tools/bin/../lib/gcc/arm-none-eabi/11.3.1/thumb/v7e-m+fp/hard\libgcc.a
LOAD C:/ST/STM32CubeIDE_1.9.0/STM32CubeIDE/plugins/com.st.stm32cube.ide.mcu.externaltools.gnu-tools-for-stm32.11.3.rel1.win32_1.1.0.202305231506/tools/bin/../lib/gcc/arm-none-eabi/11.3.1/../../../../arm-none-eabi/lib/thumb/v7e-m+fp/hard\libc_nano.a
LOAD C:/ST/STM32CubeIDE_1.9.0/STM32CubeIDE/plugins/com.st.stm32cube.ide.mcu.externaltools.gnu-tools-for-stm32.11.3.rel1.win32_1.1.0.202305231506/tools/bin/../lib/gcc/arm-none-eabi/11.3.1/../../../../arm-none-eabi/lib/thumb/v7e-m+fp/hard\libnosys.a
END GROUP
LOAD C:/ST/STM32CubeIDE_1.9.0/STM32CubeIDE/plugins/com.st.stm32cube.ide.mcu.externaltools.gnu-tools-for-stm32.11.3.rel1.win32_1.1.0.202305231506/tools/bin/../lib/gcc/arm-none-eabi/11.3.1/thumb/v7e-m+fp/hard/crtend.o
LOAD C:/ST/STM32CubeIDE_1.9.0/STM32CubeIDE/plugins/com.st.stm32cube.ide.mcu.externaltools.gnu-tools-for-stm32.11.3.rel1.win32_1.1.0.202305231506/tools/bin/../lib/gcc/arm-none-eabi/11.3.1/thumb/v7e-m+fp/hard/crtn.o
                0x0000000020008000                _estack = (ORIGIN (RAM) + LENGTH (RAM))
                0x0000000000000200                _Min_Heap_Size = 0x200
                0x0000000000000400                _Min_Stack_Size = 0x400

.isr_vector     0x0000000008000000      0x188
                0x0000000008000000                . = ALIGN (0x4)
 *(.isr_vector)
 .isr_vector    0x0000000008000000      0x188 ./Core/Startup/startup_stm32f302cbtx.o
                0x0000000008000000                g_pfnVectors
                0x0000000008000188                . = ALIGN (0x4)

.text           0x0000000008000188     0xbe10
                0x0000000008000188                . = ALIGN (0x4)
 *(.text)
 .text          0x0000000008000188       0x40 C:/ST/STM32CubeIDE_1.9.0/STM32CubeIDE/plugins/com.st.stm32cube.ide.mcu.externaltools.gnu-tools-for-stm32.11.3.rel1.win32_1.1.0.202305231506/tools/bin/../lib/gcc/arm-none-eabi/11.3.1/thumb/v7e-m+fp/hard/crtbegin.o
 .text          0x00000000080001c8      0x378 C:/ST/STM32CubeIDE_1.9.0/STM32CubeIDE/plugins/com.st.stm32cube.ide.mcu.externaltools.gnu-tools-for-stm32.11.3.rel1.win32_1.1.0.202305231506/tools/bin/../lib/gcc/arm-none-eabi/11.3.1/thumb/v7e-m+fp/hard\libgcc.a(_arm_addsubdf3.o)
                0x00000000080001c8                __aeabi_drsub
                0x00000000080001d0                __aeabi_dsub
                0x00000000080001d0                __subdf3
                0x00000000080001d4                __aeabi_dadd
                0x00000000080001d4                __adddf3
                0x000000000800044c                __floatunsidf
                0x000000000800044c                __aeabi_ui2d
                0x000000000800046c                __floatsidf
                0x000000000800046c                __aeabi_i2d
                0x0000000008000490                __aeabi_f2d
                0x0000000008000490                __extendsfdf2
                0x00000000080004d4                __floatundidf
                0x00000000080004d4                __aeabi_ul2d
                0x00000000080004e4                __floatdidf
                0x00000000080004e4                __aeabi_l2d
 .text          0x0000000008000540      0x424 C:/ST/STM32CubeIDE_1.9.0/STM32CubeIDE/plugins/com.st.stm32cube.ide.mcu.externaltools.gnu-tools-for-stm32.11.3.rel1.win32_1.1.0.202305231506/tools/bin/../lib/gcc/arm-none-eabi/11.3.1/thumb/v7e-m+fp/hard\libgcc.a(_arm_muldivdf3.o)
                0x0000000008000540                __aeabi_dmul
                0x0000000008000540                __muldf3
                0x0000000008000794                __divdf3
                0x0000000008000794                __aeabi_ddiv
 .text          0x0000000008000964       0xa0 C:/ST/STM32CubeIDE_1.9.0/STM32CubeIDE/plugins/com.st.stm32cube.ide.mcu.externaltools.gnu-tools-for-stm32.11.3.rel1.win32_1.1.0.202305231506/tools/bin/../lib/gcc/arm-none-eabi/11.3.1/thumb/v7e-m+fp/hard\libgcc.a(_arm_truncdfsf2.o)
                0x0000000008000964                __truncdfsf2
                0x0000000008000964                __aeabi_d2f
 *(.text*)
 .text.cobs_encode
                0x0000000008000a04       0x7c ./Core/Src/can_usb.o
                0x0000000008000a04                cobs_encode
 .text._ZN9MotorCtrl7setModeEPh
                0x0000000008000a80       0xac ./Core/Src/can_usb.o
                0x0000000008000a80                MotorCtrl::setMode(unsigned char*)
 .text._ZN9MotorCtrl7setTempEPh
                0x0000000008000b2c       0x3e ./Core/Src/can_usb.o
                0x0000000008000b2c                MotorCtrl::setTemp(unsigned char*)
 .text._ZN9MotorCtrl9setTargetEPh
                0x0000000008000b6a       0x76 ./Core/Src/can_usb.o
                0x0000000008000b6a                MotorCtrl::setTarget(unsigned char*)
 .text._ZN9MotorCtrl5setKpEPh
                0x0000000008000be0       0x76 ./Core/Src/can_usb.o
                0x0000000008000be0                MotorCtrl::setKp(unsigned char*)
 .text._ZN9MotorCtrl5setKiEPh
                0x0000000008000c56       0x76 ./Core/Src/can_usb.o
                0x0000000008000c56                MotorCtrl::setKi(unsigned char*)
 .text._ZN9MotorCtrl5setKdEPh
                0x0000000008000ccc       0x76 ./Core/Src/can_usb.o
                0x0000000008000ccc                MotorCtrl::setKd(unsigned char*)
 *fill*         0x0000000008000d42        0x2 
 .text.usb_process
                0x0000000008000d44       0x54 ./Core/Src/can_usb.o
                0x0000000008000d44                usb_process
 .text.can_process
                0x0000000008000d98       0xec ./Core/Src/can_usb.o
                0x0000000008000d98                can_process
 .text._Z10usb_to_canPhh
                0x0000000008000e84       0xe4 ./Core/Src/can_usb.o
                0x0000000008000e84                usb_to_can(unsigned char*, unsigned char)
 .text._Z10robomasterPhh
                0x0000000008000f68       0x80 ./Core/Src/can_usb.o
                0x0000000008000f68                robomaster(unsigned char*, unsigned char)
 .text.led_on   0x0000000008000fe8       0x64 ./Core/Src/led.o
                0x0000000008000fe8                led_on
 .text.led_process
                0x000000000800104c       0x7c ./Core/Src/led.o
                0x000000000800104c                led_process
 .text.main     0x00000000080010c8       0x90 ./Core/Src/main.o
                0x00000000080010c8                main
 .text.SystemClock_Config
                0x0000000008001158       0xb6 ./Core/Src/main.o
                0x0000000008001158                SystemClock_Config
 *fill*         0x000000000800120e        0x2 
 .text.MX_CAN_Init
                0x0000000008001210       0x6c ./Core/Src/main.o
 .text.MX_TIM3_Init
                0x000000000800127c       0xe8 ./Core/Src/main.o
 .text.MX_GPIO_Init
                0x0000000008001364       0xf0 ./Core/Src/main.o
 .text.Error_Handler
                0x0000000008001454       0x18 ./Core/Src/main.o
                0x0000000008001454                Error_Handler
 .text.HAL_MspInit
                0x000000000800146c       0x48 ./Core/Src/stm32f3xx_hal_msp.o
                0x000000000800146c                HAL_MspInit
 .text.HAL_CAN_MspInit
                0x00000000080014b4       0x98 ./Core/Src/stm32f3xx_hal_msp.o
                0x00000000080014b4                HAL_CAN_MspInit
 .text.HAL_TIM_Base_MspInit
                0x000000000800154c       0x4c ./Core/Src/stm32f3xx_hal_msp.o
                0x000000000800154c                HAL_TIM_Base_MspInit
 .text.NMI_Handler
                0x0000000008001598        0x6 ./Core/Src/stm32f3xx_it.o
                0x0000000008001598                NMI_Handler
 .text.HardFault_Handler
                0x000000000800159e        0x6 ./Core/Src/stm32f3xx_it.o
                0x000000000800159e                HardFault_Handler
 .text.MemManage_Handler
                0x00000000080015a4        0x6 ./Core/Src/stm32f3xx_it.o
                0x00000000080015a4                MemManage_Handler
 .text.BusFault_Handler
                0x00000000080015aa        0x6 ./Core/Src/stm32f3xx_it.o
                0x00000000080015aa                BusFault_Handler
 .text.UsageFault_Handler
                0x00000000080015b0        0x6 ./Core/Src/stm32f3xx_it.o
                0x00000000080015b0                UsageFault_Handler
 .text.SVC_Handler
                0x00000000080015b6        0xe ./Core/Src/stm32f3xx_it.o
                0x00000000080015b6                SVC_Handler
 .text.DebugMon_Handler
                0x00000000080015c4        0xe ./Core/Src/stm32f3xx_it.o
                0x00000000080015c4                DebugMon_Handler
 .text.PendSV_Handler
                0x00000000080015d2        0xe ./Core/Src/stm32f3xx_it.o
                0x00000000080015d2                PendSV_Handler
 .text.SysTick_Handler
                0x00000000080015e0        0xc ./Core/Src/stm32f3xx_it.o
                0x00000000080015e0                SysTick_Handler
 .text.EXTI1_IRQHandler
                0x00000000080015ec        0xe ./Core/Src/stm32f3xx_it.o
                0x00000000080015ec                EXTI1_IRQHandler
 *fill*         0x00000000080015fa        0x2 
 .text.USB_LP_CAN_RX0_IRQHandler
                0x00000000080015fc       0x14 ./Core/Src/stm32f3xx_it.o
                0x00000000080015fc                USB_LP_CAN_RX0_IRQHandler
 .text.TIM3_IRQHandler
                0x0000000008001610       0x14 ./Core/Src/stm32f3xx_it.o
                0x0000000008001610                TIM3_IRQHandler
 .text.USB_LP_IRQHandler
                0x0000000008001624       0x14 ./Core/Src/stm32f3xx_it.o
                0x0000000008001624                USB_LP_IRQHandler
 .text.SystemInit
                0x0000000008001638       0x24 ./Core/Src/system_stm32f3xx.o
                0x0000000008001638                SystemInit
 .text._ZN10MotorParamC2Ev
                0x000000000800165c       0xe0 ./Core/Src/usbcan_main.o
                0x000000000800165c                MotorParam::MotorParam()
                0x000000000800165c                MotorParam::MotorParam()
 .text._ZN9MotorCtrlC2Ev
                0x000000000800173c       0x34 ./Core/Src/usbcan_main.o
                0x000000000800173c                MotorCtrl::MotorCtrl()
                0x000000000800173c                MotorCtrl::MotorCtrl()
 .text.main_cpp
                0x0000000008001770      0x114 ./Core/Src/usbcan_main.o
                0x0000000008001770                main_cpp
 .text._Z41__static_initialization_and_destruction_0ii
                0x0000000008001884       0x2c ./Core/Src/usbcan_main.o
 .text._GLOBAL__sub_I_motor
                0x00000000080018b0       0x10 ./Core/Src/usbcan_main.o
 .text._ZN9MotorCtrl9changeVelEt
                0x00000000080018c0       0xac ./Core/Src/user_if.o
                0x00000000080018c0                MotorCtrl::changeVel(unsigned short)
 *fill*         0x000000000800196c        0x4 
 .text._ZN9MotorCtrl6updateEmPh
                0x0000000008001970      0x258 ./Core/Src/user_if.o
                0x0000000008001970                MotorCtrl::update(unsigned long, unsigned char*)
 .text.HAL_CAN_RxFifo0MsgPendingCallback
                0x0000000008001bc8       0x78 ./Core/Src/user_if.o
                0x0000000008001bc8                HAL_CAN_RxFifo0MsgPendingCallback
 .text.HAL_GPIO_EXTI_Callback
                0x0000000008001c40       0x54 ./Core/Src/user_if.o
                0x0000000008001c40                HAL_GPIO_EXTI_Callback
 .text.changeValue
                0x0000000008001c94       0xb4 ./Core/Src/user_if.o
                0x0000000008001c94                changeValue
 .text._ZN9MotorCtrl9transmit1Ev
                0x0000000008001d48       0xd0 ./Core/Src/user_if.o
                0x0000000008001d48                MotorCtrl::transmit1()
 .text._ZN9MotorCtrl9transmit2Ev
                0x0000000008001e18       0xb8 ./Core/Src/user_if.o
                0x0000000008001e18                MotorCtrl::transmit2()
 .text._ZN9MotorCtrl3emsEv
                0x0000000008001ed0       0x54 ./Core/Src/user_if.o
                0x0000000008001ed0                MotorCtrl::ems()
 .text._ZN9MotorCtrl5resetEv
                0x0000000008001f24       0x6e ./Core/Src/user_if.o
                0x0000000008001f24                MotorCtrl::reset()
 *fill*         0x0000000008001f92        0x2 
 .text.HAL_TIM_PeriodElapsedCallback
                0x0000000008001f94       0x58 ./Core/Src/user_if.o
                0x0000000008001f94                HAL_TIM_PeriodElapsedCallback
 .text.Reset_Handler
                0x0000000008001fec       0x50 ./Core/Startup/startup_stm32f302cbtx.o
                0x0000000008001fec                Reset_Handler
 .text.Default_Handler
                0x000000000800203c        0x2 ./Core/Startup/startup_stm32f302cbtx.o
                0x000000000800203c                RTC_Alarm_IRQHandler
                0x000000000800203c                TIM1_CC_IRQHandler
                0x000000000800203c                USB_HP_IRQHandler
                0x000000000800203c                PVD_IRQHandler
                0x000000000800203c                TAMP_STAMP_IRQHandler
                0x000000000800203c                EXTI3_IRQHandler
                0x000000000800203c                USB_HP_CAN_TX_IRQHandler
                0x000000000800203c                EXTI0_IRQHandler
                0x000000000800203c                I2C2_EV_IRQHandler
                0x000000000800203c                FPU_IRQHandler
                0x000000000800203c                TIM1_UP_TIM16_IRQHandler
                0x000000000800203c                ADC1_2_IRQHandler
                0x000000000800203c                SPI1_IRQHandler
                0x000000000800203c                CAN_SCE_IRQHandler
                0x000000000800203c                TIM6_DAC_IRQHandler
                0x000000000800203c                DMA2_Channel2_IRQHandler
                0x000000000800203c                DMA1_Channel4_IRQHandler
                0x000000000800203c                USART3_IRQHandler
                0x000000000800203c                DMA1_Channel7_IRQHandler
                0x000000000800203c                UART5_IRQHandler
                0x000000000800203c                TIM4_IRQHandler
                0x000000000800203c                CAN_RX1_IRQHandler
                0x000000000800203c                DMA2_Channel1_IRQHandler
                0x000000000800203c                I2C1_EV_IRQHandler
                0x000000000800203c                DMA1_Channel6_IRQHandler
                0x000000000800203c                UART4_IRQHandler
                0x000000000800203c                DMA2_Channel4_IRQHandler
                0x000000000800203c                RCC_IRQHandler
                0x000000000800203c                DMA1_Channel1_IRQHandler
                0x000000000800203c                Default_Handler
                0x000000000800203c                USBWakeUp_RMP_IRQHandler
                0x000000000800203c                EXTI15_10_IRQHandler
                0x000000000800203c                EXTI9_5_IRQHandler
                0x000000000800203c                RTC_WKUP_IRQHandler
                0x000000000800203c                SPI2_IRQHandler
                0x000000000800203c                DMA2_Channel5_IRQHandler
                0x000000000800203c                DMA1_Channel5_IRQHandler
                0x000000000800203c                EXTI4_IRQHandler
                0x000000000800203c                COMP1_2_IRQHandler
                0x000000000800203c                TIM1_TRG_COM_TIM17_IRQHandler
                0x000000000800203c                DMA1_Channel3_IRQHandler
                0x000000000800203c                WWDG_IRQHandler
                0x000000000800203c                TIM2_IRQHandler
                0x000000000800203c                COMP4_6_IRQHandler
                0x000000000800203c                USART2_IRQHandler
                0x000000000800203c                I2C2_ER_IRQHandler
                0x000000000800203c                DMA1_Channel2_IRQHandler
                0x000000000800203c                FLASH_IRQHandler
                0x000000000800203c                USART1_IRQHandler
                0x000000000800203c                SPI3_IRQHandler
                0x000000000800203c                I2C1_ER_IRQHandler
                0x000000000800203c                USBWakeUp_IRQHandler
                0x000000000800203c                DMA2_Channel3_IRQHandler
                0x000000000800203c                EXTI2_TSC_IRQHandler
                0x000000000800203c                TIM1_BRK_TIM15_IRQHandler
 *fill*         0x000000000800203e        0x2 
 .text.HAL_Init
                0x0000000008002040       0x2c ./Drivers/STM32F3xx_HAL_Driver/Src/stm32f3xx_hal.o
                0x0000000008002040                HAL_Init
 .text.HAL_InitTick
                0x000000000800206c       0x60 ./Drivers/STM32F3xx_HAL_Driver/Src/stm32f3xx_hal.o
                0x000000000800206c                HAL_InitTick
 .text.HAL_IncTick
                0x00000000080020cc       0x28 ./Drivers/STM32F3xx_HAL_Driver/Src/stm32f3xx_hal.o
                0x00000000080020cc                HAL_IncTick
 .text.HAL_GetTick
                0x00000000080020f4       0x18 ./Drivers/STM32F3xx_HAL_Driver/Src/stm32f3xx_hal.o
                0x00000000080020f4                HAL_GetTick
 .text.HAL_CAN_Init
                0x000000000800210c      0x1f6 ./Drivers/STM32F3xx_HAL_Driver/Src/stm32f3xx_hal_can.o
                0x000000000800210c                HAL_CAN_Init
 .text.HAL_CAN_ConfigFilter
                0x0000000008002302      0x194 ./Drivers/STM32F3xx_HAL_Driver/Src/stm32f3xx_hal_can.o
                0x0000000008002302                HAL_CAN_ConfigFilter
 .text.HAL_CAN_Start
                0x0000000008002496       0x88 ./Drivers/STM32F3xx_HAL_Driver/Src/stm32f3xx_hal_can.o
                0x0000000008002496                HAL_CAN_Start
 .text.HAL_CAN_AddTxMessage
                0x000000000800251e      0x1a0 ./Drivers/STM32F3xx_HAL_Driver/Src/stm32f3xx_hal_can.o
                0x000000000800251e                HAL_CAN_AddTxMessage
 .text.HAL_CAN_GetTxMailboxesFreeLevel
                0x00000000080026be       0x6a ./Drivers/STM32F3xx_HAL_Driver/Src/stm32f3xx_hal_can.o
                0x00000000080026be                HAL_CAN_GetTxMailboxesFreeLevel
 .text.HAL_CAN_GetRxMessage
                0x0000000008002728      0x244 ./Drivers/STM32F3xx_HAL_Driver/Src/stm32f3xx_hal_can.o
                0x0000000008002728                HAL_CAN_GetRxMessage
 .text.HAL_CAN_ActivateNotification
                0x000000000800296c       0x4c ./Drivers/STM32F3xx_HAL_Driver/Src/stm32f3xx_hal_can.o
                0x000000000800296c                HAL_CAN_ActivateNotification
 .text.HAL_CAN_IRQHandler
                0x00000000080029b8      0x36e ./Drivers/STM32F3xx_HAL_Driver/Src/stm32f3xx_hal_can.o
                0x00000000080029b8                HAL_CAN_IRQHandler
 .text.HAL_CAN_TxMailbox0CompleteCallback
                0x0000000008002d26       0x14 ./Drivers/STM32F3xx_HAL_Driver/Src/stm32f3xx_hal_can.o
                0x0000000008002d26                HAL_CAN_TxMailbox0CompleteCallback
 .text.HAL_CAN_TxMailbox1CompleteCallback
                0x0000000008002d3a       0x14 ./Drivers/STM32F3xx_HAL_Driver/Src/stm32f3xx_hal_can.o
                0x0000000008002d3a                HAL_CAN_TxMailbox1CompleteCallback
 .text.HAL_CAN_TxMailbox2CompleteCallback
                0x0000000008002d4e       0x14 ./Drivers/STM32F3xx_HAL_Driver/Src/stm32f3xx_hal_can.o
                0x0000000008002d4e                HAL_CAN_TxMailbox2CompleteCallback
 .text.HAL_CAN_TxMailbox0AbortCallback
                0x0000000008002d62       0x14 ./Drivers/STM32F3xx_HAL_Driver/Src/stm32f3xx_hal_can.o
                0x0000000008002d62                HAL_CAN_TxMailbox0AbortCallback
 .text.HAL_CAN_TxMailbox1AbortCallback
                0x0000000008002d76       0x14 ./Drivers/STM32F3xx_HAL_Driver/Src/stm32f3xx_hal_can.o
                0x0000000008002d76                HAL_CAN_TxMailbox1AbortCallback
 .text.HAL_CAN_TxMailbox2AbortCallback
                0x0000000008002d8a       0x14 ./Drivers/STM32F3xx_HAL_Driver/Src/stm32f3xx_hal_can.o
                0x0000000008002d8a                HAL_CAN_TxMailbox2AbortCallback
 .text.HAL_CAN_RxFifo0FullCallback
                0x0000000008002d9e       0x14 ./Drivers/STM32F3xx_HAL_Driver/Src/stm32f3xx_hal_can.o
                0x0000000008002d9e                HAL_CAN_RxFifo0FullCallback
 .text.HAL_CAN_RxFifo1MsgPendingCallback
                0x0000000008002db2       0x14 ./Drivers/STM32F3xx_HAL_Driver/Src/stm32f3xx_hal_can.o
                0x0000000008002db2                HAL_CAN_RxFifo1MsgPendingCallback
 .text.HAL_CAN_RxFifo1FullCallback
                0x0000000008002dc6       0x14 ./Drivers/STM32F3xx_HAL_Driver/Src/stm32f3xx_hal_can.o
                0x0000000008002dc6                HAL_CAN_RxFifo1FullCallback
 .text.HAL_CAN_SleepCallback
                0x0000000008002dda       0x14 ./Drivers/STM32F3xx_HAL_Driver/Src/stm32f3xx_hal_can.o
                0x0000000008002dda                HAL_CAN_SleepCallback
 .text.HAL_CAN_WakeUpFromRxMsgCallback
                0x0000000008002dee       0x14 ./Drivers/STM32F3xx_HAL_Driver/Src/stm32f3xx_hal_can.o
                0x0000000008002dee                HAL_CAN_WakeUpFromRxMsgCallback
 .text.HAL_CAN_ErrorCallback
                0x0000000008002e02       0x14 ./Drivers/STM32F3xx_HAL_Driver/Src/stm32f3xx_hal_can.o
                0x0000000008002e02                HAL_CAN_ErrorCallback
 *fill*         0x0000000008002e16        0x2 
 .text.__NVIC_SetPriorityGrouping
                0x0000000008002e18       0x48 ./Drivers/STM32F3xx_HAL_Driver/Src/stm32f3xx_hal_cortex.o
 .text.__NVIC_GetPriorityGrouping
                0x0000000008002e60       0x1c ./Drivers/STM32F3xx_HAL_Driver/Src/stm32f3xx_hal_cortex.o
 .text.__NVIC_EnableIRQ
                0x0000000008002e7c       0x3c ./Drivers/STM32F3xx_HAL_Driver/Src/stm32f3xx_hal_cortex.o
 .text.__NVIC_SetPriority
                0x0000000008002eb8       0x54 ./Drivers/STM32F3xx_HAL_Driver/Src/stm32f3xx_hal_cortex.o
 .text.NVIC_EncodePriority
                0x0000000008002f0c       0x66 ./Drivers/STM32F3xx_HAL_Driver/Src/stm32f3xx_hal_cortex.o
 *fill*         0x0000000008002f72        0x2 
 .text.SysTick_Config
                0x0000000008002f74       0x44 ./Drivers/STM32F3xx_HAL_Driver/Src/stm32f3xx_hal_cortex.o
 .text.HAL_NVIC_SetPriorityGrouping
                0x0000000008002fb8       0x16 ./Drivers/STM32F3xx_HAL_Driver/Src/stm32f3xx_hal_cortex.o
                0x0000000008002fb8                HAL_NVIC_SetPriorityGrouping
 .text.HAL_NVIC_SetPriority
                0x0000000008002fce       0x38 ./Drivers/STM32F3xx_HAL_Driver/Src/stm32f3xx_hal_cortex.o
                0x0000000008002fce                HAL_NVIC_SetPriority
 .text.HAL_NVIC_EnableIRQ
                0x0000000008003006       0x1c ./Drivers/STM32F3xx_HAL_Driver/Src/stm32f3xx_hal_cortex.o
                0x0000000008003006                HAL_NVIC_EnableIRQ
 .text.HAL_SYSTICK_Config
                0x0000000008003022       0x18 ./Drivers/STM32F3xx_HAL_Driver/Src/stm32f3xx_hal_cortex.o
                0x0000000008003022                HAL_SYSTICK_Config
 *fill*         0x000000000800303a        0x2 
 .text.HAL_GPIO_Init
                0x000000000800303c      0x2f4 ./Drivers/STM32F3xx_HAL_Driver/Src/stm32f3xx_hal_gpio.o
                0x000000000800303c                HAL_GPIO_Init
 .text.HAL_GPIO_ReadPin
                0x0000000008003330       0x30 ./Drivers/STM32F3xx_HAL_Driver/Src/stm32f3xx_hal_gpio.o
                0x0000000008003330                HAL_GPIO_ReadPin
 .text.HAL_GPIO_WritePin
                0x0000000008003360       0x30 ./Drivers/STM32F3xx_HAL_Driver/Src/stm32f3xx_hal_gpio.o
                0x0000000008003360                HAL_GPIO_WritePin
 .text.HAL_GPIO_EXTI_IRQHandler
                0x0000000008003390       0x30 ./Drivers/STM32F3xx_HAL_Driver/Src/stm32f3xx_hal_gpio.o
                0x0000000008003390                HAL_GPIO_EXTI_IRQHandler
 .text.HAL_PCD_Init
                0x00000000080033c0      0x1a4 ./Drivers/STM32F3xx_HAL_Driver/Src/stm32f3xx_hal_pcd.o
                0x00000000080033c0                HAL_PCD_Init
 .text.HAL_PCD_Start
                0x0000000008003564       0x4c ./Drivers/STM32F3xx_HAL_Driver/Src/stm32f3xx_hal_pcd.o
                0x0000000008003564                HAL_PCD_Start
 .text.HAL_PCD_IRQHandler
                0x00000000080035b0      0x1a8 ./Drivers/STM32F3xx_HAL_Driver/Src/stm32f3xx_hal_pcd.o
                0x00000000080035b0                HAL_PCD_IRQHandler
 .text.HAL_PCD_SetAddress
                0x0000000008003758       0x4a ./Drivers/STM32F3xx_HAL_Driver/Src/stm32f3xx_hal_pcd.o
                0x0000000008003758                HAL_PCD_SetAddress
 .text.HAL_PCD_EP_Open
                0x00000000080037a2       0xba ./Drivers/STM32F3xx_HAL_Driver/Src/stm32f3xx_hal_pcd.o
                0x00000000080037a2                HAL_PCD_EP_Open
 .text.HAL_PCD_EP_Close
                0x000000000800385c       0x90 ./Drivers/STM32F3xx_HAL_Driver/Src/stm32f3xx_hal_pcd.o
                0x000000000800385c                HAL_PCD_EP_Close
 .text.HAL_PCD_EP_Receive
                0x00000000080038ec       0x62 ./Drivers/STM32F3xx_HAL_Driver/Src/stm32f3xx_hal_pcd.o
                0x00000000080038ec                HAL_PCD_EP_Receive
 .text.HAL_PCD_EP_GetRxCount
                0x000000000800394e       0x30 ./Drivers/STM32F3xx_HAL_Driver/Src/stm32f3xx_hal_pcd.o
                0x000000000800394e                HAL_PCD_EP_GetRxCount
 .text.HAL_PCD_EP_Transmit
                0x000000000800397e       0x6e ./Drivers/STM32F3xx_HAL_Driver/Src/stm32f3xx_hal_pcd.o
                0x000000000800397e                HAL_PCD_EP_Transmit
 .text.HAL_PCD_EP_SetStall
                0x00000000080039ec       0xa4 ./Drivers/STM32F3xx_HAL_Driver/Src/stm32f3xx_hal_pcd.o
                0x00000000080039ec                HAL_PCD_EP_SetStall
 .text.HAL_PCD_EP_ClrStall
                0x0000000008003a90       0xa8 ./Drivers/STM32F3xx_HAL_Driver/Src/stm32f3xx_hal_pcd.o
                0x0000000008003a90                HAL_PCD_EP_ClrStall
 .text.PCD_EP_ISR_Handler
                0x0000000008003b38      0x7a6 ./Drivers/STM32F3xx_HAL_Driver/Src/stm32f3xx_hal_pcd.o
 .text.HAL_PCD_EP_DB_Receive
                0x00000000080042de      0x21a ./Drivers/STM32F3xx_HAL_Driver/Src/stm32f3xx_hal_pcd.o
 .text.HAL_PCD_EP_DB_Transmit
                0x00000000080044f8      0x7f4 ./Drivers/STM32F3xx_HAL_Driver/Src/stm32f3xx_hal_pcd.o
 .text.HAL_PCDEx_PMAConfig
                0x0000000008004cec       0x86 ./Drivers/STM32F3xx_HAL_Driver/Src/stm32f3xx_hal_pcd_ex.o
                0x0000000008004cec                HAL_PCDEx_PMAConfig
 *fill*         0x0000000008004d72        0x2 
 .text.HAL_RCC_OscConfig
                0x0000000008004d74     0x107c ./Drivers/STM32F3xx_HAL_Driver/Src/stm32f3xx_hal_rcc.o
                0x0000000008004d74                HAL_RCC_OscConfig
 .text.HAL_RCC_ClockConfig
                0x0000000008005df0      0x2f8 ./Drivers/STM32F3xx_HAL_Driver/Src/stm32f3xx_hal_rcc.o
                0x0000000008005df0                HAL_RCC_ClockConfig
 .text.HAL_RCC_GetSysClockFreq
                0x00000000080060e8       0xd4 ./Drivers/STM32F3xx_HAL_Driver/Src/stm32f3xx_hal_rcc.o
                0x00000000080060e8                HAL_RCC_GetSysClockFreq
 .text.HAL_RCCEx_PeriphCLKConfig
                0x00000000080061bc      0x324 ./Drivers/STM32F3xx_HAL_Driver/Src/stm32f3xx_hal_rcc_ex.o
                0x00000000080061bc                HAL_RCCEx_PeriphCLKConfig
 .text.HAL_TIM_Base_Init
                0x00000000080064e0       0xae ./Drivers/STM32F3xx_HAL_Driver/Src/stm32f3xx_hal_tim.o
                0x00000000080064e0                HAL_TIM_Base_Init
 *fill*         0x000000000800658e        0x2 
 .text.HAL_TIM_Base_Start_IT
                0x0000000008006590       0xc4 ./Drivers/STM32F3xx_HAL_Driver/Src/stm32f3xx_hal_tim.o
                0x0000000008006590                HAL_TIM_Base_Start_IT
 .text.HAL_TIM_PWM_Init
                0x0000000008006654       0xae ./Drivers/STM32F3xx_HAL_Driver/Src/stm32f3xx_hal_tim.o
                0x0000000008006654                HAL_TIM_PWM_Init
 .text.HAL_TIM_PWM_MspInit
                0x0000000008006702       0x14 ./Drivers/STM32F3xx_HAL_Driver/Src/stm32f3xx_hal_tim.o
                0x0000000008006702                HAL_TIM_PWM_MspInit
 .text.HAL_TIM_IRQHandler
                0x0000000008006716      0x23e ./Drivers/STM32F3xx_HAL_Driver/Src/stm32f3xx_hal_tim.o
                0x0000000008006716                HAL_TIM_IRQHandler
 .text.HAL_TIM_PWM_ConfigChannel
                0x0000000008006954      0x228 ./Drivers/STM32F3xx_HAL_Driver/Src/stm32f3xx_hal_tim.o
                0x0000000008006954                HAL_TIM_PWM_ConfigChannel
 .text.HAL_TIM_ConfigClockSource
                0x0000000008006b7c      0x192 ./Drivers/STM32F3xx_HAL_Driver/Src/stm32f3xx_hal_tim.o
                0x0000000008006b7c                HAL_TIM_ConfigClockSource
 .text.HAL_TIM_OC_DelayElapsedCallback
                0x0000000008006d0e       0x14 ./Drivers/STM32F3xx_HAL_Driver/Src/stm32f3xx_hal_tim.o
                0x0000000008006d0e                HAL_TIM_OC_DelayElapsedCallback
 .text.HAL_TIM_IC_CaptureCallback
                0x0000000008006d22       0x14 ./Drivers/STM32F3xx_HAL_Driver/Src/stm32f3xx_hal_tim.o
                0x0000000008006d22                HAL_TIM_IC_CaptureCallback
 .text.HAL_TIM_PWM_PulseFinishedCallback
                0x0000000008006d36       0x14 ./Drivers/STM32F3xx_HAL_Driver/Src/stm32f3xx_hal_tim.o
                0x0000000008006d36                HAL_TIM_PWM_PulseFinishedCallback
 .text.HAL_TIM_TriggerCallback
                0x0000000008006d4a       0x14 ./Drivers/STM32F3xx_HAL_Driver/Src/stm32f3xx_hal_tim.o
                0x0000000008006d4a                HAL_TIM_TriggerCallback
 *fill*         0x0000000008006d5e        0x2 
 .text.TIM_Base_SetConfig
                0x0000000008006d60      0x104 ./Drivers/STM32F3xx_HAL_Driver/Src/stm32f3xx_hal_tim.o
                0x0000000008006d60                TIM_Base_SetConfig
 .text.TIM_OC1_SetConfig
                0x0000000008006e64      0x10c ./Drivers/STM32F3xx_HAL_Driver/Src/stm32f3xx_hal_tim.o
 .text.TIM_OC2_SetConfig
                0x0000000008006f70      0x100 ./Drivers/STM32F3xx_HAL_Driver/Src/stm32f3xx_hal_tim.o
                0x0000000008006f70                TIM_OC2_SetConfig
 .text.TIM_OC3_SetConfig
                0x0000000008007070       0xfc ./Drivers/STM32F3xx_HAL_Driver/Src/stm32f3xx_hal_tim.o
 .text.TIM_OC4_SetConfig
                0x000000000800716c       0xc8 ./Drivers/STM32F3xx_HAL_Driver/Src/stm32f3xx_hal_tim.o
 .text.TIM_OC5_SetConfig
                0x0000000008007234       0xbc ./Drivers/STM32F3xx_HAL_Driver/Src/stm32f3xx_hal_tim.o
 .text.TIM_OC6_SetConfig
                0x00000000080072f0       0xc0 ./Drivers/STM32F3xx_HAL_Driver/Src/stm32f3xx_hal_tim.o
 .text.TIM_TI1_ConfigInputStage
                0x00000000080073b0       0x5e ./Drivers/STM32F3xx_HAL_Driver/Src/stm32f3xx_hal_tim.o
 .text.TIM_TI2_ConfigInputStage
                0x000000000800740e       0x60 ./Drivers/STM32F3xx_HAL_Driver/Src/stm32f3xx_hal_tim.o
 .text.TIM_ITRx_SetConfig
                0x000000000800746e       0x36 ./Drivers/STM32F3xx_HAL_Driver/Src/stm32f3xx_hal_tim.o
 .text.TIM_ETR_SetConfig
                0x00000000080074a4       0x40 ./Drivers/STM32F3xx_HAL_Driver/Src/stm32f3xx_hal_tim.o
                0x00000000080074a4                TIM_ETR_SetConfig
 .text.HAL_TIMEx_MasterConfigSynchronization
                0x00000000080074e4       0xe8 ./Drivers/STM32F3xx_HAL_Driver/Src/stm32f3xx_hal_tim_ex.o
                0x00000000080074e4                HAL_TIMEx_MasterConfigSynchronization
 .text.HAL_TIMEx_CommutCallback
                0x00000000080075cc       0x14 ./Drivers/STM32F3xx_HAL_Driver/Src/stm32f3xx_hal_tim_ex.o
                0x00000000080075cc                HAL_TIMEx_CommutCallback
 .text.HAL_TIMEx_BreakCallback
                0x00000000080075e0       0x14 ./Drivers/STM32F3xx_HAL_Driver/Src/stm32f3xx_hal_tim_ex.o
                0x00000000080075e0                HAL_TIMEx_BreakCallback
 .text.HAL_TIMEx_Break2Callback
                0x00000000080075f4       0x14 ./Drivers/STM32F3xx_HAL_Driver/Src/stm32f3xx_hal_tim_ex.o
                0x00000000080075f4                HAL_TIMEx_Break2Callback
 .text.USB_EnableGlobalInt
                0x0000000008007608       0x2e ./Drivers/STM32F3xx_HAL_Driver/Src/stm32f3xx_ll_usb.o
                0x0000000008007608                USB_EnableGlobalInt
 .text.USB_DisableGlobalInt
                0x0000000008007636       0x36 ./Drivers/STM32F3xx_HAL_Driver/Src/stm32f3xx_ll_usb.o
                0x0000000008007636                USB_DisableGlobalInt
 .text.USB_DevInit
                0x000000000800766c       0x42 ./Drivers/STM32F3xx_HAL_Driver/Src/stm32f3xx_ll_usb.o
                0x000000000800766c                USB_DevInit
 *fill*         0x00000000080076ae        0x2 
 .text.USB_ActivateEndpoint
                0x00000000080076b0      0x788 ./Drivers/STM32F3xx_HAL_Driver/Src/stm32f3xx_ll_usb.o
                0x00000000080076b0                USB_ActivateEndpoint
 .text.USB_DeactivateEndpoint
                0x0000000008007e38      0x3da ./Drivers/STM32F3xx_HAL_Driver/Src/stm32f3xx_ll_usb.o
                0x0000000008007e38                USB_DeactivateEndpoint
 .text.USB_EPStartXfer
                0x0000000008008212     0x1762 ./Drivers/STM32F3xx_HAL_Driver/Src/stm32f3xx_ll_usb.o
                0x0000000008008212                USB_EPStartXfer
 .text.USB_EPSetStall
                0x0000000008009974       0xa2 ./Drivers/STM32F3xx_HAL_Driver/Src/stm32f3xx_ll_usb.o
                0x0000000008009974                USB_EPSetStall
 .text.USB_EPClearStall
                0x0000000008009a16      0x15c ./Drivers/STM32F3xx_HAL_Driver/Src/stm32f3xx_ll_usb.o
                0x0000000008009a16                USB_EPClearStall
 .text.USB_SetDevAddress
                0x0000000008009b72       0x28 ./Drivers/STM32F3xx_HAL_Driver/Src/stm32f3xx_ll_usb.o
                0x0000000008009b72                USB_SetDevAddress
 .text.USB_DevConnect
                0x0000000008009b9a       0x16 ./Drivers/STM32F3xx_HAL_Driver/Src/stm32f3xx_ll_usb.o
                0x0000000008009b9a                USB_DevConnect
 .text.USB_ReadInterrupts
                0x0000000008009bb0       0x20 ./Drivers/STM32F3xx_HAL_Driver/Src/stm32f3xx_ll_usb.o
                0x0000000008009bb0                USB_ReadInterrupts
 .text.USB_WritePMA
                0x0000000008009bd0       0x8c ./Drivers/STM32F3xx_HAL_Driver/Src/stm32f3xx_ll_usb.o
                0x0000000008009bd0                USB_WritePMA
 .text.USB_ReadPMA
                0x0000000008009c5c       0xa0 ./Drivers/STM32F3xx_HAL_Driver/Src/stm32f3xx_ll_usb.o
                0x0000000008009c5c                USB_ReadPMA
 .text.USBD_CDC_Init
                0x0000000008009cfc       0xf4 ./Middlewares/ST/STM32_USB_Device_Library/Class/CDC/Src/usbd_cdc.o
 .text.USBD_CDC_DeInit
                0x0000000008009df0       0x6e ./Middlewares/ST/STM32_USB_Device_Library/Class/CDC/Src/usbd_cdc.o
 .text.USBD_CDC_Setup
                0x0000000008009e5e      0x146 ./Middlewares/ST/STM32_USB_Device_Library/Class/CDC/Src/usbd_cdc.o
 .text.USBD_CDC_DataIn
                0x0000000008009fa4       0xa6 ./Middlewares/ST/STM32_USB_Device_Library/Class/CDC/Src/usbd_cdc.o
 .text.USBD_CDC_DataOut
                0x000000000800a04a       0x56 ./Middlewares/ST/STM32_USB_Device_Library/Class/CDC/Src/usbd_cdc.o
 .text.USBD_CDC_EP0_RxReady
                0x000000000800a0a0       0x50 ./Middlewares/ST/STM32_USB_Device_Library/Class/CDC/Src/usbd_cdc.o
 .text.USBD_CDC_GetFSCfgDesc
                0x000000000800a0f0       0x20 ./Middlewares/ST/STM32_USB_Device_Library/Class/CDC/Src/usbd_cdc.o
 .text.USBD_CDC_GetHSCfgDesc
                0x000000000800a110       0x20 ./Middlewares/ST/STM32_USB_Device_Library/Class/CDC/Src/usbd_cdc.o
 .text.USBD_CDC_GetOtherSpeedCfgDesc
                0x000000000800a130       0x20 ./Middlewares/ST/STM32_USB_Device_Library/Class/CDC/Src/usbd_cdc.o
 .text.USBD_CDC_GetDeviceQualifierDescriptor
                0x000000000800a150       0x20 ./Middlewares/ST/STM32_USB_Device_Library/Class/CDC/Src/usbd_cdc.o
                0x000000000800a150                USBD_CDC_GetDeviceQualifierDescriptor
 .text.USBD_CDC_RegisterInterface
                0x000000000800a170       0x2e ./Middlewares/ST/STM32_USB_Device_Library/Class/CDC/Src/usbd_cdc.o
                0x000000000800a170                USBD_CDC_RegisterInterface
 .text.USBD_CDC_SetTxBuffer
                0x000000000800a19e       0x34 ./Middlewares/ST/STM32_USB_Device_Library/Class/CDC/Src/usbd_cdc.o
                0x000000000800a19e                USBD_CDC_SetTxBuffer
 .text.USBD_CDC_SetRxBuffer
                0x000000000800a1d2       0x28 ./Middlewares/ST/STM32_USB_Device_Library/Class/CDC/Src/usbd_cdc.o
                0x000000000800a1d2                USBD_CDC_SetRxBuffer
 .text.USBD_CDC_TransmitPacket
                0x000000000800a1fa       0x5e ./Middlewares/ST/STM32_USB_Device_Library/Class/CDC/Src/usbd_cdc.o
                0x000000000800a1fa                USBD_CDC_TransmitPacket
 .text.USBD_CDC_ReceivePacket
                0x000000000800a258       0x54 ./Middlewares/ST/STM32_USB_Device_Library/Class/CDC/Src/usbd_cdc.o
                0x000000000800a258                USBD_CDC_ReceivePacket
 .text.USBD_Init
                0x000000000800a2ac       0x56 ./Middlewares/ST/STM32_USB_Device_Library/Core/Src/usbd_core.o
                0x000000000800a2ac                USBD_Init
 .text.USBD_RegisterClass
                0x000000000800a302       0x34 ./Middlewares/ST/STM32_USB_Device_Library/Core/Src/usbd_core.o
                0x000000000800a302                USBD_RegisterClass
 .text.USBD_Start
                0x000000000800a336       0x18 ./Middlewares/ST/STM32_USB_Device_Library/Core/Src/usbd_core.o
                0x000000000800a336                USBD_Start
 .text.USBD_RunTestMode
                0x000000000800a34e       0x16 ./Middlewares/ST/STM32_USB_Device_Library/Core/Src/usbd_core.o
                0x000000000800a34e                USBD_RunTestMode
 .text.USBD_SetClassConfig
                0x000000000800a364       0x3e ./Middlewares/ST/STM32_USB_Device_Library/Core/Src/usbd_core.o
                0x000000000800a364                USBD_SetClassConfig
 .text.USBD_ClrClassConfig
                0x000000000800a3a2       0x26 ./Middlewares/ST/STM32_USB_Device_Library/Core/Src/usbd_core.o
                0x000000000800a3a2                USBD_ClrClassConfig
 .text.USBD_LL_SetupStage
                0x000000000800a3c8       0x9a ./Middlewares/ST/STM32_USB_Device_Library/Core/Src/usbd_core.o
                0x000000000800a3c8                USBD_LL_SetupStage
 .text.USBD_LL_DataOutStage
                0x000000000800a462       0xe2 ./Middlewares/ST/STM32_USB_Device_Library/Core/Src/usbd_core.o
                0x000000000800a462                USBD_LL_DataOutStage
 .text.USBD_LL_DataInStage
                0x000000000800a544      0x14a ./Middlewares/ST/STM32_USB_Device_Library/Core/Src/usbd_core.o
                0x000000000800a544                USBD_LL_DataInStage
 .text.USBD_LL_Reset
                0x000000000800a68e       0x82 ./Middlewares/ST/STM32_USB_Device_Library/Core/Src/usbd_core.o
                0x000000000800a68e                USBD_LL_Reset
 .text.USBD_LL_SetSpeed
                0x000000000800a710       0x20 ./Middlewares/ST/STM32_USB_Device_Library/Core/Src/usbd_core.o
                0x000000000800a710                USBD_LL_SetSpeed
 .text.USBD_LL_Suspend
                0x000000000800a730       0x2a ./Middlewares/ST/STM32_USB_Device_Library/Core/Src/usbd_core.o
                0x000000000800a730                USBD_LL_Suspend
 .text.USBD_LL_Resume
                0x000000000800a75a       0x2c ./Middlewares/ST/STM32_USB_Device_Library/Core/Src/usbd_core.o
                0x000000000800a75a                USBD_LL_Resume
 .text.USBD_LL_SOF
                0x000000000800a786       0x34 ./Middlewares/ST/STM32_USB_Device_Library/Core/Src/usbd_core.o
                0x000000000800a786                USBD_LL_SOF
 *fill*         0x000000000800a7ba        0x2 
 .text.USBD_StdDevReq
                0x000000000800a7bc       0xd4 ./Middlewares/ST/STM32_USB_Device_Library/Core/Src/usbd_ctlreq.o
                0x000000000800a7bc                USBD_StdDevReq
 .text.USBD_StdItfReq
                0x000000000800a890       0x90 ./Middlewares/ST/STM32_USB_Device_Library/Core/Src/usbd_ctlreq.o
                0x000000000800a890                USBD_StdItfReq
 .text.USBD_StdEPReq
                0x000000000800a920      0x2c6 ./Middlewares/ST/STM32_USB_Device_Library/Core/Src/usbd_ctlreq.o
                0x000000000800a920                USBD_StdEPReq
 *fill*         0x000000000800abe6        0x2 
 .text.USBD_GetDescriptor
                0x000000000800abe8      0x2d0 ./Middlewares/ST/STM32_USB_Device_Library/Core/Src/usbd_ctlreq.o
 .text.USBD_SetAddress
                0x000000000800aeb8       0x86 ./Middlewares/ST/STM32_USB_Device_Library/Core/Src/usbd_ctlreq.o
 *fill*         0x000000000800af3e        0x2 
 .text.USBD_SetConfig
                0x000000000800af40      0x11c ./Middlewares/ST/STM32_USB_Device_Library/Core/Src/usbd_ctlreq.o
 .text.USBD_GetConfig
                0x000000000800b05c       0x6a ./Middlewares/ST/STM32_USB_Device_Library/Core/Src/usbd_ctlreq.o
 .text.USBD_GetStatus
                0x000000000800b0c6       0x66 ./Middlewares/ST/STM32_USB_Device_Library/Core/Src/usbd_ctlreq.o
 .text.USBD_SetFeature
                0x000000000800b12c       0x28 ./Middlewares/ST/STM32_USB_Device_Library/Core/Src/usbd_ctlreq.o
 .text.USBD_ClrFeature
                0x000000000800b154       0x42 ./Middlewares/ST/STM32_USB_Device_Library/Core/Src/usbd_ctlreq.o
 .text.USBD_ParseSetupRequest
                0x000000000800b196       0x7a ./Middlewares/ST/STM32_USB_Device_Library/Core/Src/usbd_ctlreq.o
                0x000000000800b196                USBD_ParseSetupRequest
 .text.USBD_CtlError
                0x000000000800b210       0x22 ./Middlewares/ST/STM32_USB_Device_Library/Core/Src/usbd_ctlreq.o
                0x000000000800b210                USBD_CtlError
 .text.USBD_GetString
                0x000000000800b232       0x84 ./Middlewares/ST/STM32_USB_Device_Library/Core/Src/usbd_ctlreq.o
                0x000000000800b232                USBD_GetString
 .text.USBD_GetLen
                0x000000000800b2b6       0x30 ./Middlewares/ST/STM32_USB_Device_Library/Core/Src/usbd_ctlreq.o
 .text.USBD_CtlSendData
                0x000000000800b2e6       0x38 ./Middlewares/ST/STM32_USB_Device_Library/Core/Src/usbd_ioreq.o
                0x000000000800b2e6                USBD_CtlSendData
 .text.USBD_CtlContinueSendData
                0x000000000800b31e       0x24 ./Middlewares/ST/STM32_USB_Device_Library/Core/Src/usbd_ioreq.o
                0x000000000800b31e                USBD_CtlContinueSendData
 .text.USBD_CtlPrepareRx
                0x000000000800b342       0x3c ./Middlewares/ST/STM32_USB_Device_Library/Core/Src/usbd_ioreq.o
                0x000000000800b342                USBD_CtlPrepareRx
 .text.USBD_CtlContinueRx
                0x000000000800b37e       0x24 ./Middlewares/ST/STM32_USB_Device_Library/Core/Src/usbd_ioreq.o
                0x000000000800b37e                USBD_CtlContinueRx
 .text.USBD_CtlSendStatus
                0x000000000800b3a2       0x26 ./Middlewares/ST/STM32_USB_Device_Library/Core/Src/usbd_ioreq.o
                0x000000000800b3a2                USBD_CtlSendStatus
 .text.USBD_CtlReceiveStatus
                0x000000000800b3c8       0x26 ./Middlewares/ST/STM32_USB_Device_Library/Core/Src/usbd_ioreq.o
                0x000000000800b3c8                USBD_CtlReceiveStatus
 *fill*         0x000000000800b3ee        0x2 
 .text.MX_USB_DEVICE_Init
                0x000000000800b3f0       0x60 ./USB_DEVICE/App/usb_device.o
                0x000000000800b3f0                MX_USB_DEVICE_Init
 .text.CDC_Init_FS
                0x000000000800b450       0x28 ./USB_DEVICE/App/usbd_cdc_if.o
 .text.CDC_DeInit_FS
                0x000000000800b478       0x10 ./USB_DEVICE/App/usbd_cdc_if.o
 .text.CDC_Control_FS
                0x000000000800b488      0x170 ./USB_DEVICE/App/usbd_cdc_if.o
 .text.CDC_Receive_FS
                0x000000000800b5f8       0xe8 ./USB_DEVICE/App/usbd_cdc_if.o
 .text.CDC_Transmit_FS
                0x000000000800b6e0       0x4c ./USB_DEVICE/App/usbd_cdc_if.o
                0x000000000800b6e0                CDC_Transmit_FS
 .text.USBD_FS_DeviceDescriptor
                0x000000000800b72c       0x24 ./USB_DEVICE/App/usbd_desc.o
                0x000000000800b72c                USBD_FS_DeviceDescriptor
 .text.USBD_FS_LangIDStrDescriptor
                0x000000000800b750       0x24 ./USB_DEVICE/App/usbd_desc.o
                0x000000000800b750                USBD_FS_LangIDStrDescriptor
 .text.USBD_FS_ProductStrDescriptor
                0x000000000800b774       0x3c ./USB_DEVICE/App/usbd_desc.o
                0x000000000800b774                USBD_FS_ProductStrDescriptor
 .text.USBD_FS_ManufacturerStrDescriptor
                0x000000000800b7b0       0x28 ./USB_DEVICE/App/usbd_desc.o
                0x000000000800b7b0                USBD_FS_ManufacturerStrDescriptor
 .text.USBD_FS_SerialStrDescriptor
                0x000000000800b7d8       0x24 ./USB_DEVICE/App/usbd_desc.o
                0x000000000800b7d8                USBD_FS_SerialStrDescriptor
 .text.USBD_FS_ConfigStrDescriptor
                0x000000000800b7fc       0x3c ./USB_DEVICE/App/usbd_desc.o
                0x000000000800b7fc                USBD_FS_ConfigStrDescriptor
 .text.USBD_FS_InterfaceStrDescriptor
                0x000000000800b838       0x3c ./USB_DEVICE/App/usbd_desc.o
                0x000000000800b838                USBD_FS_InterfaceStrDescriptor
 .text.Get_SerialNum
                0x000000000800b874       0x58 ./USB_DEVICE/App/usbd_desc.o
 .text.IntToUnicode
                0x000000000800b8cc       0x7e ./USB_DEVICE/App/usbd_desc.o
 *fill*         0x000000000800b94a        0x2 
 .text.HAL_PCD_MspInit
                0x000000000800b94c       0xa8 ./USB_DEVICE/Target/usbd_conf.o
                0x000000000800b94c                HAL_PCD_MspInit
 .text.HAL_PCD_SetupStageCallback
                0x000000000800b9f4       0x24 ./USB_DEVICE/Target/usbd_conf.o
                0x000000000800b9f4                HAL_PCD_SetupStageCallback
 .text.HAL_PCD_DataOutStageCallback
                0x000000000800ba18       0x36 ./USB_DEVICE/Target/usbd_conf.o
                0x000000000800ba18                HAL_PCD_DataOutStageCallback
 .text.HAL_PCD_DataInStageCallback
                0x000000000800ba4e       0x34 ./USB_DEVICE/Target/usbd_conf.o
                0x000000000800ba4e                HAL_PCD_DataInStageCallback
 .text.HAL_PCD_SOFCallback
                0x000000000800ba82       0x1c ./USB_DEVICE/Target/usbd_conf.o
                0x000000000800ba82                HAL_PCD_SOFCallback
 .text.HAL_PCD_ResetCallback
                0x000000000800ba9e       0x3c ./USB_DEVICE/Target/usbd_conf.o
                0x000000000800ba9e                HAL_PCD_ResetCallback
 *fill*         0x000000000800bada        0x2 
 .text.HAL_PCD_SuspendCallback
                0x000000000800badc       0x34 ./USB_DEVICE/Target/usbd_conf.o
                0x000000000800badc                HAL_PCD_SuspendCallback
 .text.HAL_PCD_ResumeCallback
                0x000000000800bb10       0x1c ./USB_DEVICE/Target/usbd_conf.o
                0x000000000800bb10                HAL_PCD_ResumeCallback
 .text.USBD_LL_Init
                0x000000000800bb2c       0xb4 ./USB_DEVICE/Target/usbd_conf.o
                0x000000000800bb2c                USBD_LL_Init
 .text.USBD_LL_Start
                0x000000000800bbe0       0x36 ./USB_DEVICE/Target/usbd_conf.o
                0x000000000800bbe0                USBD_LL_Start
 .text.USBD_LL_OpenEP
                0x000000000800bc16       0x4c ./USB_DEVICE/Target/usbd_conf.o
                0x000000000800bc16                USBD_LL_OpenEP
 .text.USBD_LL_CloseEP
                0x000000000800bc62       0x3e ./USB_DEVICE/Target/usbd_conf.o
                0x000000000800bc62                USBD_LL_CloseEP
 .text.USBD_LL_StallEP
                0x000000000800bca0       0x3e ./USB_DEVICE/Target/usbd_conf.o
                0x000000000800bca0                USBD_LL_StallEP
 .text.USBD_LL_ClearStallEP
                0x000000000800bcde       0x3e ./USB_DEVICE/Target/usbd_conf.o
                0x000000000800bcde                USBD_LL_ClearStallEP
 .text.USBD_LL_IsStallEP
                0x000000000800bd1c       0x5a ./USB_DEVICE/Target/usbd_conf.o
                0x000000000800bd1c                USBD_LL_IsStallEP
 .text.USBD_LL_SetUSBAddress
                0x000000000800bd76       0x3e ./USB_DEVICE/Target/usbd_conf.o
                0x000000000800bd76                USBD_LL_SetUSBAddress
 .text.USBD_LL_Transmit
                0x000000000800bdb4       0x46 ./USB_DEVICE/Target/usbd_conf.o
                0x000000000800bdb4                USBD_LL_Transmit
 .text.USBD_LL_PrepareReceive
                0x000000000800bdfa       0x46 ./USB_DEVICE/Target/usbd_conf.o
                0x000000000800bdfa                USBD_LL_PrepareReceive
 .text.USBD_LL_GetRxDataSize
                0x000000000800be40       0x26 ./USB_DEVICE/Target/usbd_conf.o
                0x000000000800be40                USBD_LL_GetRxDataSize
 *fill*         0x000000000800be66        0x2 
 .text.USBD_static_malloc
                0x000000000800be68       0x1c ./USB_DEVICE/Target/usbd_conf.o
                0x000000000800be68                USBD_static_malloc
 .text.USBD_static_free
                0x000000000800be84       0x14 ./USB_DEVICE/Target/usbd_conf.o
                0x000000000800be84                USBD_static_free
 .text.HAL_PCDEx_SetConnectionState
                0x000000000800be98       0x38 ./USB_DEVICE/Target/usbd_conf.o
                0x000000000800be98                HAL_PCDEx_SetConnectionState
 .text.USBD_Get_USB_Status
                0x000000000800bed0       0x58 ./USB_DEVICE/Target/usbd_conf.o
 .text.memset   0x000000000800bf28       0x10 C:/ST/STM32CubeIDE_1.9.0/STM32CubeIDE/plugins/com.st.stm32cube.ide.mcu.externaltools.gnu-tools-for-stm32.11.3.rel1.win32_1.1.0.202305231506/tools/bin/../lib/gcc/arm-none-eabi/11.3.1/../../../../arm-none-eabi/lib/thumb/v7e-m+fp/hard\libc_nano.a(libc_a-memset.o)
                0x000000000800bf28                memset
 .text.__libc_init_array
                0x000000000800bf38       0x48 C:/ST/STM32CubeIDE_1.9.0/STM32CubeIDE/plugins/com.st.stm32cube.ide.mcu.externaltools.gnu-tools-for-stm32.11.3.rel1.win32_1.1.0.202305231506/tools/bin/../lib/gcc/arm-none-eabi/11.3.1/../../../../arm-none-eabi/lib/thumb/v7e-m+fp/hard\libc_nano.a(libc_a-init.o)
                0x000000000800bf38                __libc_init_array
 *(.glue_7)
 .glue_7        0x000000000800bf80        0x0 linker stubs
 *(.glue_7t)
 .glue_7t       0x000000000800bf80        0x0 linker stubs
 *(.eh_frame)
 .eh_frame      0x000000000800bf80        0x0 C:/ST/STM32CubeIDE_1.9.0/STM32CubeIDE/plugins/com.st.stm32cube.ide.mcu.externaltools.gnu-tools-for-stm32.11.3.rel1.win32_1.1.0.202305231506/tools/bin/../lib/gcc/arm-none-eabi/11.3.1/thumb/v7e-m+fp/hard/crtbegin.o
 *(.init)
 .init          0x000000000800bf80        0x4 C:/ST/STM32CubeIDE_1.9.0/STM32CubeIDE/plugins/com.st.stm32cube.ide.mcu.externaltools.gnu-tools-for-stm32.11.3.rel1.win32_1.1.0.202305231506/tools/bin/../lib/gcc/arm-none-eabi/11.3.1/thumb/v7e-m+fp/hard/crti.o
                0x000000000800bf80                _init
 .init          0x000000000800bf84        0x8 C:/ST/STM32CubeIDE_1.9.0/STM32CubeIDE/plugins/com.st.stm32cube.ide.mcu.externaltools.gnu-tools-for-stm32.11.3.rel1.win32_1.1.0.202305231506/tools/bin/../lib/gcc/arm-none-eabi/11.3.1/thumb/v7e-m+fp/hard/crtn.o
 *(.fini)
 .fini          0x000000000800bf8c        0x4 C:/ST/STM32CubeIDE_1.9.0/STM32CubeIDE/plugins/com.st.stm32cube.ide.mcu.externaltools.gnu-tools-for-stm32.11.3.rel1.win32_1.1.0.202305231506/tools/bin/../lib/gcc/arm-none-eabi/11.3.1/thumb/v7e-m+fp/hard/crti.o
                0x000000000800bf8c                _fini
 .fini          0x000000000800bf90        0x8 C:/ST/STM32CubeIDE_1.9.0/STM32CubeIDE/plugins/com.st.stm32cube.ide.mcu.externaltools.gnu-tools-for-stm32.11.3.rel1.win32_1.1.0.202305231506/tools/bin/../lib/gcc/arm-none-eabi/11.3.1/thumb/v7e-m+fp/hard/crtn.o
                0x000000000800bf98                . = ALIGN (0x4)
                0x000000000800bf98                _etext = .

.vfp11_veneer   0x000000000800bf98        0x0
 .vfp11_veneer  0x000000000800bf98        0x0 linker stubs

.v4_bx          0x000000000800bf98        0x0
 .v4_bx         0x000000000800bf98        0x0 linker stubs

.iplt           0x000000000800bf98        0x0
 .iplt          0x000000000800bf98        0x0 C:/ST/STM32CubeIDE_1.9.0/STM32CubeIDE/plugins/com.st.stm32cube.ide.mcu.externaltools.gnu-tools-for-stm32.11.3.rel1.win32_1.1.0.202305231506/tools/bin/../lib/gcc/arm-none-eabi/11.3.1/thumb/v7e-m+fp/hard/crtbegin.o

.rodata         0x000000000800bf98       0xb8
                0x000000000800bf98                . = ALIGN (0x4)
 *(.rodata)
 .rodata        0x000000000800bf98       0x48 ./Core/Src/usbcan_main.o
 .rodata        0x000000000800bfe0        0x8 ./Core/Src/user_if.o
 .rodata        0x000000000800bfe8       0x36 ./USB_DEVICE/App/usbd_desc.o
 *(.rodata*)
 *fill*         0x000000000800c01e        0x2 
 .rodata.AHBPrescTable
                0x000000000800c020       0x10 ./Core/Src/system_stm32f3xx.o
                0x000000000800c020                AHBPrescTable
 .rodata.aPLLMULFactorTable
                0x000000000800c030       0x10 ./Drivers/STM32F3xx_HAL_Driver/Src/stm32f3xx_hal_rcc.o
 .rodata.aPredivFactorTable
                0x000000000800c040       0x10 ./Drivers/STM32F3xx_HAL_Driver/Src/stm32f3xx_hal_rcc.o
                0x000000000800c050                . = ALIGN (0x4)

.rel.dyn        0x000000000800c050        0x0
 .rel.iplt      0x000000000800c050        0x0 C:/ST/STM32CubeIDE_1.9.0/STM32CubeIDE/plugins/com.st.stm32cube.ide.mcu.externaltools.gnu-tools-for-stm32.11.3.rel1.win32_1.1.0.202305231506/tools/bin/../lib/gcc/arm-none-eabi/11.3.1/thumb/v7e-m+fp/hard/crtbegin.o

.ARM.extab      0x000000000800c050        0x0
                0x000000000800c050                . = ALIGN (0x4)
 *(.ARM.extab* .gnu.linkonce.armextab.*)
                0x000000000800c050                . = ALIGN (0x4)

.ARM            0x000000000800c050        0x0
                0x000000000800c050                . = ALIGN (0x4)
                0x000000000800c050                __exidx_start = .
 *(.ARM.exidx*)
                0x000000000800c050                __exidx_end = .
                0x000000000800c050                . = ALIGN (0x4)

.preinit_array  0x000000000800c050        0x0
                0x000000000800c050                . = ALIGN (0x4)
                0x000000000800c050                PROVIDE (__preinit_array_start = .)
 *(.preinit_array*)
                0x000000000800c050                PROVIDE (__preinit_array_end = .)
                0x000000000800c050                . = ALIGN (0x4)

.init_array     0x000000000800c050        0x8
                0x000000000800c050                . = ALIGN (0x4)
                0x000000000800c050                PROVIDE (__init_array_start = .)
 *(SORT_BY_NAME(.init_array.*))
 *(.init_array*)
 .init_array    0x000000000800c050        0x4 C:/ST/STM32CubeIDE_1.9.0/STM32CubeIDE/plugins/com.st.stm32cube.ide.mcu.externaltools.gnu-tools-for-stm32.11.3.rel1.win32_1.1.0.202305231506/tools/bin/../lib/gcc/arm-none-eabi/11.3.1/thumb/v7e-m+fp/hard/crtbegin.o
 .init_array    0x000000000800c054        0x4 ./Core/Src/usbcan_main.o
                0x000000000800c058                PROVIDE (__init_array_end = .)
                0x000000000800c058                . = ALIGN (0x4)

.fini_array     0x000000000800c058        0x4
                0x000000000800c058                . = ALIGN (0x4)
                [!provide]                        PROVIDE (__fini_array_start = .)
 *(SORT_BY_NAME(.fini_array.*))
 *(.fini_array*)
 .fini_array    0x000000000800c058        0x4 C:/ST/STM32CubeIDE_1.9.0/STM32CubeIDE/plugins/com.st.stm32cube.ide.mcu.externaltools.gnu-tools-for-stm32.11.3.rel1.win32_1.1.0.202305231506/tools/bin/../lib/gcc/arm-none-eabi/11.3.1/thumb/v7e-m+fp/hard/crtbegin.o
                [!provide]                        PROVIDE (__fini_array_end = .)
                0x000000000800c05c                . = ALIGN (0x4)
                0x000000000800c05c                _sidata = LOADADDR (.data)

.data           0x0000000020000000      0x1dc load address 0x000000000800c05c
                0x0000000020000000                . = ALIGN (0x4)
                0x0000000020000000                _sdata = .
 *(.data)
 *(.data*)
 .data._ZZ11usb_processE18HelloSLCAN_encoded
                0x0000000020000000        0xd ./Core/Src/can_usb.o
 *fill*         0x000000002000000d        0x3 
 .data.led_list
                0x0000000020000010       0x40 ./Core/Src/led.o
                0x0000000020000010                led_list
 .data.SystemCoreClock
                0x0000000020000050        0x4 ./Core/Src/system_stm32f3xx.o
                0x0000000020000050                SystemCoreClock
 .data._ZZ22HAL_GPIO_EXTI_CallbackE18HelloSLCAN_encoded
                0x0000000020000054        0x4 ./Core/Src/user_if.o
 .data._ZZ22HAL_GPIO_EXTI_CallbackE18HelloSLCAN_encoded_0
                0x0000000020000058        0x4 ./Core/Src/user_if.o
 .data.uwTickPrio
                0x000000002000005c        0x4 ./Drivers/STM32F3xx_HAL_Driver/Src/stm32f3xx_hal.o
                0x000000002000005c                uwTickPrio
 .data.uwTickFreq
                0x0000000020000060        0x1 ./Drivers/STM32F3xx_HAL_Driver/Src/stm32f3xx_hal.o
                0x0000000020000060                uwTickFreq
 *fill*         0x0000000020000061        0x3 
 .data.USBD_CDC_DeviceQualifierDesc
                0x0000000020000064        0xa ./Middlewares/ST/STM32_USB_Device_Library/Class/CDC/Src/usbd_cdc.o
 *fill*         0x000000002000006e        0x2 
 .data.USBD_CDC
                0x0000000020000070       0x38 ./Middlewares/ST/STM32_USB_Device_Library/Class/CDC/Src/usbd_cdc.o
                0x0000000020000070                USBD_CDC
 .data.USBD_CDC_CfgHSDesc
                0x00000000200000a8       0x43 ./Middlewares/ST/STM32_USB_Device_Library/Class/CDC/Src/usbd_cdc.o
                0x00000000200000a8                USBD_CDC_CfgHSDesc
 *fill*         0x00000000200000eb        0x1 
 .data.USBD_CDC_CfgFSDesc
                0x00000000200000ec       0x43 ./Middlewares/ST/STM32_USB_Device_Library/Class/CDC/Src/usbd_cdc.o
                0x00000000200000ec                USBD_CDC_CfgFSDesc
 *fill*         0x000000002000012f        0x1 
 .data.USBD_CDC_OtherSpeedCfgDesc
                0x0000000020000130       0x43 ./Middlewares/ST/STM32_USB_Device_Library/Class/CDC/Src/usbd_cdc.o
                0x0000000020000130                USBD_CDC_OtherSpeedCfgDesc
 .data.zero_count
                0x0000000020000173        0x1 ./USB_DEVICE/App/usbd_cdc_if.o
                0x0000000020000173                zero_count
 .data.linecoding
                0x0000000020000174        0x8 ./USB_DEVICE/App/usbd_cdc_if.o
                0x0000000020000174                linecoding
 .data.USBD_Interface_fops_FS
                0x000000002000017c       0x10 ./USB_DEVICE/App/usbd_cdc_if.o
                0x000000002000017c                USBD_Interface_fops_FS
 .data.FS_Desc  0x000000002000018c       0x1c ./USB_DEVICE/App/usbd_desc.o
                0x000000002000018c                FS_Desc
 .data.USBD_FS_DeviceDesc
                0x00000000200001a8       0x12 ./USB_DEVICE/App/usbd_desc.o
                0x00000000200001a8                USBD_FS_DeviceDesc
 *fill*         0x00000000200001ba        0x2 
 .data.USBD_LangIDDesc
                0x00000000200001bc        0x4 ./USB_DEVICE/App/usbd_desc.o
                0x00000000200001bc                USBD_LangIDDesc
 .data.USBD_StringSerial
                0x00000000200001c0       0x1a ./USB_DEVICE/App/usbd_desc.o
                0x00000000200001c0                USBD_StringSerial
 *(.RamFunc)
 *(.RamFunc*)
                0x00000000200001dc                . = ALIGN (0x4)
 *fill*         0x00000000200001da        0x2 
                0x00000000200001dc                _edata = .

.igot.plt       0x00000000200001dc        0x0 load address 0x000000000800c238
 .igot.plt      0x00000000200001dc        0x0 C:/ST/STM32CubeIDE_1.9.0/STM32CubeIDE/plugins/com.st.stm32cube.ide.mcu.externaltools.gnu-tools-for-stm32.11.3.rel1.win32_1.1.0.202305231506/tools/bin/../lib/gcc/arm-none-eabi/11.3.1/thumb/v7e-m+fp/hard/crtbegin.o
                0x00000000200001dc                . = ALIGN (0x4)

.bss            0x00000000200001dc     0x1460 load address 0x000000000800c238
                0x00000000200001dc                _sbss = .
                0x00000000200001dc                __bss_start__ = _sbss
 *(.bss)
 .bss           0x00000000200001dc       0x1c C:/ST/STM32CubeIDE_1.9.0/STM32CubeIDE/plugins/com.st.stm32cube.ide.mcu.externaltools.gnu-tools-for-stm32.11.3.rel1.win32_1.1.0.202305231506/tools/bin/../lib/gcc/arm-none-eabi/11.3.1/thumb/v7e-m+fp/hard/crtbegin.o
 *(.bss*)
 .bss.TxHeader  0x00000000200001f8       0x18 ./Core/Src/can_usb.o
                0x00000000200001f8                TxHeader
 .bss.TxMailbox
                0x0000000020000210        0x4 ./Core/Src/can_usb.o
                0x0000000020000210                TxMailbox
 .bss.hcan      0x0000000020000214       0x28 ./Core/Src/main.o
                0x0000000020000214                hcan
 .bss.htim3     0x000000002000023c       0x4c ./Core/Src/main.o
                0x000000002000023c                htim3
 .bss.motor     0x0000000020000288      0x168 ./Core/Src/usbcan_main.o
                0x0000000020000288                motor
 .bss.TxHeader1
                0x00000000200003f0       0x18 ./Core/Src/usbcan_main.o
                0x00000000200003f0                TxHeader1
 .bss.TxHeader2
                0x0000000020000408       0x18 ./Core/Src/usbcan_main.o
                0x0000000020000408                TxHeader2
 .bss.uwTick    0x0000000020000420        0x4 ./Drivers/STM32F3xx_HAL_Driver/Src/stm32f3xx_hal.o
                0x0000000020000420                uwTick
 .bss.cfgidx.0  0x0000000020000424        0x1 ./Middlewares/ST/STM32_USB_Device_Library/Core/Src/usbd_ctlreq.o
 *fill*         0x0000000020000425        0x3 
 .bss.hUsbDeviceFS
                0x0000000020000428      0x2c4 ./USB_DEVICE/App/usb_device.o
                0x0000000020000428                hUsbDeviceFS
 .bss.DecodedData
                0x00000000200006ec       0x40 ./USB_DEVICE/App/usbd_cdc_if.o
                0x00000000200006ec                DecodedData
 .bss.data_index
                0x000000002000072c        0x1 ./USB_DEVICE/App/usbd_cdc_if.o
                0x000000002000072c                data_index
 .bss.is_first  0x000000002000072d        0x1 ./USB_DEVICE/App/usbd_cdc_if.o
                0x000000002000072d                is_first
 *fill*         0x000000002000072e        0x2 
 .bss.UserRxBufferFS
                0x0000000020000730      0x400 ./USB_DEVICE/App/usbd_cdc_if.o
                0x0000000020000730                UserRxBufferFS
 .bss.UserTxBufferFS
                0x0000000020000b30      0x400 ./USB_DEVICE/App/usbd_cdc_if.o
                0x0000000020000b30                UserTxBufferFS
 .bss.USBD_StrDesc
                0x0000000020000f30      0x200 ./USB_DEVICE/App/usbd_desc.o
                0x0000000020000f30                USBD_StrDesc
 .bss.hpcd_USB_FS
                0x0000000020001130      0x2ec ./USB_DEVICE/Target/usbd_conf.o
                0x0000000020001130                hpcd_USB_FS
 .bss.mem.0     0x000000002000141c      0x220 ./USB_DEVICE/Target/usbd_conf.o
 *(COMMON)
                0x000000002000163c                . = ALIGN (0x4)
                0x000000002000163c                _ebss = .
                0x000000002000163c                __bss_end__ = _ebss

._user_heap_stack
                0x000000002000163c      0x604 load address 0x000000000800c238
                0x0000000020001640                . = ALIGN (0x8)
 *fill*         0x000000002000163c        0x4 
                [!provide]                        PROVIDE (end = .)
                0x0000000020001640                PROVIDE (_end = .)
                0x0000000020001840                . = (. + _Min_Heap_Size)
 *fill*         0x0000000020001640      0x200 
                0x0000000020001c40                . = (. + _Min_Stack_Size)
 *fill*         0x0000000020001840      0x400 
                0x0000000020001c40                . = ALIGN (0x8)

/DISCARD/
 libc.a(*)
 libm.a(*)
 libgcc.a(*)

.ARM.attributes
                0x0000000000000000       0x30
 *(.ARM.attributes)
 .ARM.attributes
                0x0000000000000000       0x1e C:/ST/STM32CubeIDE_1.9.0/STM32CubeIDE/plugins/com.st.stm32cube.ide.mcu.externaltools.gnu-tools-for-stm32.11.3.rel1.win32_1.1.0.202305231506/tools/bin/../lib/gcc/arm-none-eabi/11.3.1/thumb/v7e-m+fp/hard/crti.o
 .ARM.attributes
                0x000000000000001e       0x34 C:/ST/STM32CubeIDE_1.9.0/STM32CubeIDE/plugins/com.st.stm32cube.ide.mcu.externaltools.gnu-tools-for-stm32.11.3.rel1.win32_1.1.0.202305231506/tools/bin/../lib/gcc/arm-none-eabi/11.3.1/thumb/v7e-m+fp/hard/crtbegin.o
 .ARM.attributes
                0x0000000000000052       0x34 ./Core/Src/can_usb.o
 .ARM.attributes
                0x0000000000000086       0x34 ./Core/Src/led.o
 .ARM.attributes
                0x00000000000000ba       0x34 ./Core/Src/main.o
 .ARM.attributes
                0x00000000000000ee       0x34 ./Core/Src/stm32f3xx_hal_msp.o
 .ARM.attributes
                0x0000000000000122       0x34 ./Core/Src/stm32f3xx_it.o
 .ARM.attributes
                0x0000000000000156       0x34 ./Core/Src/system_stm32f3xx.o
 .ARM.attributes
                0x000000000000018a       0x34 ./Core/Src/usbcan_main.o
 .ARM.attributes
                0x00000000000001be       0x34 ./Core/Src/user_if.o
 .ARM.attributes
                0x00000000000001f2       0x21 ./Core/Startup/startup_stm32f302cbtx.o
 .ARM.attributes
                0x0000000000000213       0x34 ./Drivers/STM32F3xx_HAL_Driver/Src/stm32f3xx_hal.o
 .ARM.attributes
                0x0000000000000247       0x34 ./Drivers/STM32F3xx_HAL_Driver/Src/stm32f3xx_hal_can.o
 .ARM.attributes
                0x000000000000027b       0x34 ./Drivers/STM32F3xx_HAL_Driver/Src/stm32f3xx_hal_cortex.o
 .ARM.attributes
                0x00000000000002af       0x34 ./Drivers/STM32F3xx_HAL_Driver/Src/stm32f3xx_hal_gpio.o
 .ARM.attributes
                0x00000000000002e3       0x34 ./Drivers/STM32F3xx_HAL_Driver/Src/stm32f3xx_hal_pcd.o
 .ARM.attributes
                0x0000000000000317       0x34 ./Drivers/STM32F3xx_HAL_Driver/Src/stm32f3xx_hal_pcd_ex.o
 .ARM.attributes
                0x000000000000034b       0x34 ./Drivers/STM32F3xx_HAL_Driver/Src/stm32f3xx_hal_rcc.o
 .ARM.attributes
                0x000000000000037f       0x34 ./Drivers/STM32F3xx_HAL_Driver/Src/stm32f3xx_hal_rcc_ex.o
 .ARM.attributes
                0x00000000000003b3       0x34 ./Drivers/STM32F3xx_HAL_Driver/Src/stm32f3xx_hal_tim.o
 .ARM.attributes
                0x00000000000003e7       0x34 ./Drivers/STM32F3xx_HAL_Driver/Src/stm32f3xx_hal_tim_ex.o
 .ARM.attributes
                0x000000000000041b       0x34 ./Drivers/STM32F3xx_HAL_Driver/Src/stm32f3xx_ll_usb.o
 .ARM.attributes
                0x000000000000044f       0x34 ./Middlewares/ST/STM32_USB_Device_Library/Class/CDC/Src/usbd_cdc.o
 .ARM.attributes
                0x0000000000000483       0x34 ./Middlewares/ST/STM32_USB_Device_Library/Core/Src/usbd_core.o
 .ARM.attributes
                0x00000000000004b7       0x34 ./Middlewares/ST/STM32_USB_Device_Library/Core/Src/usbd_ctlreq.o
 .ARM.attributes
                0x00000000000004eb       0x34 ./Middlewares/ST/STM32_USB_Device_Library/Core/Src/usbd_ioreq.o
 .ARM.attributes
                0x000000000000051f       0x34 ./USB_DEVICE/App/usb_device.o
 .ARM.attributes
                0x0000000000000553       0x34 ./USB_DEVICE/App/usbd_cdc_if.o
 .ARM.attributes
                0x0000000000000587       0x34 ./USB_DEVICE/App/usbd_desc.o
 .ARM.attributes
                0x00000000000005bb       0x34 ./USB_DEVICE/Target/usbd_conf.o
 .ARM.attributes
                0x00000000000005ef       0x34 C:/ST/STM32CubeIDE_1.9.0/STM32CubeIDE/plugins/com.st.stm32cube.ide.mcu.externaltools.gnu-tools-for-stm32.11.3.rel1.win32_1.1.0.202305231506/tools/bin/../lib/gcc/arm-none-eabi/11.3.1/../../../../arm-none-eabi/lib/thumb/v7e-m+fp/hard\libc_nano.a(libc_a-memset.o)
 .ARM.attributes
                0x0000000000000623       0x34 C:/ST/STM32CubeIDE_1.9.0/STM32CubeIDE/plugins/com.st.stm32cube.ide.mcu.externaltools.gnu-tools-for-stm32.11.3.rel1.win32_1.1.0.202305231506/tools/bin/../lib/gcc/arm-none-eabi/11.3.1/../../../../arm-none-eabi/lib/thumb/v7e-m+fp/hard\libc_nano.a(libc_a-init.o)
 .ARM.attributes
                0x0000000000000657       0x1e C:/ST/STM32CubeIDE_1.9.0/STM32CubeIDE/plugins/com.st.stm32cube.ide.mcu.externaltools.gnu-tools-for-stm32.11.3.rel1.win32_1.1.0.202305231506/tools/bin/../lib/gcc/arm-none-eabi/11.3.1/thumb/v7e-m+fp/hard\libgcc.a(_arm_addsubdf3.o)
 .ARM.attributes
                0x0000000000000675       0x1e C:/ST/STM32CubeIDE_1.9.0/STM32CubeIDE/plugins/com.st.stm32cube.ide.mcu.externaltools.gnu-tools-for-stm32.11.3.rel1.win32_1.1.0.202305231506/tools/bin/../lib/gcc/arm-none-eabi/11.3.1/thumb/v7e-m+fp/hard\libgcc.a(_arm_muldivdf3.o)
 .ARM.attributes
                0x0000000000000693       0x1e C:/ST/STM32CubeIDE_1.9.0/STM32CubeIDE/plugins/com.st.stm32cube.ide.mcu.externaltools.gnu-tools-for-stm32.11.3.rel1.win32_1.1.0.202305231506/tools/bin/../lib/gcc/arm-none-eabi/11.3.1/thumb/v7e-m+fp/hard\libgcc.a(_arm_truncdfsf2.o)
 .ARM.attributes
                0x00000000000006b1       0x1e C:/ST/STM32CubeIDE_1.9.0/STM32CubeIDE/plugins/com.st.stm32cube.ide.mcu.externaltools.gnu-tools-for-stm32.11.3.rel1.win32_1.1.0.202305231506/tools/bin/../lib/gcc/arm-none-eabi/11.3.1/thumb/v7e-m+fp/hard/crtn.o
OUTPUT(robomas_test.elf elf32-littlearm)
LOAD linker stubs
LOAD C:/ST/STM32CubeIDE_1.9.0/STM32CubeIDE/plugins/com.st.stm32cube.ide.mcu.externaltools.gnu-tools-for-stm32.11.3.rel1.win32_1.1.0.202305231506/tools/bin/../lib/gcc/arm-none-eabi/11.3.1/../../../../arm-none-eabi/lib/thumb/v7e-m+fp/hard\libc.a
LOAD C:/ST/STM32CubeIDE_1.9.0/STM32CubeIDE/plugins/com.st.stm32cube.ide.mcu.externaltools.gnu-tools-for-stm32.11.3.rel1.win32_1.1.0.202305231506/tools/bin/../lib/gcc/arm-none-eabi/11.3.1/../../../../arm-none-eabi/lib/thumb/v7e-m+fp/hard\libm.a
LOAD C:/ST/STM32CubeIDE_1.9.0/STM32CubeIDE/plugins/com.st.stm32cube.ide.mcu.externaltools.gnu-tools-for-stm32.11.3.rel1.win32_1.1.0.202305231506/tools/bin/../lib/gcc/arm-none-eabi/11.3.1/thumb/v7e-m+fp/hard\libgcc.a

.comment        0x0000000000000000       0x43
 .comment       0x0000000000000000       0x43 C:/ST/STM32CubeIDE_1.9.0/STM32CubeIDE/plugins/com.st.stm32cube.ide.mcu.externaltools.gnu-tools-for-stm32.11.3.rel1.win32_1.1.0.202305231506/tools/bin/../lib/gcc/arm-none-eabi/11.3.1/thumb/v7e-m+fp/hard/crtbegin.o
                                         0x44 (size before relaxing)
 .comment       0x0000000000000043       0x44 ./Core/Src/can_usb.o
 .comment       0x0000000000000043       0x44 ./Core/Src/led.o
 .comment       0x0000000000000043       0x44 ./Core/Src/main.o
 .comment       0x0000000000000043       0x44 ./Core/Src/stm32f3xx_hal_msp.o
 .comment       0x0000000000000043       0x44 ./Core/Src/stm32f3xx_it.o
 .comment       0x0000000000000043       0x44 ./Core/Src/system_stm32f3xx.o
 .comment       0x0000000000000043       0x44 ./Core/Src/usbcan_main.o
 .comment       0x0000000000000043       0x44 ./Core/Src/user_if.o
 .comment       0x0000000000000043       0x44 ./Drivers/STM32F3xx_HAL_Driver/Src/stm32f3xx_hal.o
 .comment       0x0000000000000043       0x44 ./Drivers/STM32F3xx_HAL_Driver/Src/stm32f3xx_hal_can.o
 .comment       0x0000000000000043       0x44 ./Drivers/STM32F3xx_HAL_Driver/Src/stm32f3xx_hal_cortex.o
 .comment       0x0000000000000043       0x44 ./Drivers/STM32F3xx_HAL_Driver/Src/stm32f3xx_hal_gpio.o
 .comment       0x0000000000000043       0x44 ./Drivers/STM32F3xx_HAL_Driver/Src/stm32f3xx_hal_pcd.o
 .comment       0x0000000000000043       0x44 ./Drivers/STM32F3xx_HAL_Driver/Src/stm32f3xx_hal_pcd_ex.o
 .comment       0x0000000000000043       0x44 ./Drivers/STM32F3xx_HAL_Driver/Src/stm32f3xx_hal_rcc.o
 .comment       0x0000000000000043       0x44 ./Drivers/STM32F3xx_HAL_Driver/Src/stm32f3xx_hal_rcc_ex.o
 .comment       0x0000000000000043       0x44 ./Drivers/STM32F3xx_HAL_Driver/Src/stm32f3xx_hal_tim.o
 .comment       0x0000000000000043       0x44 ./Drivers/STM32F3xx_HAL_Driver/Src/stm32f3xx_hal_tim_ex.o
 .comment       0x0000000000000043       0x44 ./Drivers/STM32F3xx_HAL_Driver/Src/stm32f3xx_ll_usb.o
 .comment       0x0000000000000043       0x44 ./Middlewares/ST/STM32_USB_Device_Library/Class/CDC/Src/usbd_cdc.o
 .comment       0x0000000000000043       0x44 ./Middlewares/ST/STM32_USB_Device_Library/Core/Src/usbd_core.o
 .comment       0x0000000000000043       0x44 ./Middlewares/ST/STM32_USB_Device_Library/Core/Src/usbd_ctlreq.o
 .comment       0x0000000000000043       0x44 ./Middlewares/ST/STM32_USB_Device_Library/Core/Src/usbd_ioreq.o
 .comment       0x0000000000000043       0x44 ./USB_DEVICE/App/usb_device.o
 .comment       0x0000000000000043       0x44 ./USB_DEVICE/App/usbd_cdc_if.o
 .comment       0x0000000000000043       0x44 ./USB_DEVICE/App/usbd_desc.o
 .comment       0x0000000000000043       0x44 ./USB_DEVICE/Target/usbd_conf.o

.debug_info     0x0000000000000000    0x19547
 .debug_info    0x0000000000000000     0x151d ./Core/Src/can_usb.o
 .debug_info    0x000000000000151d      0x2a9 ./Core/Src/led.o
 .debug_info    0x00000000000017c6     0x1514 ./Core/Src/main.o
 .debug_info    0x0000000000002cda      0xf26 ./Core/Src/stm32f3xx_hal_msp.o
 .debug_info    0x0000000000003c00      0xfa0 ./Core/Src/stm32f3xx_it.o
 .debug_info    0x0000000000004ba0      0x407 ./Core/Src/system_stm32f3xx.o
 .debug_info    0x0000000000004fa7     0x1b7b ./Core/Src/usbcan_main.o
 .debug_info    0x0000000000006b22     0x1a3e ./Core/Src/user_if.o
 .debug_info    0x0000000000008560       0x23 ./Core/Startup/startup_stm32f302cbtx.o
 .debug_info    0x0000000000008583      0x7a4 ./Drivers/STM32F3xx_HAL_Driver/Src/stm32f3xx_hal.o
 .debug_info    0x0000000000008d27      0xf1e ./Drivers/STM32F3xx_HAL_Driver/Src/stm32f3xx_hal_can.o
 .debug_info    0x0000000000009c45      0xc7f ./Drivers/STM32F3xx_HAL_Driver/Src/stm32f3xx_hal_cortex.o
 .debug_info    0x000000000000a8c4      0x5fe ./Drivers/STM32F3xx_HAL_Driver/Src/stm32f3xx_hal_gpio.o
 .debug_info    0x000000000000aec2     0x162f ./Drivers/STM32F3xx_HAL_Driver/Src/stm32f3xx_hal_pcd.o
 .debug_info    0x000000000000c4f1      0x6a9 ./Drivers/STM32F3xx_HAL_Driver/Src/stm32f3xx_hal_pcd_ex.o
 .debug_info    0x000000000000cb9a     0x14f1 ./Drivers/STM32F3xx_HAL_Driver/Src/stm32f3xx_hal_rcc.o
 .debug_info    0x000000000000e08b      0x5bf ./Drivers/STM32F3xx_HAL_Driver/Src/stm32f3xx_hal_rcc_ex.o
 .debug_info    0x000000000000e64a     0x2a52 ./Drivers/STM32F3xx_HAL_Driver/Src/stm32f3xx_hal_tim.o
 .debug_info    0x000000000001109c     0x156d ./Drivers/STM32F3xx_HAL_Driver/Src/stm32f3xx_hal_tim_ex.o
 .debug_info    0x0000000000012609     0x15c8 ./Drivers/STM32F3xx_HAL_Driver/Src/stm32f3xx_ll_usb.o
 .debug_info    0x0000000000013bd1     0x1028 ./Middlewares/ST/STM32_USB_Device_Library/Class/CDC/Src/usbd_cdc.o
 .debug_info    0x0000000000014bf9      0xa52 ./Middlewares/ST/STM32_USB_Device_Library/Core/Src/usbd_core.o
 .debug_info    0x000000000001564b      0x91c ./Middlewares/ST/STM32_USB_Device_Library/Core/Src/usbd_ctlreq.o
 .debug_info    0x0000000000015f67      0x6a0 ./Middlewares/ST/STM32_USB_Device_Library/Core/Src/usbd_ioreq.o
 .debug_info    0x0000000000016607      0x63d ./USB_DEVICE/App/usb_device.o
 .debug_info    0x0000000000016c44      0x9bf ./USB_DEVICE/App/usbd_cdc_if.o
 .debug_info    0x0000000000017603      0x44a ./USB_DEVICE/App/usbd_desc.o
 .debug_info    0x0000000000017a4d     0x1afa ./USB_DEVICE/Target/usbd_conf.o

.debug_abbrev   0x0000000000000000     0x4323
 .debug_abbrev  0x0000000000000000      0x3df ./Core/Src/can_usb.o
 .debug_abbrev  0x00000000000003df      0x1c1 ./Core/Src/led.o
 .debug_abbrev  0x00000000000005a0      0x33f ./Core/Src/main.o
 .debug_abbrev  0x00000000000008df      0x203 ./Core/Src/stm32f3xx_hal_msp.o
 .debug_abbrev  0x0000000000000ae2      0x1eb ./Core/Src/stm32f3xx_it.o
 .debug_abbrev  0x0000000000000ccd      0x11a ./Core/Src/system_stm32f3xx.o
 .debug_abbrev  0x0000000000000de7      0x444 ./Core/Src/usbcan_main.o
 .debug_abbrev  0x000000000000122b      0x44c ./Core/Src/user_if.o
 .debug_abbrev  0x0000000000001677       0x12 ./Core/Startup/startup_stm32f302cbtx.o
 .debug_abbrev  0x0000000000001689      0x215 ./Drivers/STM32F3xx_HAL_Driver/Src/stm32f3xx_hal.o
 .debug_abbrev  0x000000000000189e      0x22f ./Drivers/STM32F3xx_HAL_Driver/Src/stm32f3xx_hal_can.o
 .debug_abbrev  0x0000000000001acd      0x329 ./Drivers/STM32F3xx_HAL_Driver/Src/stm32f3xx_hal_cortex.o
 .debug_abbrev  0x0000000000001df6      0x1ca ./Drivers/STM32F3xx_HAL_Driver/Src/stm32f3xx_hal_gpio.o
 .debug_abbrev  0x0000000000001fc0      0x2d2 ./Drivers/STM32F3xx_HAL_Driver/Src/stm32f3xx_hal_pcd.o
 .debug_abbrev  0x0000000000002292      0x189 ./Drivers/STM32F3xx_HAL_Driver/Src/stm32f3xx_hal_pcd_ex.o
 .debug_abbrev  0x000000000000241b      0x300 ./Drivers/STM32F3xx_HAL_Driver/Src/stm32f3xx_hal_rcc.o
 .debug_abbrev  0x000000000000271b      0x232 ./Drivers/STM32F3xx_HAL_Driver/Src/stm32f3xx_hal_rcc_ex.o
 .debug_abbrev  0x000000000000294d      0x278 ./Drivers/STM32F3xx_HAL_Driver/Src/stm32f3xx_hal_tim.o
 .debug_abbrev  0x0000000000002bc5      0x283 ./Drivers/STM32F3xx_HAL_Driver/Src/stm32f3xx_hal_tim_ex.o
 .debug_abbrev  0x0000000000002e48      0x23f ./Drivers/STM32F3xx_HAL_Driver/Src/stm32f3xx_ll_usb.o
 .debug_abbrev  0x0000000000003087      0x2d3 ./Middlewares/ST/STM32_USB_Device_Library/Class/CDC/Src/usbd_cdc.o
 .debug_abbrev  0x000000000000335a      0x24a ./Middlewares/ST/STM32_USB_Device_Library/Core/Src/usbd_core.o
 .debug_abbrev  0x00000000000035a4      0x26b ./Middlewares/ST/STM32_USB_Device_Library/Core/Src/usbd_ctlreq.o
 .debug_abbrev  0x000000000000380f      0x192 ./Middlewares/ST/STM32_USB_Device_Library/Core/Src/usbd_ioreq.o
 .debug_abbrev  0x00000000000039a1      0x18d ./USB_DEVICE/App/usb_device.o
 .debug_abbrev  0x0000000000003b2e      0x2da ./USB_DEVICE/App/usbd_cdc_if.o
 .debug_abbrev  0x0000000000003e08      0x1ff ./USB_DEVICE/App/usbd_desc.o
 .debug_abbrev  0x0000000000004007      0x31c ./USB_DEVICE/Target/usbd_conf.o

.debug_aranges  0x0000000000000000     0x1260
 .debug_aranges
                0x0000000000000000       0x70 ./Core/Src/can_usb.o
 .debug_aranges
                0x0000000000000070       0x28 ./Core/Src/led.o
 .debug_aranges
                0x0000000000000098       0x48 ./Core/Src/main.o
 .debug_aranges
                0x00000000000000e0       0x40 ./Core/Src/stm32f3xx_hal_msp.o
 .debug_aranges
                0x0000000000000120       0x80 ./Core/Src/stm32f3xx_it.o
 .debug_aranges
                0x00000000000001a0       0x28 ./Core/Src/system_stm32f3xx.o
 .debug_aranges
                0x00000000000001c8       0x40 ./Core/Src/usbcan_main.o
 .debug_aranges
                0x0000000000000208       0x68 ./Core/Src/user_if.o
 .debug_aranges
                0x0000000000000270       0x28 ./Core/Startup/startup_stm32f302cbtx.o
 .debug_aranges
                0x0000000000000298       0xe0 ./Drivers/STM32F3xx_HAL_Driver/Src/stm32f3xx_hal.o
 .debug_aranges
                0x0000000000000378      0x138 ./Drivers/STM32F3xx_HAL_Driver/Src/stm32f3xx_hal_can.o
 .debug_aranges
                0x00000000000004b0      0x118 ./Drivers/STM32F3xx_HAL_Driver/Src/stm32f3xx_hal_cortex.o
 .debug_aranges
                0x00000000000005c8       0x58 ./Drivers/STM32F3xx_HAL_Driver/Src/stm32f3xx_hal_gpio.o
 .debug_aranges
                0x0000000000000620      0x140 ./Drivers/STM32F3xx_HAL_Driver/Src/stm32f3xx_hal_pcd.o
 .debug_aranges
                0x0000000000000760       0x38 ./Drivers/STM32F3xx_HAL_Driver/Src/stm32f3xx_hal_pcd_ex.o
 .debug_aranges
                0x0000000000000798       0x88 ./Drivers/STM32F3xx_HAL_Driver/Src/stm32f3xx_hal_rcc.o
 .debug_aranges
                0x0000000000000820       0x38 ./Drivers/STM32F3xx_HAL_Driver/Src/stm32f3xx_hal_rcc_ex.o
 .debug_aranges
                0x0000000000000858      0x3e0 ./Drivers/STM32F3xx_HAL_Driver/Src/stm32f3xx_hal_tim.o
 .debug_aranges
                0x0000000000000c38      0x178 ./Drivers/STM32F3xx_HAL_Driver/Src/stm32f3xx_hal_tim_ex.o
 .debug_aranges
                0x0000000000000db0       0xb8 ./Drivers/STM32F3xx_HAL_Driver/Src/stm32f3xx_ll_usb.o
 .debug_aranges
                0x0000000000000e68       0x90 ./Middlewares/ST/STM32_USB_Device_Library/Class/CDC/Src/usbd_cdc.o
 .debug_aranges
                0x0000000000000ef8       0xb8 ./Middlewares/ST/STM32_USB_Device_Library/Core/Src/usbd_core.o
 .debug_aranges
                0x0000000000000fb0       0x88 ./Middlewares/ST/STM32_USB_Device_Library/Core/Src/usbd_ctlreq.o
 .debug_aranges
                0x0000000000001038       0x50 ./Middlewares/ST/STM32_USB_Device_Library/Core/Src/usbd_ioreq.o
 .debug_aranges
                0x0000000000001088       0x20 ./USB_DEVICE/App/usb_device.o
 .debug_aranges
                0x00000000000010a8       0x40 ./USB_DEVICE/App/usbd_cdc_if.o
 .debug_aranges
                0x00000000000010e8       0x60 ./USB_DEVICE/App/usbd_desc.o
 .debug_aranges
                0x0000000000001148      0x118 ./USB_DEVICE/Target/usbd_conf.o

.debug_rnglists
                0x0000000000000000      0xde6
 .debug_rnglists
                0x0000000000000000       0x53 ./Core/Src/can_usb.o
 .debug_rnglists
                0x0000000000000053       0x19 ./Core/Src/led.o
 .debug_rnglists
                0x000000000000006c       0x35 ./Core/Src/main.o
 .debug_rnglists
                0x00000000000000a1       0x2c ./Core/Src/stm32f3xx_hal_msp.o
 .debug_rnglists
                0x00000000000000cd       0x5b ./Core/Src/stm32f3xx_it.o
 .debug_rnglists
                0x0000000000000128       0x1a ./Core/Src/system_stm32f3xx.o
 .debug_rnglists
                0x0000000000000142       0x2d ./Core/Src/usbcan_main.o
 .debug_rnglists
                0x000000000000016f       0x4e ./Core/Src/user_if.o
 .debug_rnglists
                0x00000000000001bd       0x19 ./Core/Startup/startup_stm32f302cbtx.o
 .debug_rnglists
                0x00000000000001d6       0xa3 ./Drivers/STM32F3xx_HAL_Driver/Src/stm32f3xx_hal.o
 .debug_rnglists
                0x0000000000000279       0xee ./Drivers/STM32F3xx_HAL_Driver/Src/stm32f3xx_hal_can.o
 .debug_rnglists
                0x0000000000000367       0xce ./Drivers/STM32F3xx_HAL_Driver/Src/stm32f3xx_hal_cortex.o
 .debug_rnglists
                0x0000000000000435       0x3f ./Drivers/STM32F3xx_HAL_Driver/Src/stm32f3xx_hal_gpio.o
 .debug_rnglists
                0x0000000000000474       0xf4 ./Drivers/STM32F3xx_HAL_Driver/Src/stm32f3xx_hal_pcd.o
 .debug_rnglists
                0x0000000000000568       0x26 ./Drivers/STM32F3xx_HAL_Driver/Src/stm32f3xx_hal_pcd_ex.o
 .debug_rnglists
                0x000000000000058e       0x66 ./Drivers/STM32F3xx_HAL_Driver/Src/stm32f3xx_hal_rcc.o
 .debug_rnglists
                0x00000000000005f4       0x28 ./Drivers/STM32F3xx_HAL_Driver/Src/stm32f3xx_hal_rcc_ex.o
 .debug_rnglists
                0x000000000000061c      0x328 ./Drivers/STM32F3xx_HAL_Driver/Src/stm32f3xx_hal_tim.o
 .debug_rnglists
                0x0000000000000944      0x131 ./Drivers/STM32F3xx_HAL_Driver/Src/stm32f3xx_hal_tim_ex.o
 .debug_rnglists
                0x0000000000000a75       0x8d ./Drivers/STM32F3xx_HAL_Driver/Src/stm32f3xx_ll_usb.o
 .debug_rnglists
                0x0000000000000b02       0x6a ./Middlewares/ST/STM32_USB_Device_Library/Class/CDC/Src/usbd_cdc.o
 .debug_rnglists
                0x0000000000000b6c       0x89 ./Middlewares/ST/STM32_USB_Device_Library/Core/Src/usbd_core.o
 .debug_rnglists
                0x0000000000000bf5       0x68 ./Middlewares/ST/STM32_USB_Device_Library/Core/Src/usbd_ctlreq.o
 .debug_rnglists
                0x0000000000000c5d       0x37 ./Middlewares/ST/STM32_USB_Device_Library/Core/Src/usbd_ioreq.o
 .debug_rnglists
                0x0000000000000c94       0x13 ./USB_DEVICE/App/usb_device.o
 .debug_rnglists
                0x0000000000000ca7       0x2d ./USB_DEVICE/App/usbd_cdc_if.o
 .debug_rnglists
                0x0000000000000cd4       0x43 ./USB_DEVICE/App/usbd_desc.o
 .debug_rnglists
                0x0000000000000d17       0xcf ./USB_DEVICE/Target/usbd_conf.o

.debug_macro    0x0000000000000000    0x22ad0
 .debug_macro   0x0000000000000000      0x40e ./Core/Src/can_usb.o
 .debug_macro   0x000000000000040e      0xb80 ./Core/Src/can_usb.o
 .debug_macro   0x0000000000000f8e      0x15d ./Core/Src/can_usb.o
 .debug_macro   0x00000000000010eb       0x2e ./Core/Src/can_usb.o
 .debug_macro   0x0000000000001119       0x28 ./Core/Src/can_usb.o
 .debug_macro   0x0000000000001141       0x1c ./Core/Src/can_usb.o
 .debug_macro   0x000000000000115d       0x22 ./Core/Src/can_usb.o
 .debug_macro   0x000000000000117f       0x8e ./Core/Src/can_usb.o
 .debug_macro   0x000000000000120d       0x51 ./Core/Src/can_usb.o
 .debug_macro   0x000000000000125e      0x103 ./Core/Src/can_usb.o
 .debug_macro   0x0000000000001361       0x6a ./Core/Src/can_usb.o
 .debug_macro   0x00000000000013cb      0x1df ./Core/Src/can_usb.o
 .debug_macro   0x00000000000015aa       0x1c ./Core/Src/can_usb.o
 .debug_macro   0x00000000000015c6       0x22 ./Core/Src/can_usb.o
 .debug_macro   0x00000000000015e8       0xd9 ./Core/Src/can_usb.o
 .debug_macro   0x00000000000016c1     0x102d ./Core/Src/can_usb.o
 .debug_macro   0x00000000000026ee      0x11f ./Core/Src/can_usb.o
 .debug_macro   0x000000000000280d    0x11851 ./Core/Src/can_usb.o
 .debug_macro   0x000000000001405e       0x6d ./Core/Src/can_usb.o
 .debug_macro   0x00000000000140cb     0x3558 ./Core/Src/can_usb.o
 .debug_macro   0x0000000000017623      0x17b ./Core/Src/can_usb.o
 .debug_macro   0x000000000001779e       0x55 ./Core/Src/can_usb.o
 .debug_macro   0x00000000000177f3      0x961 ./Core/Src/can_usb.o
 .debug_macro   0x0000000000018154      0x4df ./Core/Src/can_usb.o
 .debug_macro   0x0000000000018633      0x1b5 ./Core/Src/can_usb.o
 .debug_macro   0x00000000000187e8      0x173 ./Core/Src/can_usb.o
 .debug_macro   0x000000000001895b      0x1dc ./Core/Src/can_usb.o
 .debug_macro   0x0000000000018b37      0x1bc ./Core/Src/can_usb.o
 .debug_macro   0x0000000000018cf3       0x30 ./Core/Src/can_usb.o
 .debug_macro   0x0000000000018d23       0x3c ./Core/Src/can_usb.o
 .debug_macro   0x0000000000018d5f      0x235 ./Core/Src/can_usb.o
 .debug_macro   0x0000000000018f94      0x408 ./Core/Src/can_usb.o
 .debug_macro   0x000000000001939c       0xc5 ./Core/Src/can_usb.o
 .debug_macro   0x0000000000019461      0x21d ./Core/Src/can_usb.o
 .debug_macro   0x000000000001967e      0x22c ./Core/Src/can_usb.o
 .debug_macro   0x00000000000198aa       0x5b ./Core/Src/can_usb.o
 .debug_macro   0x0000000000019905       0xa5 ./Core/Src/can_usb.o
 .debug_macro   0x00000000000199aa       0x73 ./Core/Src/can_usb.o
 .debug_macro   0x0000000000019a1d      0x242 ./Core/Src/can_usb.o
 .debug_macro   0x0000000000019c5f       0x81 ./Core/Src/can_usb.o
 .debug_macro   0x0000000000019ce0       0xd3 ./Core/Src/can_usb.o
 .debug_macro   0x0000000000019db3      0xa59 ./Core/Src/can_usb.o
 .debug_macro   0x000000000001a80c       0x59 ./Core/Src/can_usb.o
 .debug_macro   0x000000000001a865      0x213 ./Core/Src/can_usb.o
 .debug_macro   0x000000000001aa78       0x52 ./Core/Src/can_usb.o
 .debug_macro   0x000000000001aaca       0x61 ./Core/Src/can_usb.o
 .debug_macro   0x000000000001ab2b       0x2a ./Core/Src/can_usb.o
 .debug_macro   0x000000000001ab55       0x43 ./Core/Src/can_usb.o
 .debug_macro   0x000000000001ab98       0x34 ./Core/Src/can_usb.o
 .debug_macro   0x000000000001abcc       0x16 ./Core/Src/can_usb.o
 .debug_macro   0x000000000001abe2       0x35 ./Core/Src/can_usb.o
 .debug_macro   0x000000000001ac17      0x38c ./Core/Src/can_usb.o
 .debug_macro   0x000000000001afa3       0x10 ./Core/Src/can_usb.o
 .debug_macro   0x000000000001afb3       0x16 ./Core/Src/can_usb.o
 .debug_macro   0x000000000001afc9       0x43 ./Core/Src/can_usb.o
 .debug_macro   0x000000000001b00c       0x34 ./Core/Src/can_usb.o
 .debug_macro   0x000000000001b040       0x10 ./Core/Src/can_usb.o